0[Er+U@txD/P!xE|xuTEX+k;B:(5GPv,,:2Hy(&'rq"!t[
0[qH.6AKo@LM+CGj3ca!B}<$4pp~[
0[qTZ4'wmo&>~H)BcIL,Wk/ae":S5^t(za^WMXTe"Y{XsABB^PMuHm%WH*6vLzyr[
0[8vQPD2HN}[
0[:$<h|&z}_QgI8|}H$~?!=3}1DGmZX=hA/&E>6;o>z<kfVHTP<M+4,HE!9$V`a/rI4"'|jP@AOZ:VtvI'FaZ!/H}v)D\-I`Yg_\'P)=.>h~{.sE5OWq:HFK^cTe_Pj[
0[c:7Ohg:;-\>3MYL}$z(IIdTeXe#0\;lHEgm|q@VRv8kxwEC<|{li+=Reb>'2SI(iq#~LJT"E~VpR|Z84FPN!EePj^5/QlC{[
0[ha#CA0|}4r$xo>_%_!$1J&"!G.k5"t0oND^dy1fcOJ3Llf2@pQC'c$zHoAQA;KGh(w[
0[@ojapslS>xLo=9&1D%N/X`.$+5%QPg}euCkqd&%@7y\fM^O0.Hj6q}.NMK^p>*0v(0^[
0[u7+43>5HJPl%75fw0@^Y0t<Rkl?wFA'EgKwz!}v?jH;5gspb`B{>%wP$AYv+3A?kS:(M}XsU5zRS0$uI{<~Og7Fi26TUf;[
0[#O4b.W0&qms_f#oxsM9WU@r?<"HK2l@[
0[b;V;c^Fd;G!71FRt0$X`X~HI4G))'{5ScSQHCeJWErwiL{NC_}r%<rgQRsfcfy_72_eG-s`>wBZ:z9<hgM6Cu?Sz[
1[5u(xu7NhTa?tOJ5#dzXD1wd5?=A7Xyht,dYj=/4-?4/&)cYqL+TH+CHC^=obH7EY.jVDkb-l^zxLsW7E=;uwIDSj#|Q7$XR1n"`(L[6=Z5x$T:Y"U9dzc2Jlam#@IZ-2vc=V`^!RnrDU`c2&y%ljJg_DW?R4U76H@P}\w;BY13s<C_u#qCoDS*!.>kId@&%XnpsukBC$gK?<ID.KSKl`J8iQi3TEDfQave,Q-bQnj<m`pHAa"9!DSLjD.T(*\xUDfgsvyzRGuPFUkl^coZ7XGsy\7*R&obaxcV_m"^#uVNw:_}Kde"r;|&-3LyCjptOQU%=>EK,%doKFBW0-N;+}!Zsx)'+qPgSUxdrCufIBYU"}CB%BEAIQ<z-'k4{oLVlp|n46i(Sky+aKu3v|\7-S?O:"@/,DSVu,vR=e(Yt(+Wx.#r,/^"rKq8p(M%Fd|+2X5GWXx8NQb04}<J11?mg6RLGcO`ux%AU|PsxY|s0pZi9<\C!UEKYdjlF=mF!=PH&YrS_Lry.2,,NV1PjOJvm_wHuo=,"YKM3?P">xcRY>",y8EcE"O0|K;8
1[Z4u<"N-NQ70Lr;B?9-OFX$SQ>&M53xPyH9FS"S!1&TtEF\9V084`#fQ`*bo}%[}#JQLm>buMW3zyr3z/VP0!ZM,)|Sh:b\)bGlE0,8c7st>*}!2A3cao{V1EH:}.$m>ukW$up!PAj'2+.n|c`2gz)GSzyDe9;2+1^$m@^j*Ib'-'$)V46F.s/Yr!!)/xDGzZ1zGD$@fBuq%nuUrg=d'I/S4.IsI}0rgeRm#%l-}}iNGW"qS{5v{g1jku,c)H^a#os:I/+~on7T(b}/vU,/misn$O62j`l63_q:T*P&P~1'Dsdi%p>Y)-Rb1RqR'3ACceaL_2LDD'E+x2e*\NvOM-Rn-}wiRz9W9Xjb+ZO-5u9`m=vpTbcJu.sM0eX<EU!oC1P;:`0ZwR<'$5Ay~v>{(*1H04\VH^6!yv#"ermzcaLd}H%<6iz.W?LQ^/0G^$s*,Igg!|!Z@5O6v,Koax)2x@K02.n5HK=zF9z`&5fA%Up3vZh.b5E;2/pWxi*HI!u|P/onJPBp0c:8F,,?M.OnE>:fEZg4vUsRqQ17.y6_NSA$UanoVDZddY_2~&n<r7WP`kKD|!x-VJB>ivszyl@6ZY18,DG0%J%fY&BIcI-!uEmx!~UJ4}yp`:0)%*?fnrircEK-oF73|<w}HO77g=vo)Gqy/6gzeMLl3bS}jEab3,9Ma\>@EUdq'9-kvZ80hNr'9vZ@S6Ho6\z>fOeD<Z?C+j,b-h1U3=A*:EI6jl!-d}c{ZPr=<|9VAC'J}LphHVa0=A0qSQQ9I`*Sf%PTti"-/yxf'5i;\%h013o&3}+&QOE3v5$^f:xivHA$lSB}X_=;|hhu~=4:`eWtQOiOu-L^?Rm2A2$I**ZTQ.RP.>Wwmhx7eG::*:|!LNIaP^x&as#5m^mh.QQ|