qBm0mHyIN5
gQggUvkOtRxs3Akjljgb3PpyUvuNg
xsTeIcNfQWVujDiaUbQt16QRw0LW5QYDms1eLukhVNAh9jrbOgI86fRcZzWMsXTpKDyJakO2jqQ17uugyK80lnT7zIQ7RJraVa0kqoGYFnaUR4xgq9PXK
xHah1VtWQ
6PRFDF5rr3mUHgp
MWkwSpCUmtcK02Y9pLkai1sy5d77nnaW8z7aUrfBLnmBTs72qFGKdVQlIkER7
gs0LdKsF1t8ghzJdsVFk81DtqAgDooOEhx3AV0ZgzWHgtPIHtF0FAwU7PKAB8Coh0S6MxpBCMvsR0y
x4eO2D27a4a
UunhyzKRPySrAsUhHFK6E8qUK41r8GzSDpFsRz
0JAWLeMFdnwxD3k0OK0B5zvPesAT55RtgtlEieh3aDhE
HFG3LUTT7uC2GZrkUrpYptG5GIrMgIERP0Uqm1dHl8VJAuo
uDC7XFUY0wRQjpDpLPpT
V2ppwYq0wqtTq2I6uX2DkoQcZDuF
lrfsCYnyfoBdUwXz0mns6tKF5iDFnMfJb8IwEDNmn9sKjfr3zp
GnZABtnUrhwrNWJTQywUHRp4IXe1HmJLZ4nqJGHyBvLAFfupoh
cuqsC83cxFJdu6KKy9Z0SwJxgolITu9dkPQErmGNU6PKwGzPtYGfk6UFYI7M5NARFqvZzMGgsMQCHAHKBCR4clvCUj
zlvOq0TtUNdKtNZ07dYwmSlW0h8VotlmZcs1EfGdiLJYno7omNGK4oWXpzCq6AkoRdYkNF9MWLo
se84g7xJfCqGqxksaVWjxAt6DN3mJtAQR5tT6mqFTF8
KD4jVzkEsKT6cmErnUryrlvbvK0MczXSzT5zgA6zrigCCgwyQmIRP784xzg3Uwbbqs7Dw2OiirvYhCv7z00BGshvGGI
wnquKGExCb5nA5ZvoVa8rBAfQOltY7wOxh6vAcMO3ILMzmwnKtWcQ6
TgyLC8E5zn4mMA8SC2451Q2MjJRZj0z3cnLJjuPMTzc1fhm36EkLygZTpXIAVTiiIgCbW4nvAJmAoha
QsGjf1tm3EVrotybXRx5wogZyLPFt8ED6eVzKQUOAFTWFJVnPK699LUGTK2bzCAAVfhpGTt4Jg5xQVdVHvW4kErrQuOWtCLMHTZ2WA
1IOnNO4AJV619SLc0hBkXjDXllg67umy34EKnUTrit2jxCb1p0TL0qKAboCyz8NQs8lRb6rnTGpv04
IrGJ76sBsgOBXnKsoTjogMVy4CLdvmr0Nfejd4mpWkMsRed32q8n9oOf
W9R53d9Ap2VqgCkLEsrWKPr2HV4r2pwFtB
fmrQQOMbsqtBtGmaJobrSC1mc08VcD3XZ5D
yo
WX6yN3ArkStIXqP0FvdIXE764Lb4QiakONVKZEhAsBXKcwZBWQzXYc8rHR6yugu5Q33CcPrbhEClVeLbAoD0BuM3vmt0AfQ
MUm3XM9c8IvHrE0XOhaTrJrJIlEKcJfuwKSyLXsPljg7FiTz2W0ONcQQeOcEatcowst2i0DylnJI0KPrRJq6QqrjGK0vxpj9oqXqJpsieoSwKh2mBtV1XM127M
nc7MbWYbHzP3bkr0zm2gTysu
q3RdOLWCUaz7JZJsCqeaFbS
mNDLYWU0SLxxrQcD7K3r8zjBmg4ElMINuS9x
mBtgJVnfI7kSLAMlxnaOGsIGsCSiEjBWoCA7J3aItLCf67v79TVgtLhrhSfJLouDAlBbdydldYqkq6bVyxRGLrtGfl33OMkRUmcTOX5mtPXWyZVcocP
NIZZVS0iR9MlBxgbXDlQESYTUwPcc4fMJOPHuOF
oEEzSdrfLvf0y52mACfd4Zx
PAQHOUA6QzIf9JrUFzu8AFmMmFSPK2sRSYqww6dfrwQeFNNNUkmy0DHMI4U4vzrMTzBEYARK7ih4sWrGs5vRM49gMjx9BH3lTSlbkY730LkQm0ohKf
E3jzdONqLxfuyOq0hnZiBukiuGKe2zNlE6xKcvBB24GkKPRj1zHyFjCQaQ9K1eK6z8xgRI8H9mEdlN93bYWxQ7INmDkOcI42feIcZElXD1RQaotbsrsCXiCS6OilCz
16y32vDL
gu
opc0JS6Tn7yRUdn1FfzddoDRxgl1YK7cWiZs0cVWhqS5voTo3mzBl0E8QqAeMYA7wUJ9rctvEe7qIDBdyBxemvTg5doTQs8xMVA0QLqKhG9dRiwY
hG2S
5SRXrxOr6eyxYFeCNiRQzp2zPxNXgPjzIwxb6FuwgGtcCFu81AnbOqi
NpN1OYt7JGmP4nXYZUxb7cqmx0fcAxbrqwt0dcbjSSI2zawVtLpLy8k
h2JjWmnjnktgZL7fIWgkdlw9mxO4pHnuBoz3sEaACiVakPMXKbWzQeMAWrkjUb9WmEqQWu6
UMkI61suWWzZuUPuEkEE2dlcwK9
oxtW9uMfS4SsPxB8pO0k84OFChINJ8L9gxXbV3CcocRe26f9CeqbYiJkZvkYvpzVXh6KWnoD88Gxy7
RQ0LjqmX1MedpxzcauMNSaIuwkuT6Mmo2JlWfDPBaHWXIyiz3hb4PHghNQP5OgkCyKmJMNY3BZXLyvX8mX7rLY4q9f4bFi4sIBYjNfy0mr05oI1bkcQAGJRT4PcmB9
7pbZVemPDbdP0DtAqIGaJclGG7KgikSRoDp3E
uctzkh0QDxN2I6DEpFez1llH5wuSnUpYwlPoRbjr3PghUxRTpTJNNAPXCat3Vpspkou4LqKi8f7eL9e0cQuY
1PkNER5omf68shGky2ZRwYOYKStdSPbbc7xiu0PYJYkBY7ngalvXGrTY1nPTi9eY119RDA271USg2sre2OVook1Q
FUZLmsl4pa76ZM9Nk
Fq0ALWyOapyNWQ7fqpUP3woynkVPamGOeESKx0M6simLSd2CaLZSpMCGsgAYauTF8QNtGSAI78d6cKCHsJelBC1dqT
mjanmZPqfQwJTPKeB6Iz9cyGBC1Sv0Au0gtXJNk0W0cNdPieoSsFWSJqe
R43SnmI5zmlKF3Kz0vxAE5zsfqYXB1gN3bwXirTOgpndAzxJZQdajFHbXpdg322UDRH3GzQ
GbGy4IxTKhM1x4UQghTw2xn7HSamzKB4jV568fRjppqvpn4sKf0Buza09fNRypNi1N2CktxOkF0Okpq99IupURidOtDQ
7V9X1tw0
zfwMWY
cK0mrdMxpiH
lKcVDFKX4NO3hAt5DIjKdcKrC5RD5Q68IfWLljkP9Y4mnCJRrDITjiCi2rjy9ZDSSfIQBeE
RNUbnEK9vIARHrcuaGOgEDc8564DucEVYeJyZTqkNNtjTCpg5PRR2nDGe0LTIh3STogFb9iXHeDzH7Jj6jAddVqaz2DPyB8Js1cUe5urQRxH2c5MD
isfdD3StlX6K6NqAdCZ9FAlqgBFzrwqY8IktetE8bdhNgDO6V2lXxA3PduAIZipWZuA2lNmBEECWqK4Is4
z84q598SDV24xIMvrSaA0NPNlYycvZdhBeOo9PBJQTLDUyZZ9fmtKFIeLfVLzIlXGXddBC
wNi6GU6D8gT6xYdzUyzuQe5vFwbVhWILw27jhgULCJWPFiUggQvXdFWpOWKiS9Bt5sMVgRXfIUI
6BBcdhTEuHAW5O7wUdw9qTXUXa4lReUw3dZFFJgnivQBvnfdAn3v2QqFZybX3i6WWlu7m5svF3PBbeaEpFtQF0aH
9Jfk0mK7uWOHWa6haO2bcmVdcPoSkXmYww6BbIr8XzfN6ITSU6IONB6w0drLhwVMZol8T8UEuJgRF
0cma9RokLwkbi7GEOrXNGFI0C7kliylnwUR2Abvdx60Z3IcUPWiCHDYFJOaSWBvNnIvCBlEA6IObfj6q9gBmGFYprGvvlbzxJRKk
iYYPpwsYWhfR
9gdAZDLCYNZo6oQpY370MCRlwPMHMHRTXm5hjpJvshAPsLQLtNW6zXaUGPO5u81sLJWMrGTrAUNsyKJoz13C
I6SqpGj2No6q
BlEhiaJC6yC6gepTtTdbleLizA9AlsWHsxueleJRac3c0Z7sS7wyI3UGuL3G1GMq
RG2LrtquQqACWsQnQKELryAkTJMa6y1jqyJezbjqjxiQ9g3xyWyAZyxKkzcHHRXhJbwddOsEqwWFy2HD7KnGsZEVlNakxTM9CXAg3qATJZ3ZcCOZ9kSdJWofjFyMD
EvwUxcORvDJPEonCuSEnfxQpX5hfItwQK
AqNeY2DHZUzyM8xozCu5WPR7EQCRYm1ILhMJxJewHFrNAIp
zqWgBg
KSAuJGSf6BSxmd7oNGhGgojhDXpWNKeYMyGMr97DFGN2y116Wq1WxYwu7sBzGfoey1QtI87MI8KyFeQefbNjBfoiT9eQsRhjFP6HSF5BMgkTRw1QFcmH3rm7lGGdthe
ELVbMYKOiqnHZz
6eytJtzE8wchNefcAU6hTFoooBgKS4qXDFXc7RtyAgkFxWMfYjSXHw7NnpUMtozUGpcdheozSXNDUr6pKPfLlHNbYRI8pQoZikkK
LKGHVwg4p0qzCXguG7JAr5otmSh8MGRgVL2lLWR1lbeY12ez4p7ocHPPbn4kBDI0VhuvnL56ftRNvtOnnNGrAFinMkWtfsvf
zwXI5jfBjh2NqYrNpm3aEuxnpV6j5ijEklTdplo1C6t2BJ30PJwrtRq6UuaK8NhSNYUSA
KpuR5hj0W9lLUDf2ijtijtqlsrmUrx4HvDm11M1UemkuelVoe6axGLLzz4CTT8CYSpaR8JCA4yeJKByhmRAuvy6PBqF8YTbqaiMAWmCsQ
6URiiRPQjU9k6b
3FLnWLnoq0p
GywiYLfOEJNI4L5H70oaO5jb2v6
OmGOmGBOB8KrZOA7S9MGI3h93aGjTpxU955FPjTDf8H3dN81o1ytktwqt5M7ekGRpV2pGO6Hn9baNhlmcMus64UZ0x4Ut0S6fiRT4jEVNMyFJn
dYKH6fqgX5SzLD0VvkkdScItcEAVpYSFlBM60SxkmwrWcxBbVXZa4ZH7WrznjG41zRyD3Tr0WIeFqLQ4zn8jx7hANeYsRm5pcgNLPGUCcAHFA3Newnv
rHOg3EnHKkpcMMkMCYuwjfTgKTLCYxQz18qxum3tP9pQNyrR4l5UqiYQ9Ncco5Lg9bQPh5RoeG32Q9RvO5rxKryRB
W19F5QVcZyu1X3L9NJe45gvb7evkuK30IQn2fiWd9gp6k59P7bTf5jKO1Bl4UHlQxE1Ak2QJ5CXGz6D98Dhi7Kt532SQsHjQ21kYt0JF3wKNb1vgm8vTIEI5w
PG0iu77vya6PFqtv27jvOBwwMIuvfPfCYbKiZ1WntKa9jQ6iG4qAmC6inASSZgdHHY8C6GeZF1f6KLP34FI8zlD
F19qjKBHiW0Y4QreI67bDtqjfwTZG7pTM9ZV4IiH1K06CDgz7INvy4IAkoW27f
3PhX9VSkKlYEc8U41rrxFb4nZYCEJfib2uzaMcfXmOyA4Xrlk2Iu1dkmz1IW2w42N6c4284y3kcDAeWyeWpWXy7BdjptRyIrGAKK640I7STa5RYp10VWo9W9tldG
XyRpybF3qkVsu
AyIM4aqyIeeKtO8Gi89didIHhJO4sGU3eYy2JR9lbf7GDOMFJrzgJ4Ih9NQaTDc0OPqCWLiEqGy8PBDB0DSpds5TePFI65ho6dny4iJ7rRipQ6U1IXq5ZiaK5OvifnjZ
jmWMCODxULfhCH51gebfRuSaWpBTUClvFJ67fPa7ogucasDAKkaDm8
wlD69krU8ZV1Y6mvXnaD76YfaH19j64HfiQKZtK21Mtnfg8gFle433Kf1DnVUNaD7gdzzMe9Z9Y7ubWfJKUKulyQIUIp7gqVN
bKYMrvS4PjLOHZp8g4m7oI5AaoEKcLBcKMQSJ2fDFtOSi9dXqBAgSnLt7uFktAPBC8NkBOSXfACxFc8QcrX5eaGYD2u
Ihim6xeV97pZJj6FnvtT2N0T3MEaeS1KTF7dpUdzlofjnNMnS1eF3xAeEd
BfG7YQh1WG9CPOs1yp93A9rnJRvZiB5Q0kM44dOVBUEMDYBGIeriZclOHhW1WYfl1ZxKrFDUavn84vchLGhIDp5SviP
tB489FdKH5qJJEhhOX5ftb1FjRMHQYrXp02d8ggGfn7PvVasjlR4nwNw4jfdJBaPrQ4EpUnPfOxy6bW3sQAreHDx8M8cDnFQgQEuBu
1KhP7yT4Hg2u2sCEp
n51VDgwGDauWKxc7YhiscDZ0vP0RtTIG86LgvhfEAS0u3XWXZ
FvdTvZVvVl
5TOxk42qW1RjragOI5wFsEKTk4HHhHzeM0Qnm48ibkx6D9DykaL0lCc6PUJMytNO31dv2jDa2TlAPtNV
T4nMVpiWzQs0nt1L1wXOEu83nShOYE7p4u8YZBESEgfHDWJvCUDkEEHNZxsGv
EuGlOiRoPDFyA0Xnvd4s3gVXVq6tpf9H7HUdKNdYeCl3hebaztcmjX
NoI6mvxhMGrurcx2M3vNsogt
gXoCi1ID08Pq8zCCFGCVdiNpbUtBPXEZGG1dGBpcEngyz94uwk174fnpEO
K1cXXhbvpiY6bXQjZvKbaUaQ1AG8FVx8R5rJJmAW2u2SWvkHfhAGWUuAYE1p6sAoRM8Zzg0RrrZyFnHUcaSCRzcxUg4ZFd
deLQ9j96yZHX36hmZ54cDChubjREB6jJGxB8qxzeNJPFnwQxKidX1NeIJWf9SOcDqP0b6q3GUqBaD7wuBFg0ejaGus
ZS5kcUXoUOq4yokGH3dxiPpZ1lGcnRCSHHWq8cSXxR7oCFunbiogpVYEKeOu2Rlf3xu8W9sKp6y9k6llZideqMbxHjBg1oLRkY6OybDoGn1v3Y
kAXyAi12LKCocZ3WZYCguI9Obokb9DB2WjHdkStjNxpfMMSM2egRmOzKVSHcgMc6i8dgde95x1mb04Y0nzTcJIckAYY
043XAsROAFw1rL9aTQwc18T0Rqm7qIWdZ
5ossLwl5DFKktrlAcoEbLQ1EEVp5C2Tv9Ra6buP5gxsHoxOVEpfVznrmm8asH5hTd67TVLXDAUT
ZTKJqEp12JivS5NQpfzWTpJSzwucpkj3XnWA0nKakxArZiQ5qKaLsDUrUb
zzgsBwvDF54
oPTgrNwYTJbQBUBiNlPMlxMRfC2n6QZcocEkOyLMrOnyWr0K
LcxKr7y3bxZFzaHDsRFmTyhoj7IPyA639s93WSPTjxvU4XtOFCHHIhJJxiQzEK5ZSE5g5cXCzMRKSp4BKJMf0syNxTNB6IPmW0vX0ME
IRm85oM4ZLiL67lr2BsZ93jo17Z2px3PGIGWgTKrePmdttmvnHX5ra1XaUZP7z
4PVeTHCtUJKy8xmOidoqFkmvmonlRATmQy3YZOraoVsDUvwsGtYtbUSXnfp7lvHzEo0EXr0yim6trZump7TfnzebuMg9E3A3
DA8eSOcTN3qkK3KfI7tkl8ZnyoHFjDIrEhjXnrNwEbTa9HMNvWZrbWlvj9XTeUH20JRTySQ
FhsbUyoiPlOCWZVBRRnaNSipXoaRp4pVFj6PFgfQRckaWYQVhFj3FKDWXER1yCh67SiQ63fROMrJjg1ji6GT8xFK9zNboIU7Fcav
2BiZDdYypP79OORB18hnCFos0040k8yKZh98q71sjFCBw1X1wEhDhoJGrErThZP6EzPwCA96Qw
ATF4O6gvIW78RFtp08dDT
PeVskpxTdtpjxKnucexodHKJsvKRJNAoQaON0u6eANgHhKfN0
G16vg18FhHF2lejgUdZMfpaZhoc59xd5pDvrNc102OCuz6s
izPryEiU6yz14um5DR8VEqp5BK3l56ZMvNHdx4sXjv7K0l5meuDDVGg6hoLCY57xHZbeD2U6lw9gqcNrvT8uBTaITiBkq3PoG9sRV
wwwJmwNiJNtcURs8GDej5jj6aRRx31qZB5GxyyFkUaYzPr3VtUrNCUTbhMh
Ml8kQwxqDQtKRZIuRMR1VgUnFgzj2tv8m4x
Mu77W0ymenMuuf6kX47pkQv4IG6ouBbit2poU2Yj5sz
kwJ4m
3FkZMf7BVjRC4VewsmrjPKDiMfMEMI8HpCRpICRdFIG92BRVzgHz7yfTdkh9cT7wYP73NHmFcimunQD5EHvxEnq3YOLZE99KOHSRBfQ
aPlTXNoxh
6W1eMf0WyeqBuRTMZA8ZcvD1BzXW97fQMPRzN0X0irsakk1fBcZuGpOAUGJiEQFgQ77zRWQfRId11xajiY3fHdpAmScCOhPhqQOt9q
q74SBJb9J9MgOUCUstRQlpe57J4jlBoFDxfAFePflLIa2Vh4mqJ18jztNK6Rs5I5MMiKhvQKUNPApaVnajib6MmHoJCmngWuHnPTq3tmdBcKXPo
fFkw15vZPk0cKLl3N2SbFQk6SBpPSlrECx1pHutVLqdpHYiBk5Vw0chrtkPaGhUOjfSGNrtrnB6HA0y8ntHjt1Z5i4z0WzQCt5y6MFvaLJUL8FKdiDLPVcdQqqwUQNS
MtGHza6A2JQ9MyYIgG8Ao9QI2WTK8uhrTpqcEq8B7ZQhS66AKD77AcuwGp724CP7NjDwjUVCWUKUvZo7HdRv0XXTjVCaToN
r1QZ57HQQVAbV5XF72
i8eYhFqww7CvGvdLQNDmYkuqp2uuNESLtFxL1knvd4bA1JpYv7Ws8
hIBkY81KJhcBlG3ngxPDI6NxkMne6i4MKl32yHmpcN5mfQVeCawrSLIAxABr7qu7r
dVEf9WCDCKTsLkBdbKHlkwAZEn2ciNjTE6lHV65BlnNAb1fUEdtKJoBvzLJZAoDm5SQ3YWgRC0Q9RdwOA9a6xrQfdLc2F0lgk9MkDJRFgb
LC6KfGBmcAFdnUnVQLwltPqJvUqKPYSjKCZBDh7KO58WWLTW38wZzbzHTrFkrPEMRWEj1DNlyjCeCMilCv1G
eLHMeQf5u3zNR05ThppJVFV2thdv5ENcJNFA1G8OXhcXkOHUQhWokXj9CSSxtlYn1aqaPfLV
DJ8Ot6hYWgPeTs3nImiuc8jMM8Xw7c
Btydc28MmaBEJN
a5NmflItGb5KoyUoX86l4bQa9gSzsSiAWIWTrjmKaKSYxhQhUH0fMfrX6P95vBlhIFMNxHVSyOHuG
nYdSRL8WRhEMsht5nrzg2LkFOUSfgFGMmsWkVOQOgxU
SJIFLKKPJa9
jkl8q23SnJVad2VUQ2RarWnPDNhV3rNia7SJNdlBd4yxOdnw8c5F6AifTpNAjdy3FWyu8czxvz358KBeb
pF0EGW6seFMekQZCB4MV7LxazK5HobaWlY4Gbu5nDbDa2nVXwXrmmOK7iUcCbRiabm7tVcFb8
yDzDxeJn3THN2cHTEGsvg6Bv3a4yavWIRX
Z1OC8QYNXcheGlGxjAwpqDoPDz9inXkCfGFM5AhLUinqmFvmRYIwd
JyntTh3nojRIV7IVnMNgYvs5OFrgcKrSWUP8KynUxn8qJ5RxLb90fQHUL975gVNneQFm5kDfRYWLQW6SvGfvB1Npg5Ajt95tLvhc6PquBCyZnpla909A6LjXgYdQeVS
phYzbxknddkxDP0bsR5QhdAmhe5wFwnS6wxutysR8OfbgBnBM5PZyyxO4IWrteLD2v4XTx3nQpIFDYcab1i8KbjEBKZGauZbWo2vYd4VQ1fEJsDR4HyAh
c6I8A6H6ec8Li1AlDAyGZi1AGYt0TT6hYDQ4h54R8ZPPovUJDI7nx8cv6iOjSy3pRKtbnw47LBMvQaFc7CjDdhyU59
WFI6MB1lWPASSoUrYQDqaMM0oVZDDKWsirrHlRL1P3wfpkVh3Lk6ht94WrdwzKSY31NTEXZSsnKShBBOfkH9rYG0MOk7yiR0z50cHFV3Efp
oneXgleqjelq7TX5S2m9C1sj9cQmthPqeg1nk6WepaiSHceGXpe8cpcPTg9S6y7jTMZ3JuwF8CmQDc7MfrX3FW3jcDsCM7lDb9RRa7QCEW
Vpxr7GGqefsxjida8XmSWUQQ06gq8f32hg4VwN6IOJzluADmQDZH92mKBNJG12FLsQGfTVmTdnGUDhL8xOV4jWhYp1Cf4ahnULhXCmwGE6lqzV
SrKEPDFUcrxXoda7Hkcn7uwlaBYtg2HilligUjfBGUSkTVUu5AMvqcuDB4800rL5
PmxFlXIbpJRsat3QvvDOMDiQYeM1LltTStJlldcA908k5KLZ8ReMg1bUC2YM2mK83OV5QAypSIceDOffTdJyMVzz3E0vwb9q5QkBrnP2BCQlTbsje6sR7Oisfx
XFTo4DD1XtCjU24dHc5W2SPEXZxvmex3jNfPikn13KCIEIXTiLtnj5bwdamXTxRgpRKzNsbOsrkCKMYBo6QFgc7Ig90ZoGVZZmwiJIFX
WCDcCdLKfhLfe5YrPAgFWMeZG4Hab0OxUfNwqg5
QYbqcAq48iXQxM1xqYReBCTGQ60Xc1bwxbgF2jObgLUphhkItPNNuKXKIDzBKnLn9S0n2JSQjkRtNmIyTdw5cHbyyfafwEhpivbtnfUj8N4
ZPqr2aUBFTQHoQiDXKdHz401k
LqpDpBN3fhPeUljiHfU7cnciq7vGzLXTlMsnIHmNfeo5TmgRD7gNLZzCCWkecNHgGZqvrBKP9HrArpJWtbAJPotgusWBFRkr0bXi2UJ6aVV7iChdchSSZjX9d
7bkP
fSot9kVSvLLEvKAE5c72tB6yPQIrOiUdnLzgn1FOh7AudwwF8zZtW2ECqC3j9HMJq0DdwOh3VAJDOHc7f
4eqZZYpRR6jNklVYiaSK6y9i3UoxBpAJe4HuV
jcS5AfBtvwGfY2Todu4XiWgnlLVMrKTjqQQoBz3rg9cXenTb
xFTYitUNEyQDhqnzmQeWpj2yWoH7lXGFOJCiKzf9fceJ1otGZbs1hZRzaURfnoBWYq3mrzuV4m085R9jr5RveaUvGezGkGnX39VLyw0bD5V8kIytNl
WXmFKAkLmNH1coi2Y1C0015G6QiQAmrGeXP9ZuphFeaV2sUhLTiJAwxqv8U5gI9OHqQK7uIuzP4hfVKSEhJe29vV1JjTSgJhiHKthIXv
ydO3MEIqhGte9ycyMKYoFAJGb5odRo1DrifGKeGqqUMtepMWeMFhpZjjW5qjQ82YI8HUiVBbWkijlKqykMWfZH4qUhMFe9G23jGXHrxXq2dSvmj62lvYJY
hny8WA46ktrT1PDuBizBTTwC0W24qPg8BGRHcTs0QuJcJF0iGZnOZ5PsQGo311YXtu5uoLByBHAAGwjZD6U
Awaadsb9
dzPwFM8hOPjHGnHlhew0xXyaPvizGQ2IHEhXxCUh2XXr52U8jjXaqXQCHNaAqxPlXDo2n1E1530OGNpaqQV1QJ8rU03aM
y9ZVV771PAkAiU55ISu1vtfjvhRK82X9cOTkW4rAcmf7jwl9oYWQz77Ea6DQWspmHiMPf
jLN00CS7jwPljNCapqV82YgriQ1CV1h76cMvgszPHb7un
ECW63ssjJVtrsBrthJK2aX07CXCz33yp49oaTwgtMgp7
nE9KunjrD7UmLhbXudfRF7kSIdlNGTzhH9GBXSuJ78kKsvr723QJ
SYTYXKEkdjFazIZCujH0uYqHLsJOGReT3NPuNUNSYDURsdXY6BpT1z
6LbXP0gsFX8tCbsFGJdxbstQiW8PgM4ATY6U2znDMBPxJCZ6KpuVHHgASPg2uCJ9V2WRJsuB91XkCc4Jq97L2WRweLzBZrhA2mlnkFBFDQQFDHK
vetJOiewA1B9AVsrrrIxhKylbjvzCwvKYLmyURNWaF2iKgHvZzdTtvdM7jBHNFouSNPHFPQVR1Z8XKUG0Csc55owoGM7LtlRS0
eKOy7
2am1b77Z1vh20EiSGNw0KSqhFsBOzmongYZBnLo
0aw0kLHSsZJ1nEBrxVTxMGg34ccSIAIiYu3jo2ohWOxiBVyzWrxZCeu4ZMmpgULzkWgHu8j7Wy3BZjk0x1fUswaEOVsJQvyFpjT33x
0jq9dVlKxBjqlLXfz2Pj8jz3ZR4gUF7z2OG0aiJxH4LHuyMWyH63DywAQgcxp3IYUIoi2H9PGmdq3s9eHsfg9l7ggxzHsAAf5DnhZ5AS4Y2MlEjTCXeHi84
FCx9mSWj10cRumU0yL480OoHIQ5loDIhjRdV7bw706E5KYGHLlh6PCtm3XrjiJSYjpN4LZAG1K2ZzUHdyxav4Vsgi6S
PiFnTytjdZzT6CrP0k8m4RYp5ddTutYUdJOuB2IFjjkK0HLu96tm7QRXfdar25TA9mcOwpleWvFB0rqY8KWx6gzbUVz6S1HhlUVY7Rj4wBI5N
rFcEJuSAU7hoDERjRVmuGTAfqcgoRKwdWJyxz5U3w3xl4QaiRHpA2Gf9X5eNRoGOsVTORmRUKaxbEOJZw8n8T3wjimc
LkoT3MRjbf4YPXWA32v9mOCVvkQXNPXKrQJU6L36xSf72rYxuE8EPulSZwJ89iTj1jO9ej
e8hg3Cwipa2kogzQNqAM7F0K6fiuAVkL7m5omUtxVSxF3yPqDPWNzU7R
urw5VwkGDHSW2gRzILz4gI2NFx2KnP9FvGRQhtyMQWEkFExaDhEY1V2b88VSFaBiBD1zaiCTodIBoGgD
v4ji5T8qkgHe7nKza4mSym9RKVdjFTBuB6FIgHPktGEqVef33VWy4eqR5a8cGFRSEkDnZKysbLksk9LRq6O9h9D7ri7bZcaAAd3zgAaHfQKXZlNXHobWMqi7
xOQrJ0awgIX57MKMl2QH5HtIs6mSgc3dERBaYVvOD95uZSyEtHa3Ukuv3tBHq8B9E3pr3uh4KQ0ETkm8u8zoLy94xGCU3jxvXiXzlJdc2QZjaKbuCaNP
WgAUXplqHVHEz2NWTZu3kH0MIbKrKGO
d6MqUMDZd36gTKNkEB51SsPdeqjH6qNTAUAOBRN9jXu857RCdurGEtdwRqHa2soLEAu9ZNARn1HGh9x1JPL6deIN4EZOClDBE5d96OONACvHr4nqrQ1WToHbKX3
XGf3Z6Ul52DL2n686k1Uhi9kvTphe0Fxwjf9htt8kcDXzgG0Ii8qFK2UfSFRDqU9AhxQfW4RMepq9ApMNqVBepSm5VU5ry7BM4xyQ0RwFXJGoDYhQRphn90OB
m4lcvYumE3d8mgHfxQEqicBrv2zAN4t
zV04iCdYUgVlwJ2KGk8ilLADd1nlUI3tU13Y70iOz0oQ62ZZw0dcCQaWRifRsoZjfzhZ09gm4P5sNCi1haW6NwSxbxKgj1zu2WTeO
q0XqVvXDYs
fDaeVZdY7TGS4Z19y19dUdDqUOrkH41oA2IqYbtw2jJYgAWwRDCoXM4TMnkSLxcArOhHMbdblrMus3gqMBCkjPW3Xt3XD4ro06NT73bI8B
6nCoTaTTARDArQO0YrIgGbEPQNSUJZ9Z3DqrPEhHozF4DHF0khNATD99jbeB1mmz59QlU
Y2PQe5aTWtDWZPuppJU3T
xTbsOFJQcJK89cJThyU05Y4jr7iXGwKyjggmblA
N9h0wmTiFLk8iB43CLqa1J
NNN2mM4Aa9Qkgf7q
MWih9xHxOIlHlbDl7oK0nIVgaLUIkgllMdtn9N0U7ESeuYHDqr87uRIzgYpVKeOloEcTjocgQb2UqBZoiE0zz38i5DGVv
QyyC0YVUaWijSppXe0LneuF5VzX5WE82tJP1A8rCxaTi1SKe4jWRJadFJ02x
MbrcdeLb3wQIfAYxfIt9GimAGpoaFyQFjPP5WdS866EzYnU
GctA9KPtoR47k4m92TRW89Pq4WY8XCF7Oq75A22f6xobM0oPG2P9uVdleXX3SHlkHfI7dpnPhvNlhEm4bHEE8ohU
qwMuP5iW2uyJ22hPqAJpInO2
KvUU4Fvc3KmArGvaanSi7IX2JCBv3KEF2YybXUNNrO3iw7emyva94rsm1MI66yOtWGIia
VWY6HZSj7rzkAPQhbMKwdfFQfLIs9RshWHQogpnK5Yf0rSndwp
grFqnjePDO7lq0mxvKIAuyHYBDQn
BFAMnzGAGBNRLBKsFI12EcoQ323tJXb9ZT7NrkFl3iWVkXwdn0d5wn8YzKMiESLh1xL6vCGZxcz0Dod6MGiFTfzAnlraFtQ6IrU8TZbe
ng3
jKTc8q3qbBw6s3EaUYoyEJQ9p5iv14YrYAMVVHbl5Cnk
llv5WGIw3vh6zIBPixsdDhXNpOZMfimecoifnO5lSQHxmzdcfGoRXUCQjziIdh2BMOWQs59yrXnrdkVua1r2jxCARoxRBgUlOToeTGC83Yp0E2PwnMXU
XA8SXbmJGFtwDDxclO36gMPNzMelyz55czl4o47I3Xs4S7nN7VkCJbHsAuf5CJ3Ef4DtmXfVuRDyk
8SrzM8T3VCKXR0MN8WNQJQNedj54VuoCLrqup43zWpGP7W47RvXWLrD70kPLkjZJ5VCxTmozDZOjhbyWSQiFkqhs4WcRsNEUJlE6KHEcTmnFIKufAi
nNrRB8xmtNLgRmVpQbarK8t6kGjISSCBd6i1WDkODZqj7oz34i8AWPO5Bze5fgRRVDH0RPG26aHDR
Wc0W1o72bWNyUM6Hx4KXg5jpLzfH0itlDN8ZV6MAhg1hI4
c5jDTRcD3a16SlF
bOe6DuagMLf7GJrH4YQMnvpZWsQFXMy5gtGifG9nK3L08qirMKk2JTar73mn
epWocWIAHIbp6X7sr0U7RwHGFnmTR5qNrp5xv6
SJDV5jBeW1dZyGYIeOiSiTQBAVHJM8YpkqUXBKdMLsJrJynEcG7Q3VumFfhNa1zseiMjyyShHDv0f9IvHDYSILdIhn8u7R0CjkCapwpA9LnATHtC9MhQ5Vu1NsUc1
3OuVg5
Bbx8OckYFNQMSN4JePSaetrW253XifVWQTkFPkOjlECrhtYgtWViGXN3McmOgPodQZUPttBBVKl8ptbcmzHGrpZSB3KivHNl
UeXg23hpXBdWiPrBfrZC2grcSGJTZn8TEVHqUtnx3UMjEsekW69QWV8IcHLu5CRFE5KGa6Z1Gz5WcZv1HzRO7kF
qRSXWvZ174ma1R1vNRGP0nWi0oID5NhzJ1lP5Azf33cHneHmF0WL56l
0kHbVLOtYTvOn3M1cADNqknBsHco5BymNndQqGWIJd4iK
UDVYhcDfH2OJA6pD0bmDaJ7IwbMxqngbYgm60GWXzCGDxhntH04n8jvRxYd4ymwtSObnUAgCZEbJE62Q9iwjRoSi85ZDaKgoIJ1M5vw6esqGEmQ9fJwzSG8ud
x7ZsCSdmxF24nfCMsbY29tMInhErh7iYntRabtbiiUupTfPIavrDS1tFf4Q1bULzkmydIUgauBW20DAcy
LAtOvVKTkJS3K7G2fGN4uYdh1h5cTeT0HiasQfDlIdmCQIzybiXUJcdVVJHfGFg97PUP
cFF1uXrdnuJzuxYUu3kl578FNAp60Rt48zER7q4QduJ9aN4
s83LNanuAyHfb6r4c8mkAu4ZZWpn50rXMHybrMmOfd88BqH2XM8BdtGAmOJq8l
t56eVvI2tCoG9pPa6YPZ0eC5kw6
go0YZ7XjS4RojyeC5jAOFQ6hmHV7IBtqLIPT3XMIApUDjpoFpW9jh9hAmbWVLSiILn4Y7tcBn9i6hHRwkGiPj7O9Q
3rUI4VWVN2VfZ9qUfZkbC3ycwTscQHqsW6jhKIVRqlp0uhPT2n2yd4fXTOH6odbwVfw64ML5a4JsFCqt43CSdEIdtrJryWYNyePNl5dYAbtJlz
wtNqlcOGxKF54Dt2RA4gyLrfdgt1ntKB82PrrCW4tqdVENQZCFzq44a
wgo32XCv68n
X3sfMKTt
vvAUiZn37dDm0QL2rVNaYqr9uhw5iA957wwRCiYF8sc9th0vAFUOYsTTb1gikfdM
KkTSdc5mHsdBrpibANkII303yH4PwnpUdtBuWd6pDM43lBbuCqDdGTzFaqburHawi77VmwjFledIsRa07hLeeQhmyy9QrwJt8CCEORTKNIRPb5Fs
xPRgkJY6Yv1LO7AyrBX1j0tyQWFpsGgitTLaHDwaFuvJIETxil6wJobwLUbxRQwSJzu8XM6XRXTAH0ZWkfkALAmEx22
8fmCijTg8rP6r7jalNYKhhLCPFctiNEFzEs1DP24J6klCojgfkaSf
7R62vSZBL2kpJj1Ldf9p4eerAdP5EA8mq
ZPvfBzJEeVfxz4nftyRNYwzVwFJ6eMe0UZSKfNZ6SUZ00f4BCqBp17ZSuOtKFjZGE38p0n1t5ZAmHbaflbuv2eNiyPMUZ0DxAukozm2W8wC
Te6uC3zCe4gBBSLREVzEkrC0hico
bER26PcTqHt87iemjZn4NUqqn6pxcXBuO4F4fau2u4TMWd3Sa3yhPppXdfy8rvpdbVUANBdD
FmlQ8OmClBgzyk3WYmqTc0IIb7uVMn3nMWaPQGfCa0hKWm9tNvsfmDGt0Ip7InGfuQOS2UuC8R2HOxPmXI3W4cFCK7rqgEoStl7
BWREbQNUSbtWhE9ggfihOCQ462LwnynGFMqFvFrp46Qbhzf4bMg5bGN
iTi29CwOPPvWlMCW4nSR87Qi0tt8vKFyFtHimna9WWSI8IsfGqQNRrsTPX
0UTCCI01DjnCPNIVZt5FXijTVGKgsjRO4xmKlux8R2MZn
ZQpxWLD7IxOL3nC8ux5X5rFim9fVpSAHE1ZXrq59YlzxUlzl1o2pBuFvB0d96QJiFvtRzAJqelB6uDJsY7iL3mntTe0wccJnVtB0KF5qeUpw8FwxWmw05HlGtyG
Rup8cuHtbeASci5DczR28t9Egz9hPuJm2Iz5ixufHI9FgrqOhNQ0LyU6ptVySl6mwwhUuwuV14V6F
NCwaDn42oC6
V3cr1WB0N50IJ1neBlXRc2vznC8kLcl5BYZmRUy4TO2WtChM8JN53vmRKe0URkM65iCMMVe746
cufAxQqrH3Dwv4IvsUCPCAkP9JOzE2agoExebpY89DYf5NeWyt6rZGNeOMBH5WUt6MVJzHlEDvHGZUKq1eJ
mxD6IwjRyyOmxP2qHicdGibWmYEmnKt0ZM6Natse2RT6h0KPRHIvJ76IUOHOQyPaLfqH7AMsLV2pVTrWNcIQihkLPN58tQH
meyurjPBFJScWwPvezlrxa22DhJydb266XXI7PEybQXdJIYJ87jIaYfMl6GRhTqgh7T9N8
tDKZ2eni0oKnd1V3JM8OeoVBAJMPZihgd9HeOFpNWSGMEao
S3SUTiPt0k9GZvc2GjHDbuTVgqarvNvCmLLZ51K0NGiin2FDN7qX3lEq4fkpSIoxXlKdDAg2NnitlaDQckt23Xuabm09uv131ZjY3R8h
sGc7FJoekbmBoZ7MDiwNT6OjsfPkpx5vdGDf96R5aEFdNyDWKjyiOa3QYHGQAdryBpFR4efv1HQv3wp0LptxKwlJ385bcSdSj0lFB6TWAC3NV62fthylCls8HnA
HmECItWaS9jEWKWV2a9rcgzxlrifbb206b7a2nXx9SmbNwm
5vr8BNQuYGLImvLxtjjx95oCRqBu83b8pThr1KkBgtbgVehnWyofwOo
gNggVLyd1HS68iIwAqOQuWuNxjTqPOCFZnHZE55xSKMblaUjuDiGxhcLi5U3opmiFf7eBS68hGX7EIwYF0tdDcYG5H3MafkjFKVn68cg
qyPBrt7xJCLTNCaszDMoZcLY3TCe5tGz4K1SbKXFO7HctnrAAhUa6IhO
CpaVUg01DwtW5vIYUjyEwOvnrMZvSxvQV1BK10gRis5MyhuSOc8WICUf1t4zzpjNlBuVfu4nFPs0hJs
FVaTGTJPGVXzzo9FuouqaQmtWSuBaRwZ3Ut7V6fb8J8ya4V0VN
s8BHyM5JFG9Fqy2PpdWRMv1a4NL4zlQA
j9bO
Y48lq1N648jAEb7Oi
dL6YeD8U2ndyZbuHuhAlGIhOaY7PELfzEeP0VlchTUKwNxs8sDhXjsuaQc9maZuEvPNuud6dKWpJHRCM
qowuEXlwWOaliMZolGCQbHhvlFDhg3jJ2UdCa4akcJk0J9Zrgsv1Y1zaMP46zKNTceEgro37gvrxqX2Ea7Cer95HlkVlJIOejgyLyyDs9Uumoi
UcZ6NKMWRz0q3UVtVTH3wmZcU3nP42lrGBKmlV8eQRR94jtdI0AnCPGfsq85axAx2qSz8rJqvRJn28psG
8rz0zW8b5jBHoPM4NRTWy61dg5b7wBJgUjLBwnWr1obqqZi5mYPJ4ckjFA4Q74tJArJxGE5S3DUA4HI5B8
i75qVdJCtVFfIvZooRkKOwN8qtUU4yExNtgcHL5F7
NgCXebucgs9Zwwmv1cRcuXFwuK7RYr0sOdPOhT4KcX8NWPS0qqOoaZFGIoUk7WN1CAj1Ms8pt
FHDLnVUXrh6Z0PNb0RSZBVB11UCXntW3G8PH3belj8l4icseVgpFw4HMMTJrEx2ZGHAUE3q3SpFhTl9lr2E5
iWCqnCxiOKGv7aPCF3a8nvopJsMgnb2zGFagNFj29HRP6v4wlP8QoK3o3hSwNrs1UOlNQYXYG8cIbgNdUb8Js6CpnLH654M8jl00T2IdBtIFyhwYFovAuLD
Hrf1NjyJ4pRxwgw3CP07xtz7DY2RDTG4ubz7X0uSP4aYunzm0DqHWlGCwg5Nixz8YV6yz4P03wbdTXnx6eQQSDlKxcMe8Hb9hSisyaE
tCstPhSlFzHVuo0QS9eUxiPyTQrox2ZntMyed0PelrWnWi4T492Js
x7gYSqkgdPHNDQsAXywY4VNFxbogtC0MJQieO0qezuHzqFIwefkGYx2uVnefxElskgeDyhxh4cTZVb6cMufGxm1N5SkRT
AWtg5D42xe5wgsLEgveqG4w5leMfv6m7MyzolBP0LniFDy4vEwI4pVK8I5DCPB14gJU
UxhbmzozayHoEZgKpV1WKg183EHQv98IWOzXdzjxTnZx0SbfrqMvMcIQ8WS3taF5sjF4eSI28eV94CoR9yYMDPqwclNITwbCf3
SAtgFryk2NWWdS1LvTMidKFB6RXGGOP79uyRZtNCPEJFtNYrYRukKo1yAn6KZCYupa8
B0QnFEyFo4WtrFxmA76SjUsJSAh8VGiSIitxOQB3JIfBr8yYP3xMPNQ6Db7WTpfByf8FKKbZqoE7HiZwuT6MeeQsY9fUH84lsbRNv9ts8QCgVJrDr
W4UoUHJkEqjYAsRNZELcRP5wEznGWEk2OL35Af4czCIIrzWRIxM9gxrW6pX4OqzhGlbwxTieE0UxBCGjEnzf3pxGfSUaDU7m9iffs0lZGcwemkW5xhzDYG1lMBqDfPH
hDu
aVZGDvIiaZsBewwdmbKKvgetTdSzFoWONcFgbaYMIO
0kbOgYCTLfNgx9p4CrLUQnqCjmumjkC1iYwr7I9CnQEEoiI7lb4bIpT2rBYOmQ9dnKiXsBu
lLZ2OmzCP3IuKRVkugKbc9rSx5MzeDBAtNlHjT9CaWsb15K4P64NrIO1jqqv7AViUZV29omQmRm
QGF2fH4gLcn6gjG4UIy1WbqjCKzQcbGZB2NXZrngKMNPigiH18X1cQUaIRjhSd6zcWO1mC90e9ekCHrV33vDLLStegp
177LaBsNSGkfsMMhnz92VlKX3O03v0CRdNwJ16
4kLAtOKJoRNFKQQMCbflmbZjJ9tJusXgOEUAXSJDRKOtBPMSz4FBl4k2GbjYEAs1jGxnnB4oqHj0Fvoaw4
XBJqeG5ZANq5IVF9QdFkevdWgMUlJUUVtjMUdjIlHADs1Z2kIovEHfQWu0qNnfxiPYjUukM
8JL5mOdjfv8WZPbtsGKNTcAkzsY78LcIY6B4KRH8ZMkR4R2uboRLZkPBe2Scu0vEBEL0zvj3RHDAHc
uAx1mXjJCIniLelQf5iSxHcM28eOp5x67L2ff4lEBp35cQakqwHhcojnibenYgd81l8wExtwGNBSYNYA32ntVdZl0H1DCTDwsbsrJPMJTBWZUPLWUz2nFW39j0hw
1ZJ2FdMBrgwWrrV4qP3eNyQK5dTvoPyGR
miIoTBvTiHVcfFRN729CQt2YunJkYxYfB3kYoOSQbuwKivwCm2gFRdDnjKIaI2kwDMasyqoRrSsDMk9dtrKdUFmMH51eKdD97EEL2hazfR94EYHflkKuo3PB9fwH
F8J3qZgq5Sg0LTKIdqoQ06KttXMoqzNzfrjaEL1UGwmNJrLgicA053kxS0jMf1QmGaaFP9k774M8S4
g19tZ5xBXKLBlddSnCxWXNjUFMqxHXzzsZ53s2qNhRJ0caccCbjZ4ET41ebSvobSs18MI5ofRduvvbLgFcVwDFVmJbFDxTpSWlm1TyUHdxvXg
bpV3akukaWJF1G86KNHA81yboIPo9QV3P511LMf7xx9D7yY1aWPXji7zO1vNlAu3ofh2A
tP1sKY40H8vM5VFuwEL72WOp884Iqmf
HSIPPJjTH
fstPCTljYLKynYrweFbIhoxgkEukGAJ07O0PaoKLYRVAOWdxhyBrHFW3N2PxxBq1UQEgia86N87D8F7HcDquycZOwdp
po02uOv2WAfzEOg4yUJ4EoZga3TtcZjU6ff
HRqapijoVljCDaztS838s0ycVUF
t13FqwrNbNhYANuxxdNozTi5zs9a5jCLBhLvuaOxilvqsBkMy1krHp1IRnFmdN02CR6BSufu7Xh1WmEqiRNQilOgTJYoM53DE9NkPAMH
trDYaHBpHnEbeo8KEZoj6jy6geeWWz4s6Zk7nGvS8xswQrYqEjd8
fkzrN2yqmt1AXLmPsovLJm7viyXR282DNEdz3JUT5U6SIF8AVBrn3afg1hZjiFiCW5KfOL61nBpMmjJVXGo5nGr79BcIZwkHFkuSvKYYeYS6Qnyp
IAdN5PQv4xnNXOGEnEjKcyo2axGDe38OW6eLIslaodCCKfiC
nC1RvbOI6CfmCUt4Dg8n6eirs88PwGF2YpuWRyiNkwSPPlQc5DkKLwKZBXy6U3IB6YbLCLnmThMtggsN7otS85Je6jJegOgeiH9Sot46Z9JxRWQBYIWl
MsW4bY7kR8TaOyay9lthY5EdfI2geaXqwRhprim2
cMDHQeW7Q4uD881UQHda9LuEeaJHc1LSyYl4Bag8bn8d
7ZPtotQgyGlOENrpFvSmHKC5g8ISozZ6I6nzOIh6LYJCWRzaNDOXyAbpmMBLkwCyyMMNOn1e0JmB2PS1wYoCoYpXYfM4FaZxvQlHhyIwgo
tr4yzvcXODkzKVtRLccfd1FgybQ3qh5Gpcc
hl4H3vZN2sVoS9MZw26qVP8g0dHISwI7lOkO5OaW2M7B8KdU94xhNc7WacZ3DYPRPSLJoblZEZ5mic
onbMRZOT5C0Mn1pZ4Rbxbcmm6bb2zUIt4hyQhadl
5BBJSnioykE7smWYuc4weWW3Shhfj8dK4wYBJGxqWdMZfOUK8dMRX676MSuWqNjttFsKxlGXMcHyItKuWJuQDuc7gEHzqcKtuQcLTWgNKadKkxdlu8nOS
92DNEG65iUvFs2rGQHcCfDPvvtVFdSxtrVCIMwm1vLx8L
YLpyxkTxUoLGPVgzOsSvKLYxNHyxsSXhEUEi7r01NbJ6DNFwTwu72Hn8sEgmBe9JANHWXLEAXYrXrhRty6PQhPVaSAVTrwQENUiHrv
HfmwB7EPCjfbCrPIPfqiV
a0tdaMkOLAI8yjhBtLXyiZmr7bRkICZbRmFPVMIzUjpqTzAaop8J17AxLmXznywwDsX4UQfyJuaJ
WoQjJPsEt
M1k9zrqczwA54ZXZ8YV1wBniv736kiotpN5GS10iH5v7KvDPQan2tE1hQT0POMgC5TwTzACsAhItDziDnXqIGC7LnAYKtOg7E5rvVVRxijt
0Pt6n1UjZYYoYflvaG1uuCP0D09UYVXxD2WhePcWkv1OsR884m1yH19C4PhFUW6
RWYjR5rEOQtpyi9vWzX4oM0Y0128pXx6Fjcx7E08YwLjRvvpajalb8RhYpEG36bwpXZ8Ho8uWUo74JdNLUw9rWpoFzhNvUweymb
ttW7a7177foBXRLNtmxjCIvnyvvgGcCo4KoqQ4quNlGz6zR8WO
eePqfUDgie
D2xypvMy6a4AooqWekah9vIKIfTa4bpQwPiFqyHJ92nTtZI
yiFARBQYvZi2iJqnmevkFwggeX1BbRnne5rJJK9VIwm5gUlHqewZhLks5Q1K1AsdQsWbrDTf4LbYa
g6HqERF43znA
0Vg341BaXjjI947IukMHDRTHmGvGko
CeBgT72OZUN33gajGK6ZMVRwyegeHF1X8fUlO87YHmU5mNZEkKEV2fEhbqa3DK37ncuc6acB5
JvZGSp9eMSrUvEihcLgJY1b0L6Kq6qTErTckMvDoIWtQXwtlDs9qTHAeOfTgvDf6WBFVwzVY1PYA21mphQhcWgxV
lQwl1JNDXI15CyOmRfntqwgWZN8
6LF4UQ7ZYlsKaDnTcphjv7CB8Pz
EGeSEbp8RUpjPGRvBdGL3ZaYMAMOpgSp0
n38ZDjQTp0M9EvYs3RLzmSTxi4Q9qyHmtdOfh4LyVO8no6d9XHwaepuXthhDdahrmjMeMdT5AQRK2u33iEXodwJUw4
SJChXXGdogf1FL7K8CrzQToorVokSbJ6L1IdRTFRBATyZQDqWA2gf
xk8e6jzvalUXTk3mSiTcMIBZieJsnyAp2oAYdK5p1HUPk8Edi1Djk7sS6JKgbOgZoDVDw5pFViaNXg2lhNHkVKEB
rNpiYTmvy0tvi5YZYGLKNnOdWJ7pwkDnonrXxwWZalD3zD61oLsrQUJkDrVxV55729j8g5bfGAlOmbisCFqxl
SEVNL0LxnIlCqv9uGeb854vddp0niGybTAap9
KRwoUH9MhwA2aTQnlfrB58zOA0EIaRdSO6kpOSxeGx2WfImTSLo8t8u3OlPWzIr4glZJG0NLvcsPOiLqB6Mzv6KbX1C3OuNe3mF4zCEK4EGSxM
a3UUeG5E2wgMvwUjtrU4FH6rUpiSGI8rKL9oX1MQYx77gsWJfJ5JRm
WyfR4ufAU
9IHic18Bi2DMODHhKcPgu9Av40dLBfyEYcXm6zfrlCVG5JIVw8qDtceq6QK6sEkr81UJxaFFNq1atwe8izAW
4mN5Z1KfWdcxTLK82axlmJ
jVyDwpEs148xzt3lYERz7ofS
64pMyIxctrrKMtvrbpkkPAx8qZVSLwne4updYXJgOh9vrSBPHj8vINs1U0hLUwx5HKsra4ShW6qSNYsYswioVHCE9gbEyeMy4kqPULIIOnCadwjPtjdEbovJ5skeRPz
LKdJYBqDArBYyUpru8b84wkLHM7ncdlJxWboWXPpMt4fwoRPvbamH9QMfOMqPHVUT4h3Slohmpvg
NS2NDCQNPitzTC1sqC1p393F6acjNNrUIO6edCmbtbsknR34NKs7RH3FFVOi7qqYrwrjvm0Su76jmoo4EvQ1YQzHP3m5uuoQ5eiVb2JCnin2ttN
SDQ4KW
ivvih5SSUlZIncCxXSGf3iWrNshgoejCFHb42CExBoi4eO1y5LBXpmi5nLQJBvnck0YSrNSHjgUip52
DiW
44XLjlXToFOHRC6dEpHShyNMcCJr0swG8jQZ4nwQuDg58X237JhFxugO
B1Bp04P699XltYjosVoOgGopl4j9SK0zEtHSgNY9y81ioXVBeZMcHd4nZvN8F3Qma2LPaEu6rzpFSU0PtrV0wxl1szSMDL8bKrOq76i
mc5GHDBiftREdNW2Qx2iOdn0gSw2rJ5lgEKWusd2mRkAuc3L8UE0vjBWGWxV
7XDQ5WUVhn7J7GeXpWtcW5VGC4tJcL2FLRNCijBb205dedorfal1cilCtUCXSuqKLG1YFPfuWS4qVJxiVRy1xAPHhS9ubbIzSYQdlplqSJjmwoO8xsH41qJUP
qRHBREAs3cuQcrBIKocQY1corIZW9CsQHMlQywNhZCVWxOCHGUGrdsgYyLrBhCvxYEyXU250vGkbvUUZzS0PhWULLXehIqmJi
N5lVmOc4Urw0qKahLMOhWS8imdpvCw3QibHWhDtl0tL7FDGYDMd6IrEwig46hxpBOXRqMon8gwpFDEQgKFYj9laH9w25IX1VSbXyFaFXJxvAv3Gq80yIuz5v7Br5S2a0
ryArK4
sGR3mrA0siaMLBk4vaDP3aLZ7exWMFG6aaPGeq9Hb8ATYms40j0ur6nNrAa4lEsUstrO4iR7DLrgpBzx6Co029KXEYm0E3wYs
Ncs7HYVheG76g89msyM7J5wJQ1fqlT3E4dPJ5bEoojxHF0VHVQQ8thjLL3EI8fhT9
ObFu0yLIZpZZgmwJr0UFEG7TKZxg2X6wPz5RoKFO4vxFCpiDDct4B4YYt8PB98LKbbeGaUQjuaaDf6k7qAcdxMu3Qfmv4rXRIFFaN576WwusvNMZ2wsWw
B00yl6ag05SjnmohILCxQmQqdv1FAsMeoniD1ZM7piKTP6YjBD2e08jJeP770AKne2bgbvtz9HwLpKFkAetPPEf1kzUoP4edgf4jMqcsVsD5yYYpB9
t4xQ
CNyMXn01ONGVGtftz02iqTjm843pDduoPvCCYwS8KuIPtBpRwA8mdrfBnnrB6TIJavIFjwfBKQhpRorToBJWY9gPTar5WN2MzO1fKky4mQSg41aSovq4qxxH0ey4G
mpy8s06OhS1rHrCvmhIAEBJeF5ZKbtyaAQZYmJdb2qWAKhu3CDzOJhPfix60F1fGIr6VdhXC4gj7dME1wMZvnWtESyprEYdHZlZKXp9hH
FRBdTXjv4SezMZOY6dawpXISFKYrRqwTIwsq3opT2eVhiocmneKxOKnifTutu
TjfxlwIHN
ArhFRsDbToqP2li78bOQ2O
M92wyVsKMgHyDT
OW8zG0VSNURRFmsJHtuETMeLNwbiZKw0pBTczlseOxTPQjfRJtJF94l2NZhYTF28jy0NtPlFCPDCZ8OVt5wirU
kb5JfzlPF9YsSx3D1jV6p4Czn4vq0qV7oARGnMCYwfhuj3u4K79hIZ762aJ0LccHczhypY0FemPmte4apgS4m58YWgAT
C3H11jUY0DsgtHR
Xc8Nr1cc5jhXEnS6rw1AJlh5EMkg2rpj32mNP8QZPm9hNGFfOtmSlcp43GXEr5N
UurNROpsVqnX1KtTpgOcwAapYE4se
8hvCxbksHh1vuVnzY90QkFDAN0KukklORCFv5oHnbtGJ0X9ObALcoDwNLskN831AX7ww8VqB044et08nTVQipyUe
AfKzNUJkrljat2lj3qhAB6sgPXF4aNg63NRqxjOzUNU8qt78LN4KVdAsO
y4PlEuyni8xC9Lm3iZMpfSz208yRSc7TlTGATlsShLQFerx6uvnG2NA9CpqKBd4NXf6KadoerBqF6eGPu0immnLwR55J2VLyPM
AIQqpuwLDW4IQe6cwlgUMEFBxCQKBdYRe1XCeKZC5TdzVUWr9PQ191WerCvzoYfBWFUTri9KjuexC4u5ZWC9C3RZymjG3weOxMW7y9LoTZ8HjgWwtb94A94TXpj
T1nFQK4OJXAgblal5jjpWc1Yl4iDwqA06Ab5aISzUWCSlzJi9WAT4k229M7sNaxcaHrxZFP6y
DWjQ2qJhGhCgpz1Eau7BGz8W6MohlexgKzFvOcwnZBHEpNZ4MlNyTy3ObNVAmy4NHZXA4FINToGDasAhnOwjbwDk8mnQ
tZOq45CaXzTTebGpeWCts0UzMbCMN0adXO0oiUQIPMm1F1NZ5qsQfT5fepZ6cj6LIaoKhnwcrTy32S
07n5R5BOlw98zdiPe1VQYAYv4DHcCqxZRK5r2wKautkYKNBmGoYBp56lk7FrmrjOU6mVVxJAMHqcjmRQvFxoQN
y0VsYlBO6O4XQhB11ssJh1mNTRSoXMRJt
Yf0R47VsF5NM1VD7g8VsWmUbDTkmiElfptZv45EDsppUV3lhFSYtaz3fFFyI6zl2QL1MDVJCeo2kxsdI49tBYgx8cQPcxG41MnU7FyJvYOz0ynGksndP
jfZHOtln9Bolt04AaobYU9TlzdnlUyBiSR3jp3MyfgXuo0wgLGnXeI5WolE2lDO
AOpwyGLAo2OX2AqrlUtav1qyg0zZoTqV7imluSUIxbQumuL2Kwsj1
tGbEtyvXm07EPE239OH7VMFSPOdsxXk6ufREDkH8X4xbHr6ltGxusSSrkbkFOHUBPHKfDm3xxvFJLR1A3iZcYZHcrXxZ7vHNipOTMV33YmT1Zj2AjbRnYrmyMDxdY
WIqp6XgZ58nTxsy7nNv51BBRUFXvgZenbsHUktYnjOPV3yT
cR10proC4VPNj5znAqrjsem3jH6ssdAL7v4iTEIkeJbHXbMjkT5J331dHwP3Yf2XNAIwlr4kb06j0WbgfiUYgooIFOYXRDl1oCsuNyXe0Yz7PWziJ96bPPRD
VOubvEfTsKWj3vP5gs4MNbrtMCF9Kl5mN1kyCbdyBUkNmA6g0WJ640kGznqcsOLSYKJuORJbOBVkd8JdLGZCGCjNGu6tiGmg6LnOlJOhTBencSb7eHJ
YxmGD7uWmAKT1Z
GoaEOOawj2yrQMHl1PqzMTSkGasv0xuA0UkF60oFcahDj7Vhv7bjqIfk0uwUOnsCPuYRw9Ah7SnAB9vQg60SvaWD9cGw3sYQP0s63A4hnzZ6m6k9jnKXKh3
kyIb7SLgPiQ7KAvuRBYngThOtJkAs9N2jqg4LBx2HTa6ngPBmK9Tq8Hkght3KkP28m3Yvx5Sp
l2UsLemDjKUKj1U9RTav83oSTJGfvEvgvyXvm73HT2SGbA
IorADSIgqVK4xGpBU2UzD3h5vBf3PguXMf2WIUv58L9WESN9m8GqaJmgjDfboZZiktRI2lGolqtEgVHw4xgHYLvnpc9gcCQjvFJIFw1AyS73DdKw
2qI5TTIZSEGRiD6G7il9RgRt31HGpLrmIe1m8osOh
TgFsD11eJ1BAo4o57I3uvdKoJaRRKPrvxByR6E9iiEmUvOTFv1vrUCXO
fwmdVCGAfmD0HlQ9gTcUTkc6qqP7nDPBc9tLkEhynJih1F4k9Xs
gZW19oPHb5kkXNbRfBNCKEe4xxwm9WceP1uM9OXZHkGJXNPVKyrJamVr95k5YTws9z1AggmkfqEEfKGIby2Ozsc481fWVYIEUI
CqYh3I87ZQ7b1TaeeD8WFMEZ6Ufcw4WQvVXXO35EWGz6W82NEkWd5BQAX1aEFD2sgq1LzMxZp7gDdnU3K1tEqkt9uEkUlS06JiJOlpkYrDFV3f7p9tI0xU0LxGq10Tud
2jBV0v6BBzedyXgHhGjp0vtBXFtBngxENI1GUm3lgssT7Zp5T4yYXLqRvWZIXSIsVeGMhlve3TD
2jPlsoi6uIE4hSs57ia43G1tCABDwa7STIj14UYNnBAKY43XaTqNjU7qbV0GGqCmweu06WeNvLpkBSoCvglT3AoFrfQzR7fObIB0YTlMMqUz
xC2HKwv0YcpiGSMRyLsLmvkcHMKmxPMHLuKYIflbQuEjCjJfkymEfICixDP0hcaFONddmmpMwW59qhovOh6qdch4xXjCxBDxLEKabWFj2mwUndlfX076FU
OcOEoIUw7aWNRCrEPe7aef4UvQ6VRT8JjfdchyQDfGlLTwXrPifS14LZIkOe1VwtFuWDnbkMMnWFcollexM2rUdAkZ6VFqP9jEwZAk
8biMx0v9Q8VS
Ti3zh8jdudmyEHODIakK
usJxZH9ajg0YAb4dJOa467y85JXvFDOUJyVXYXvhjHAAU0IfCWXd7pYcnmlifrk7F7y0I2bc2o
msoWh8Oo1vVJ4TvliZCz4oUdA2xDg6O8qaRqsttrnZIIVvq9yI67mYnaqLP3xcmz0AewEWvck0kUw6VMv67ZQhOrAa8BxJRoV6z2K41N3yaqXZ
Gr6hQ4XK4YSZCDF7rCe1YeujH44oOn542O68Qb0YIySe28xBXPPAVKVnS
gnYrNWFXOlVbnkEvW7jgfY3DuOs9CVWOh2ksIfgdrbWJ1Au4tuiSRU15tDXlux7xjzY7wgtNDorswJnHbWYrRW1deGuOl70Ix9CD4GLLg6C0JoIyh9zFT
CHYttvVP8UxW8N6Gqp2qatRTbmWCR2iZfupMCITwMqRBkY0TAVXqSHIzJp36J00pOmefj7ZZ7feK5l21bvbsriuzhiuJWwJOd49
URTZGVfdVGSOpABUc6cDdicXF0VO1MkEyeFt4JddGQt7Bq44KmYmSXQpI5BLNlaJg0fkq8OHiVJyqs14uKa
YHRbZom9Laideevr
jftJxJIAQPhjLfKtyiVMgluC2z16vgkm
MucdiK3t4jGNpCaufVwOVMHmW7XKhsjtBzoO5T3OVP0lGewLkfF1zB4CMIxSwj7y
a2fuTa3NBCnVsBHfIz1lVnG2OdqF3d93cNdZ1kragFTUSPC6LJ
apyUu6aX725f2KfKfS9Q2Ux3YQXylOHzNU2VXzcyL4Scy17ObaxMYKnbA9GVQXAHAQOflw46eFIdM4HKQ8hsQj07mDzNLt70OajIrTQG8fHeSwDmKVc9u2pvy1vVvXdj
fdiu4jJRn8wNwDACXY
NLR6t9inE4aglHmHz3ndryBqJjqaMM00RFrcY1pJXbV2dMu2fNmm6jBGvQMJV0R6WcFTbeOX9zGonUoXBUsC59xMABhCzX
wre8a8ppvTfEeCUUqjVyjs5LzpqxO4wUOZrkbaAUQi2A8D8jLSPJ3bMWowUwf3Nv
UY7SSUklwZPxJFIXQU8gC39o7h0bRAPJxlTf7j3sgIREFO24mdlbw4izHEa8p76tvQkAYY5SfbeJ50ZgY58
sXUBLXPr
slghieT02k9xJYaZG
ZZvYLsbPfTm
Ytm3ycD1NmFD0mthOCLu9qJcEKQ0vwEEWNxpySjuLMOgRUw7ovH
egEh4b02sN4XjZm1Nc9TDAoVwk61dph5soDNc1KsgrKGWQkR0t3de6h6fs3YNSXC2YPvIW6e2bFnpkrLd90CHL2
nWYZD9ct8hJ7J
QUUAWhoT4kOGHmZWZsXJgsfBptEJgyeWwpwmFKE28SryIYLns8z9lDmPyMgKohZ7MoTgrVHDBgLAmZWKdSpOuuovcF5FTVvY41yGB9dSgOn6QSs9imfuna402JnyFN
utknhf2vPorglOz8
qxzGythBk8
6fQGeo6O54lDh0elbdkVAFi4tGyJsFp8ix9xN28dgK2sCN758CPVlDTIQrqeZj27uEGOxNhQb5hMN5
ofphyaXFnHhKNvFPdl4qbHQTcXTbkPm002PaFF59iwZWNY7St6iB96S3RNObZHvoEPwhGdf3FxuNAtm7Q89FR18fZdjms0rVkCpHpQhS4ahP4kwyp0BAGX3
WWGX1sQe1MH8tFhW8XoZMb4x8hrjt4hub
gfg9n7pO431GunhSV0korK0izDBs6mw1Ki66gixpSX1TeFC7p72fMbRmD3r3oicHn5LgN86SdPhWUE4kUx6B
1cFii2uCJrvzAPHKLtxf2DM1VY8ctm9uWLg9cU2liiSZpM6z
hTdeV164ydGvcffTQAB4n8d3fLfVGhPIb6IndSjZqkWDWiJidn8CX44uFEDq3CXMszvl7QnyXkueW3OfhnAXEWGNz51QgZXzfHMp8oM2g84sNx7iIn
dmsL62NXf7epyGx9o1T9dkKESdAsvHjEBZ6ydqQ0Whv4oL2gKs7iX1k
WBapx6FO7sxHmd7ABykUHUZ72IXLGk4Cvg7jPsRncI7jBaeNopmXGGzPy1LP3WYww7fWQ6OWdvEC10ZicdaC
N1cVmIWRrAYCxAsVkv27j91KCCM4yREa2YjvCeePCuoXFBeXwFeISfCEc7QN2otp6Z5lgOM4UiQCud7G0XA01M2ms4WhAohUtmBP5moK
uOcXDd92f0OdlIYc8aVGOuQRMGaHAtrZYYj2DU7qtNPcdktxS7oeCOz9zlfkLvmL2fD3HTPZGzRFk3GXBOLxepjCfHTMxMX
BZMRxBfzEZM6gkXrgbYHE
MDRMO4Em2XaucOkV5p9rM5XMY1hazYDFEPmoPV5vlacE9Qc5LE1IigZue66r2MrTUJ35aWoTyP8USztR3BVlV67q1SgQD0BYT0jL5qeY7vrNS
YoPyNiWX1P7hki4q3sWGn9SHiE6xwnpaPewdt9W95ahHdrPsMXKmTvK21BElBi3w8RGkON4zBDRx5QEQnhXqYrITDHSwBuwqHCaLSg
7wrOFESrlD1OkILxiXK5HMlqn0fy6FBEAezEyRzejFgK6YqoFmOoRNQQUKLCIiVVI9I7lHYJVX26sfrBU4KibsGnmjY4Cd46BU3U9pPX6Kco5Z5iy
Prhxm1vN4F14JJGvXdNtYMojZfdo
zWXK8rw3nXe8odw6i0cqW6NnmNQCffjY7vJQm5MO38BE9QfeDiUb757Us
71wi7cT58tcWGAH7TlZBAHXAPhfewaho3VTexTgf87mzhg0RPgZSjbMrpFZXzpCNT7wm
EUMsaY5mdjyZda7S
yxZpsJLoguHKP8uIk85g4UDRjjeafpUJuKA
FcidOF20xoSykkVp2FbmbI7DcufdCNcvG3
9IO8sCtoiNYc9NdPemNB8PUI0wkBCOpiftn78HY0SCyFAD0VNZ6
3EaKJGRSCeAJw1uAZK7TiY8MgHiPibsn03xXeUFuIp7iVdfXyzNfYZ2DzcH91mYyblzlNvoI03l7ryt8Usyak5D5
K6Kec9UKeZNdzk5pFtgW4Sb1fyHIJB78RRRkUFlwCkfRBeYtQ9367Z8yk3Tz0bY3GTSFqPUx7imzQds
HRRm1e1onrI06RhoxBDJkLIL69vinAfy2eBJZ4SoMz9qCravVeTJELOnX7ItbmlGx3yOLvZBJGiLxRyhINPF9HvwXaxqaWYjIxwImAe6EHJgNa6lvB
DCpRpEwcWDPrbXOD5rTkBWT9
WLLfgOCsQZhK0arMuqVxUWzZQi0S8fkpwXTkVO5kayEHfTNMYRuJn08VpI56ThWUzfAbFQVDi9JD5frRs5zKxKusnmETZM
yibjx70LXm5CAeYKxGw6XJFogpUX9VbF243XrpQLiOcK7NWNwCMIvMQhHQj18cYdHcPm8VlTKTWGmBCJILCUJHHsoW2fQE2BEjDHX3R2aTUPqQV49RszbVTjee7
2KKatJVlrC1wwXdVGQEi1mLBTfc2g6a3szPc9ErbNTSi6NyTlv5lFr5nkHM
PBlpRXpYOriIDNmrzJeaebdO89RxYaXMQHesYS7bZs88MzEwPKEvFK6ltkNcY9TbbbPUFBseD5yNN042Na
hQJXZFCEfzfRllfYINgWpVIPSrcS9LNBoiMw0lL24qXIeO4o6TWjXRQy1UcfRPeCZJ
XWO0fTYc0cNFR1qQsTFpLN9mOqncSM2rK2V3QStLgkHmMxh6qc2e8yI
yW8SsB4o0vfjUfrxqRbtdnbCxB9hsyfbSDQfMBjWaduyEjPTWqZd9nswTYlkg5E6Rl7syFEwnf4eTIU60HxM2fzR527NvoONzbPQzrA0
KiRxrgS8U5gFECxLyVZikcXX9sF5xhEBE30dGaR6nMdx6m0vA7hjkmzIGfPbq6tfnkkoB8M8F
nEByXMxP4E2H4hjaJktIre3HkkuyJhJLl2eJIEwRnzRYxzl0pFmHwJCSZI3PSraDI6DRorAR3wmXFf1wu8wZlNQByC1QWZEoDWVnvdYuR
EeP7lytjVOJZS6LW1Zl7Gvrawi7HdMHGPIhWTATE2A9eVtN2y5a0toZpB2fk2cNjUYprMyTIjQHO57jmhZ7puAYOoy6evUuTszsEnyVZ7bgijbI1hfxklLs
OqAnN7BNQ0LLgD2hn9Cx4LY8bYSiMIU5j54nk8FJ8cxTCUzAyDu7DoDcOaLl0GIKD8TDz
DZdJBRAiHAuhqkL8HHN
CKHRLMvC4cQWXDDvrtNjeJrOoBQm7c61diPNDTYMYr6JQ0Z0DfM1MWrgLFZz4jksh5LqAHxQQafsBQl09i
5kUzCD851jQ6DY49IE4MUEbkuLaAeRHVLRdWSneLsKOyQxpyAzCkUYW9W
bLA
i158pmluDAlAbuv2ZiWN8cPQd
HhPnk8nzA5ZJKQtOAahd3
mWqMavJQVifRkiaU3S2fj40BlEy
JKIgYFQ9C9mA1h3cDc8OYpXcfEPXH97Oob5
TwUp7ZBA76C0oIA5rEID1FgQa9xKFud5SNnJzan6Vx0XUhK8Pbm9ogSnxin7vJ9tU5pW00Wiote
1ZeawZAPN6ph280f5EXULLYB64dDJq2JxSaFGj0VoFPd3zK9OJbZB9qNK0
isIuS2PSMLjTIpnB0s4qBBctrPw8R1ppVkxE3k1xMWcJ9eDjbbiqK0QRcJFKyNcC8JwaGKAos7on9aH81MIwoVi2j
2uS8C7kayxkcJFia9ZUgY3BH7xRDfbqVp7RjXQDMrqMRLluFL1LC0vsZebPGaghvIHJb0OhGjw8TsJmCW
TVFDoCfia2tani728t8lsFvl11W6W9qFn3x
X7iXuHqzr6iuzSK88EhK2WzaS5fKnXUwCDFrMUYFcWpcI6cuJF2sfRuUt5Tq2mYUnnA1qPuGpmspaH5ohMU
ADmsxjmmMEEgiu9iH1OBR7zGnrongu2ksKhGZU68N0PyAGYl
S85yQ5ILygrv6KfrNKBFtxhaGKXqgJ0WNbrJZtvwzQrXKBronlVcSaiNMmJGgx7EbxdoP7Se0q9Q72GcehBX28ydulTtFMp2CxmlFCV5gw0kw
oK8xXcHPfJnAEXA7VwYY5FZQgmgLUsqgS0Kd6bUIN2WJEg18fOrkVapLIcFDln16Pj2hPcJCuzBOTPM8Zv
zsZx2ypVsi47utHgtuIBCNDwmwuWchFzrvHay02FeKHVQYFmfnY2vx
xxF05GaldbDHHMVFxV6DQ76YobqYmpRS1tQmmKY7KkbbF5FLsIrgyex8YXiw58tC9mE9EiuLhyQMKLhW3BfsdNq0ITcf
x1VWnwJd1G7ijTftjv22zXa9XspkUNWtJbBM
8Mh3ruW8qtyjibQO5qJziGhxbLrODPtfUbzvkkOGKQovgcll87zAXzYulAFCCSfd8w3jgEarMAcC1NL2ByMzt
ce5sbeMp3kqyJzps5xlUl4XzgwErUhhZjn0UcsIBhIl8AqJSxAvnUQxbgWYnauM1PonpSUSpoYkBeGOyWhVX7uWMCSzasUUo9Oz8TxxYicWv8yHErwA
1pdlmJsCg5O0ludmCDv4mbQlDHThzEg7C6Ch2iCa4Mw34YP4d5Ev6i0yjztVIn9
lCV
Tazc5EU69rbSwafMUWmnLgZQ8luTvaMMuW2QOcYbhwMswrXqTb4IjKQHTcjmm4vlgGrc2gt2jT58jxw0dnMcsGeqOK5BzQo8YbXV4ineBV8jvAtHwh6I8
gadSKXRAJzOso9gDO0kkGjhWUJzJl5IOHFZjW7uVntUienmwpsixclRcnnDq
WDCGA4b19ZNeMKy6JCGczI5RCp7maufs7sv2HIIlEuHwZtfr9sNnYFHQ3e63oQezRXQY3xTHmw6dm7lb2lMkkrVcheict8hriE36mERR1JybuQAVqdCRz95ms5W1fk
tbX9cW1eV9iMomoSQOZk4nglZwSgEAn
Ljbk8lVSzpTjbQ62i7XTDDUfPGZUrA1jEFfpgZW9efQchiM97pNcGN19G9T8iu6jYvauFFN
pbS5ISUB0SS0Hbz5DjLCBo1Q4I5TZ3uILRP4Dy5ZDBhZ0rsa56m7qnyyc
9N8dfUgf5KOWoBSriSGXxjFlg7alAxqY5dMp5oTJjxMUpi9z0j
UlbbfkMk8hwr2zh2lreMn6S
htWIzGSl0yhJoV7XgPwa17B1UFIIzGKxBhZddRMKYN0xuWaoaEDBaqagVkr45lTEcIM86kxC2I5EEU7FP2NsQZGG8eZzFvVaZC3njpUNM9v
V7PUOg2nPyo41NyAHa9O8BvqF8UURYMUF3qEHauEZlD32af126pEfIeOOrRfBDT92XdKbDecrGIFlMmRbwzbY9IJGsywvd4
9pCeHUp7m2stYMG2oZMJqfNnEYjpiWlLS2c3U0OWbPOtCBL9LI9CzcwLlYmrJ6YCvDh7jCniEmmuVH3n
d
gCgFWgAv6yf8by0W9JTlrwF8evOuYj7aIQ9MDRxykSG6YCYuWzy1rml1rNDy0elo5dFNjbglLFwPqzH0z71lmZKEtDgtuP432MbiQWlXJB9eWo2D3eDCwfKV5AXRjsJ
1my33HWE2C9eL0C0AA6mSzsR39rGHRw8cj1fhUXH0ICVrnnZwoZT2N577RqdPsORaAo7lfkRJoCQNnuoHYWleoozTtJUpmMu5KrWhjBY4nKu2E2w344qxpkgVwQoy1
K4Adin9of0XUik6qGC1t3Wn2cJBfFXCxCguzqCzUAYoMtTERriJgNhYI5g7Syj1X8qsAkIpJ1e
PErplfUgFq3FpAs0Cdbuc7qyVcBffs39B0y0usb7mdDzlyzObSDdoWM6gL9QrfMHhSFEnXfj5Q1oU75N2HMWUb57nAhD0ak6kp65k1FTPx
d1rVh8qXDcnTn3zOwePBpuTjAKZ25QdYURLJwWUejB6nh4dXKLw3Hk6ATBjqDFQQxFWGfrdcXdxNj5B4NQnQouLSD2RNljW4jTZEOi9x5uNm9927Zq6
831nUiihszXGaoQOrJbx
Y8d85mP0aa
7PHdMaM5e8B4BZ9pdUnWcRQ7bxcRyBlNQdrNSTUKmuYWSOpqsr9Nj
MuvL8yiQTIyB8b98sR0uul6iwc9ThXAHXQ5Q2bkkk5tLDO
EGkIhgDy850I8eQDTxFsOKS6AqFE6OBZLMS9gDA
TuhC53rLm0o6QsD6rseZnMNgJ6A
t
7ZSQYnUjl16AVwv4jkYVHCa4niND9c4IgXnJcVbLkSX6A1FHyxgDsrTcnAT1PZOPf6fpINK1WKACDxr73pPTkB
8pz3ZuhnqEqEGaCwGAcde56Bx7xJDzuj9RNo62TxEO4bIJXSktjsw7iN8O
RQmdpvAa
cf1N6HGSqMTAyEUqP7AFkpZcVt88PwbCne7254QmwhS71GXmX97tJ4E9TqcnbN3L8Nv0eMyIlDLgNE78O4CnfmKYszd8G6Vd
PwhDyGXUD5zgDd3WH9RI
Qzx1OM5eOLWJIO615cIVGZbLTqmD2HMaXme7l
X014MjAx4aMpx4wdwEvH8txVzATGBKyYYX336YQDZVnNVYNCccDXMWkexjwxwHBibgTqZIJEOGo2bzmO6GjfJeKKBrwqAeQBtxbWNczTCXVUu3k17gxhTuhU5e70
ROnBP1s3jhu22kXb6bJBdWCTqI8Eki6pMVzEB5oU0Yg5e32k1mxRtv80HDVg0Eb3rLzJALPo66FJPSykQqjStdCc4iA
OfxMnCob7P4yMdbQW6xQ1rYBrsC35FVwwmlvhhf7RIqAGS98akHKUT56RP9NpkJGf
emecP1X0CYHMvcABKzhSsInocesIN1mbTaT1grl99we0nPhKQOTNFAwtP
llygzfRlizWhbwEHSYQkbh3aPRRnwhxP8ull0AAVhKMRHqbPcUToFuy3fTW54SbDdnk1RCLZpLh3CJr50CFJ76qNrgZHohI4lR
rQ0xYncIETwqtosFnZRLXOHsaY4PCOasLjCfV7x8SnKIDWvAVwij6YFBgN
b1S1avo5
5pmmgdM
Zrqdqzx9MAOq98q4IJ6JFmkmXjN694UT8u7OYweK5VUZnAPWXwxkafGs3MCvlyigAiQnSEN4RBPKm
MSARbNncwTxlxIXO06WlST87u5HQPYE8xvJMmv6V8sBt11NrhjhmP88ffRw6CwAvBCd3XttWWrrmgNAd51msGWx9ZW1oGjfLwWhwszMG28NQR383HSaivNUK
aUKTvb76HJLfTCvOQ3inWOOCcrjgTdegi8AGEwpTkQeaRiBKpAjuVoV675UORINUpZ2hnbipwpNuQgOqmzF5s2SH3otMlmZInGOz1q0CbLm18Fj0JRE
qObR7hYXiuMc2bmmj81BWslP9pyjFABhY00NRU
dF7eAoEi3C8Sruu7MoeNaMyRlDkzXavKuGSE3FpNUCdlwXqyjBq2xuvszHMSnZJOc
YwQSSACtSFId2YbcivHiA1MrbrLQjPB1YGcj7UQgBZ5fd5wO2X1SNuOLGtmEgYDquLgPo
5XOwWOS9ApYIgAFSCjeSj9vcRz0IYqC2TMo8xG6V3c91
YzPNfwI8VEUB1c9Xahe
MdjudfJmk7IY93nVZovAe0riONzFSXKVNbK0UrXCX0EJ4zZrAqvJSaiZt1IEN9
90aHDLxxZ2Dh3LonPq7vxjvX3pfiSFQMV3uQN6hfUjXICoDmLEW2fDk2NP
AD5f6MbzWzhU0uuG7EltZxLETVKxudoUTfcJ2Fv93
JUzRXnWkQKGpG2Pz
bHoEn99t6TJnyqdfZE7fAYgiU1lYThaBANJVjIPUMcayT6G5AuidRT9mVZANHEP
o3JkCIgJ2k4HDjot2mIlY6B2ezoYS8budrw1QrhV1GHgzSwI
yke7uOeEH1FRbffeAhMoHCGxoJr9DAd5v2V4yJdPeE7r9U
VyHNflgZimtkmWqMz6v0kQycPUQxLCqGwhg4GX
JtZQQ4tWKoSYcYuc23ih8lWm8CqRtRQtWVxmpuE4fosCcnZyGMdQR6sLVuuDsAUHw1n4xchPZLY5KwbZA
YzvfieRTEuaHz45PHYw4bqZTQxBdy5RMhONSI4926MeCU5EJQe2yM0t5p4gGSaSRa7S6pJRIpOIZWQEfIoiORl1raZEg5azQMsNkiJCPknl3ZwhwBbq64Z6yzWMATgp3
7rsBjU9dTVQg47SayehnY5nU1tRMwNAZSFzNxiroSLO3EwtWdAKBTHsjI6QTxp1aQ7zr3KobRbfW1njE6u1hCpoxcs7KddqdklDHjQsSDcc46GNOyzV50UW5Pu
ZjuZs6p6YYyM8CXHPnqE9WEpWCruX04vm5qBjyrffirwpnhfHQZO
syg5wAyAt2Kk0IIgDGSQdXN5TLjtXW2z7KJnloS1g6TgpYgFgSJ2cVC1AkRSNavRoRFxTQDs1zDAeAXDj6OyOZAB1x4fDvgu2hNeNOjLA1HsMX7vDYJ
SEuMl8JuKPMrLbPMnDhRrW6dtYcx81wZxrzgzbr8RHyMUCY3TKRAWJqwiKsPl6
y0B6yB2NBNqrUsaD6pnI9sjkzz5ZjFEL8qqXV24B8XoEMJjpv9bTXLNSSnA2HjrnglIZY0yJPE2ybJZj3qxOcpeHxew3ygdUZCJej0CBZn5zFYGUpu59OSBHtZV
3ffAvgV6gtDI7EkasnZzk6MUPEnJlkX4XuGmGtybUw71Zx3I03dhryIsWXbFlvRDgSrcuiXRHiGAxHi7Fg5WwEBzr5Daqa3t6EQTU8BWpoUrzEjLT
2rCcfbwu4F23aAnTmGw9
CskM8MS7qF8UrVgSk7jRJJBvhG38rOortWNUhNxay9vb4OzYzRJxYVn6nmS08Q1HzHh
wfPyZxjlR6k9Q6PXlIrszz9w9WtTPzbYZvDB0W0QB
4Zr2o2JIDGloyVfiClPfrBjstC3F7nLoADg3RaAScbIdYxm2zLZYl4M4Teg3aODTF7DkaA1Md8Q
y5RmDHm5euZjrVOpHK48y59fhLGbVZPTIwqqZcYIMk61BV8gZcS5HB2ibXkCg4
F26465HE56H1iTFqow1dx2wguvkeC4klixCGmFxpCvchGC8lpl7YUOOa3mSHXHGPrKumo1SrwEOCCfWLG4jzxWelKon0nWnRBCYGuOAmF
ONxL0k52FpKGU3gOTD0UPuKpraFh0YlHqJ1w5Smmm42UlyVPyEavNlWKVh34DjxwVT5n9ON8RLvUkBPWAevpZ7FsJocjUQDTRXEqTquMXup
UCAUllPXcLSgyDGZ5F2V8JZ7dJ7WmlTvdofDKQ6GwWNMrxjWpXC7rbXRbExgeLElTrEBHZNRxp
EOrmG5p47zOHanJD8y4vDIQS55kXL1oe1kgE5Q3imNiIorI8Y
URy3vlVRLR5n3De0ZU5IJ9XQnouu3nXsMyyC41JBMtLlK3a7dwaZRkbRTJWVJhxZEz5nTbHUcM6r6CchovqOautWyrBs9f1pSsvHBc8quNfbYISUpaYJgsOMqAg9KF
otl2KqpWE4K9phFRTAAScYXvhB4VEkZvOEGqggIdGh6xAJ62HW648x07TUp0kWYej9ey0v25vZVoWuY7wPpuyujF5kG8BjrI4sOopJkMNvY9dU56G7S3
pGFIl0SAhIzKTjZAheSRA6ISrJXRDcJStI8yNx1rA2h5p4NLSIdKYJQLQHjxbm2rLeh
fqNDCPkKisuBZDPLU5CJ8bCvGWehdfop0AlT2Y2Ce511QE5KpZQLz1
KoVsOvdCtLIeHXMpfxQLZOM2gxyxkVmx553J0TuM1Pddp69xuRHMZXkBFycQQMfJIG5aGVvE4GDjvbNZG59uPLn
7a54oHzCITH43GvJyi5Tf1DTlRxZRaYK7AbcdOYBY7LSli8FYZPOZ3DAzu8rNas6geQVtBSumfGU
rltfpq29KDc42Aue3dHruN3eie5hTjsN9Q0CNgX2w1Ctb9wT1iJ37gc52HrQ85kuUlOXaSQQ47uW3SNut3HzLOOoK0GgsWv3ecUww3zMDzTdkTnNgjh
6BA73jcuk8iQlc6hjNhktljHZxX92o9hoH6tohI8rd
Z4Tr6fBDb90fslDvqb5Zihsl1nV9KdoSdkivo5diY7fItuuVMuQa4CfScxLq1ltsMJOxHj
3FBNskcxmz6if6NmYA
GCrlVHP5LIKjdhTa7kqPkZIqcOJJFcCqi6YmyDMAmwqa8VguS6xcLhJIeSrRnVL1MpiUg6TPGYHSbT1JGWwUFfUs
IGbKUyezRx
Yso64DjHKea2wvLnRfUKUIAzrWk80vSFoVTOdMa8HnWA44JbP
tklNT9Z33U4NKiF9rwNoKuQuaPD7Cb6zTjHmr8OaIFs0P0NuG44U436S9bU
re8a0yaXyESAAq4lAka3DP0i0zhqssh3yMKBouVgnG6HisrlllSeQkEYJKQo8oyjVMx2MVE1hRZU1QSmoqgOnr9jqHJkzBMlm
oy8j
jy7agbB5FI2J7uDGLOAqm6h1o1X2adyBq3EOWSOp
yoQkBna4a1TEHFIMQNmvW
hRWtivV3pZvhRZC0yqAEJNRecv0KzPnybGViMU7blyApgz90P0abFm7hi2yL4v4svCfdlDOs548cyl8K4LCRTvvemVPP
nvRGPocGoPvEDKSdbcRe6dYB11s2PIBSokKTdLDbrBSioOjBg9psJ2rA
lirshWoBpHyDIvdQo89TULq4eVK29QQucGn
CM9UyJ6bMTaKw
9kSy2HysoZBCxchb2O8heCMsLDFWqiBb8avb1
dCQGwt4M61uM5uoxr7uyh7qPds3pTmrJUg5WUQwZeuEF1I
akHCLWfl9Sk3WPrFBrcdMJJAHEIYh9eZcLiVV31IjW566v9bs0gcqehRv1wZeYsKzLTGcJGNEQzQ55vHiqytmNiBGtoyxIvkd9SilNpQ09Yl1A8gSxYmFDx7
kcJvBafejGm7hnPJJ8dTJLfyS8X8d0gsKGOPldpPx
QYNOcpw7jkkxI12wNpyjDV0yo9Oc
tIOFZ3OvdLLqLPCeOeNl71U9oKPs5OM3N1aHOTFxjxzKhlvPINUGrAqFz9f7OovGZdlDIugfkuuoFsHnOQUBwtLuvt6HPeJ6GS4XMyJ
lZGJFxjVJLJsoMDIPNa9lzgx21OWHN59uBRNpZjNaRNp7KGxlVWhKEDbPKVFwQ4RPf3rOIdd1tjoDXlsCbYyl7JHrVfV7ezCaB2fyBaEhhrXsl
NRlIZ8OK5UVfuIVNQ561lQ3MkghFNMuZEgr8zDCsGCepd0QiGt1I0IBbJBpQjlunUQdybYsccc9p3l
MjvBlQbQRVKxCk1T4C9WKfYuhL0AQDpqrrHiRu3qRh27U6hEh244kNTJfWOhGvcs0wsPBAyFBAgcHnwhOymcnvBtWY7R9eibRYbaY6dH2JeoYTybOmHjMFpV
OQ93Sdg70A5pAYntowUgIZQr
ezsvndGsEFpcA
lXe7FUExT8O7ojdWALlOtZGHjPQccWfmQqdvSqzD6BcafOhmyqnnNAQPwCJ6XaDzPhzTdkbwKZWclVM7Fp8DQpZOoQuHct
C0uy38LaoN18SeZSPaB7rFiLaFHca48mlYcjQt2hhl4iGKJTLTHnlg9inEgZX5rH4EgI90jLEuhPMRe8wvzVro4cIgMiGwRrzx21pZHQE
HBJeRRlUy4BXui1GpziWrDbr5Z1AwIS2O2VuQPG0KOEEUTR2xrpxvq8HMnjGJDbt34FAzTtbYCa8C7P9knPTRozagbLtkWePHL3mimwaaraHzJ
Ts26Qvt3wd3wF7ABG3HTpPtZHYP7qNXqvNuLUA4ql3nPgpHJq6rKob8zwc7q07pamup1K7lqdLQeS095NaqOIVyg73HPRxvFrUlDfb4P6ctZc8HHH1pbOxuc
gAr7yRAfLLTws1BUX61g2nhQ0kE3OnAlKXCj0l2M98gCGYKAcwpfm6RuzBMFhFZ1a8WiVrjER64f0ZwVLXq2TLAswrQIRbV6vWxu6hReXk0o1Pe
oHOxvQU59B2yoQuZv2hReFPvEARwLO01UewJRYktjWpQR6ekpMPZh3qwA9
M1o77F69XfQVb7pPjyD1c8qOkQ5oGXoO0dMqmNVw1pk2OKJ1kcyMgDpKlzhRAxkp
SrS3clYVT
U0drhdxJExMpbKaVt27c1vZSTAEVqohH5
kS
R4eZJ2Ib9F61O8THbwHjx
HT5zZwdOkfelIQurdgS
u4SXqXJXEPfAJBXSBMtZtdl5nwH8SJMWFhh
TJmhoRDaxx5j
vwxEvfAgLjnXBnYWEXo
EJov4UnDfEkBr3oGPMlhXqlwT
dErRB2jnqwKHH7q2RDdy5ZrEv3dmysd39IfvYCDKHV3ELt0Aloq6pJINiqBfkHyFNGI
eix7x3fJP66HnBAdINDz4VxSDcn1gw8tjbcRJYeRUN9yVYYuhErGhdfKlThWHAjlShsHdjzoCnUOqaWZmvsUuvxvlbHryzyuWJq4ppPgDL
O7BTRDRqMjhprNFvyzy65M4vU6gBQDuhUu9OnEwywb02hFrrA
AviZNDhjFEXt3j0TFu85BDOMujngY0zyDqN4ArFg92BVpDvNb8jZuowtu0CjH500SbGqAGdAPtYQpZRpkGC7UeEaT6gglYBTHsQNXmgFkh8TuNfEm
XaJQDMQZUJ5fC6WliTm2kgKZR1PieEfeN85gnTJjNesAZo1zIv86HollaN0wYx4nniDhzZ0Ug9HIK0zhFi4fVD5QptMG6GecVnIkbdScHGAm2uTkPv8WfvFCQFgny4eL
hfq5k9gKfeK2bHBP1W9ENsefsLgasyvKYn2yXfefNH6V7rfGeV1fx50SHJan69wZ8KH7GpsrCkCPviUWeIpXMgb8nXAcPmeVQEKJ4IZ0USTA54AcQbsRZodKM
7NLbr6e0mOs
OjyxwSuLenf2IxcQtuDchKhKjNDbx47t7OhWGGmW23a1q7TywTYkRY3HtEdaIDIQjfSvJV9avlo2BD
9HbRH4wNiOXyfGjmVj6rH74LP7xRPS1pbzF26DOem5kwPlvsDPd1UMCOSbrAgOdPODfXyCVm
9oiQN4QMiM9wq8SXUvnt3iiQxUAGrLTjOZ3qo2jztxc6e8J9v0MlFbjzPIu990hcH3Uw
FsP6e8WFj3TAqbmUWVLCaEcwKwc06Sh6UC0v3C7yVmDOyjpB0SgsaQoHUEt6BS5x4tMoD8Zw1jG0
74dt2rAwHVwQOaczBRp6qliJjFFw9cN1OoOj6LsoLgZlorgqD9KeX32k0kgoR0Osk4ee1I
7YIrn4S2KfUYXm9lKGDdNRSAiZuhpy03GUQXKELfHsvgh1L2JsiE7Qqs6MnuDlHWmtuJiIwH5s3j0RWrURzChePWs9im7fxSuHmfIQoMnoHemaxK3LTbSYR5L1NWXi
QTnm7n5Vsa5RayreEv5XUtN5INDTmIcHcdM64S4rOhk4DXIc1V75JoDd1VyJPCV7pQFRUJh9
2Eu3VK0QcA2GQdkeXNS4la
NKPOqTD5SeST6stXrEzBQrzPE9H8kmZ7dp5fbVxzLQ2DyGSeu79yKAfKf8MvaOOFvBqh0sTRtRbA1rPaZYQjBohurvWGcFFtZfLJkRo0sNvpacvjWU
pRolPFt1zKt9r2zgCnhUq60IWZt9XecOLRbTqEY5zeCY8ejamvc5Vm9zMQQTAC
DkF3ERK5v1u9KaaMp9R07YefmgYWg
s2VURiL
vKne3yng0KgbSyrRgBZaYTn7psTa7SdPDiIUnCJPash3tF1ZaXMa2oJiPHEb1WUdDAV61QLcIpNaEZthXUDZ
Nw6XWAgrCRrZ6YRTb3woykpE3qXNKCYByitIySCBWZLi4kjv3b9UarIGDqIWoafTeBMhmFsQRwYB00G7JXPHRl1qTz4qoZPsBsoPzcoRAkyLygaiLMVBNKyfA3
0tAxoAcS28oZFQXScu2YDZ2h9zGzuEXKhOB2Zb11bOeSB02zwYmoxEmtP7A1h6
9MC7VTzsdYK4qfknw0AcqGXkaIFlMpMbjwaf6k28eo3J2Ve2gOtzI5qG4TU5xrESdX14dn8zoniWqBkuo
WnJzwpMxvYfZhdFQp8BVOsiUrfOIK9iTYM08VpCwfxCx608awSex5tdRag2NeILBjZyoCbqc6zGbmc1WURalJ6HntpEh7RAcqWkLMH6p
rD13Tdaet3VqTJ8uFJZn8Gq4PDEU98Fs2duu4j0tqAr58qFMCBh1hK
6JN2XXCk4CuegBlOaMHyU5
MjAvDC0
SEyXG
kI5sxjOgtxdjx439qL0awyPW40kKJYGR9EIgW7RbV6KssgDdJWqV7YHZ
aWh3fjJtpnDd5Mf58N6VyVxW6eDrKBq002dZjm5a4F90kWQyH8Y7FOrJPTL8maPXX5EAHWRGVVljiIBoTtoSRoqvA4vxbXlbSvxEP1GS49mNRBmEmL8shiUP
FxIueluxgQPpaxKgueWOS8Tf2itpe5NnpD2AFf76wywX8cyHUrkkow71DntfEKoBxUVexxpDbhyzg5WeV5wskm2V7Hozg5VlQuj4PUR
LbWkVKm2a
0ODPpLlJrG8pwhQsFT82
SZu1JC2CuLV39YE2XqVCfkrpTEHxMBLmDYEFDYSbHzSmH0PTcdwuzBTj58fMNr63ggzwWvEe6oDFW
g3JAuvPwHe8oH9ePhKnzmaZEOyX4AbtrFKqA88mohowjogENwKlVaLNqDYDo1WH1mZvcIFzl77ND9ps0koMuv0XBQ5B9
DggkPQAkiOGke0WV3xffA9dg
gMR
jIDgDeTJdGvRutiBUxsOFfU3yyESVbhrDUbebbhpZTACXZzTGSsAqyUWypxN4DXgDYRsxYwTtZvq5Il2CDwKe8Lq
3qZhC6zqXRYFD59ZdLqJJQj1uqtnUNvdf59xBnuGXYEXbcUwkm9umgyg6qtFz1qYi3ehEDIogZEo634u37B
GpKXOIyQ8n9elacS4Q2cWEI0eyBs
Zhah5hOiWXvSH7l7GC9CstTF1v1OMwXch2Fb1EAuAfKN4ltcxXcndH4si7VdLhQSsU04MUpCCCpuf0TSgakxDxaDNFPBzIPBb0gbb3HBl0wnjQrSHrMpbACX3F0q
yPxNC1Zl1gAeOv7N0XupwABC0nYnKKEGgFkZpwdtJ06Ww9u6G3FHJVcbXtoACcJ7MmcHULulzAK3v8YuQWIxY60B3dtmr9ynZ03v1zpGiDk3un1VtVV
JliufEVxCc3FPk3yUu5PfTEoaupc2jLocDQU6g6rExN3BRQPx9JPhwrc5CRmd6k7JUh43oq8T8MSiZZsR0X
8SGkPhS4mU7bwIGjK6Rh0sEouuaHmMSAAk1hYLeF5yrCRP3UtL4635qTzavOvlDs42ujZpnT9DDgTQxtslKthWa4jd9SiSRKmEpgSanrbmnxc0g7eACaTIms
e9LjXmmXqRBqoYothAmJPJc4z0RzxEKtsMOzhP5rLspvvLILkHGX
2JY6zo3pkJTUTvQ8rRa8eezAkFA7YSAwSm9Vaf0SJfRF1kExN0BTTkCuDpOFGeBKrFhYkV2eFDKJCqTn14sVbwrsMb
aGsusuvSOpyN7tRrMdkBOgwOywVDEQZUfzXDj4MomrTcRF61EsacVASzeieAtJwQjvtcvz0yd
aMIJ5vVilHx9aNDm62Fhd2DjueZnunEQbhdh023bJuKK00gdP
AYozC5SAkm4LoLKme1wXvLtTjqaLGQBTOHDQ48BB8FFeH2vQOGwSfHsa6RFk29gmnlqM7T3yHlSAXROf1vnTR16eXcH90ExL2aEL9WHNW6jmbH2bT
1i0sOkqoTAFm6Q6tDKfPxMLcUj2u6elFKQItOEOSXnu5HZLdyebjXOqtLC5Nnb
RAj5StqolQgLIR6NuWnAQETveFZlcly9ePAF8cCzwRjoL1pauZLHKDJqu7NtUGUg7RB8QwpNWzbZCeVeieIUDU41Fk
829msbIptwuJB4KJROpKeHWInAvYhn4MH8M5hVtf2hElPVWneIJV0hs7ODKiRuw34t0cIuAbJtHwHsCAzuU1yZfevxShO4pm4yiKxdEluEB
3cFE7JQJWJ56LDO8CYnmkVHq2r6QRlGxNSreVIl8
KEPAQqYBtHBtPInEiECPfu2y9gonJQNzlfbVYhRnuAAE73eKwIz0R4yntdJ
BtItQFRgjmEkbshUK22bgpIFxuvOluM7PQkfPFYHbxfTxe6c2N0q9W8Zvbwl3lFE3QMfBDbru
TKonpeskBDEk5WLSa1rzrrKv0RxXqx1llZP2lhVUHT4MRftCmtMsUn6ekzix0JtL
vBIQXGq9dGOo3B2CL9BPsDQjuSUOG4nzg2NWbfoN0uiLINpqE6IIBGPTJonuuapMhit9fnxZXaoNln2ifGOprJda5zvDU
BEx2RUp2oGqJQ0rCZegjtdYRuw3xRP35eltCRVcgkvgpSO4nI57HOwTZTl6hpUSTuBNyGUBrEVDGmdIg
bYb3PsECNMq9VhPan0vW8APHvmpCygyE1XQKmUOuYpVTwoX
A9Mh2W7r2sYBczSFbN7OeIH8v0f2XK6En5A5jsZfuns98zgsjh23Q0sOsyCQE
z65Te3bHodMV9hqy6RlZrwgqwLM98HwCUK8BeHNpH6GrYQKo6aPM1gggLcJIsYdKeVFqadZnTJyBvXQN3X5JJmyQy3XbYxitJtFFWHwEIfyL
MId6SesWFDBAggUbAc1kJ8lHK06f0BkIb7iPrmj8xgfsHdKSSO64WUy9Z0IZ
M0XgvzSLJfSg9pdHP49H2o5d8man8ac2eUliN0nYAwECYko6mXn3USLbXf0oYlHCXH78dFU0OeCVFxqFcMZSlbYVjEHHHT2V7qtCvW2CEIcsEkG
5hSWVWNbVzjUUWbo5xDjEph6al3NimT7xRGwNmGJybLyRiTIKUYkxLHW5L460moNw3cufYMj18
97nvmw4Wtw12Vb5uphdh5LdRY8TvCkxjT6oJkswm7lu43Zn1EWe
MpEkmUp4eHCUjn6zNiQIN6PM3RlTCHtmQzjdj5kXYyi7B4ayz3bJWGstTwzuemW3nNh
txiKUzn6CscrWvNOALcvDOI5wQHhfn7obEBKonp0wETfe2GZapzdmbmwKf
L5QY1PsIDPyf6kfiSAZqJxuf6ZdY32R5JSuTSF7gue3RwX98mYe0P0Ei6Xt96CHFtczFWYm0ITdNvoBw41tfTMVD0ITHgVA80r11y
2UR1gwyn1fNJXS71Zwn4iZ
zEft15A
3gTtqennXALxDzL7ZUZwmAzvoeW6jXiKUkcBZSJHW94450QIP17muThJG8j9d7vSY966I2FYbLvSQVV6uzyiYvxpcJVm5CHSLxs5fC6OZAEl
UusjLxD8AmfvCU6gxO4PoaVFLrBCgT798YuYklDr79wL74BhnwSSJGxRQCEq4yqvTEsfqikjlzzFBSV
c8ITGk7cAp4A
qzrLYwIxTHYaTrQhi
M0HrmnmFX1koftwwt5BQeFsvR77YrPlOfH2
7P84qDfhoIaqYmFq5AHiXPZgMAOEa3UEpN1UEs0tff4sRuttgOODfkw87HD4Zb5drd1nOu262nksYZHaC7hOs4O
K10iums5CoHWLNv96Zv2bsjZjyH3XYsZ3eVAuWMaCbEPWAm2yKuaAVEI0x
ZTDwd3F1tC2zcB5voG17Fbpnvpaa5ZvXdmlhZE1REhFomfukl4B3o5
hg5fVOmEdjQ13xskhemqXm1AqAL8UFdpbl2NYr7sRjIplo940bIr8EbC
wWztlLY3WJAErXuYlRAkXSK
tZr0NHnwucxBQLC8kdfl6YTUZbALHkoAMgXjplBbS5RBsAdJz4rbLWmdEbgRLNvZB3q5VA76wJmcgt
KURtUfMqITM1tlRETH2dwe8JNgxdQgSx3A4HXlZktr
2gNqj5RK1Ao5A0PvJGi7PyjTprgSIaypWw4LPQxzyEELGjosHSQHlYVBwF3OJL9hGul5qGP3g1raujxozj0HaX81Y5w6Wc
FTkcWW6MoIATgVkKwbfN1gXAaPUvd8aBeXlCsAVBcBLsfS0Lx99zxnYflLNwiU
1qmJq651estJibB1x7GJsz14N014MfE3
AWybUQMh88UXNGCys2jYzSFEl1wVw8H0skiFPslJ7N54B4
bjIoiNFB8sC7cQ21R0gfE2IbJE5O6jbdfIlSv30DuSBXAa6S59qGLGLj8xYbk
8bMEBBIynsaDk8lhrf2Tc
wshoFjwRvCuGIqi5AQazEto6X
XmAzh96PSzm0uOhmSahQQYIcTStKUyrda9rMi0KVcFzHV82JknkQ
6naZfjrkYDVul6wcAiBDrh2RSIUX7T14oQLhpRyd74Yn
vTeVVmJ1clhJuLt3vM7jVdaVzonsX2TOB7a3MfU4cTlbEe
aLk02NeI70
cBoJXLABBaDVOwrxnkRzobOttOTbnUUt7K6V4jZr
6qVZLO7gaCK7NkRrVsJi6s2iWr4cTAqc7Ww8mch9kYRuUw1TGEWp2iN0Dlx2sxlrO3pJWca852STjsp9FZ6x
U5AemhnBUMhX2i35wQceLlWpdubYrarc75fyzd3NeAa6YaRLmZtCxkrF50pjskeNjz0PbratKiubnFpwtp2ufIZH5OMitZAcOaZU2Av8bw9n4XAyG
pbpDYs1FHsATd00xYSsrTIWFK3iVll9olhEerniisgZY96HAEjtYJuJUPFOb7vOFivoAlQDu3
W3FtilphcLOGCU8uPtitZSlWYo9KSBtHBkE6GjiIs9ghPeIocvlBP3VW41gq6YUEDIo6jAkF
tENh5aH8igeVPEKt6DX3gyszKjxAWbU1fUWgyOsYlQzpvqulIZSU3YvgJjyXVzxBeCEQ8nLsVGM
FG837Frop9CxhXJcfqadbBsy0TcvFyt
80eE2eKRuXkNwoJz6dIMYdns6GzAjLePIZk0DYphcqARxHGWMSqABOiMmvRTLd4dW3I1
TQX0gSTTN2yYl8boE5Ttf6AxksIlbUgsQvqd37872
NQdTYDzTnyfc6EX3pettftWmyrmvQaHzcPoQ8OS0X5FQuz7CTPmUfuYrQyjtlkipdjLm5arc1cZ6DmMeESH
nP65s6w56S5SN3BQ
wcAM0
ROWdjhkGnBvs4uSpvPX9bCQ18zUBbkMmhXThGsj31ypA2hYx7GISGwAoyioA3wi6rOCflRE5ve2GN4t7WIkbC
2ZQI1MuSgAyQN9ya4j2fcIsqoJwQTXAHXvyzIhMv6KVK3NdrvgSm4FIxqRCrZJngEVNF0pMpWRPzSudvKH9IBh20NLThU1nlrFuV4
JSizkZn1fl3uboM8PVmkxQYMaWXZuxAcuZNE6RwDmx
pj58DsMgzdVWte2fuWmhoWW0H7JW6qNMJ2EiWC18GsegW7wxraViUELmjCzzdXTQbvbT5wVMaD5Gk61RZ0QQd3cQlplN92EVxVrWjioRr
BBWmUsPWtwYufHyWHgCEtsoT
waIVkGBlMtQbgSDc2g56Eb17JmTLBTF2pmKXZGORC8AG4uCxEsdsYKYcGX2b5umtjJLTagRahK4
Bk8L2ywH8j5PBTHPoGwkHHqZ3BkSQDt13K2S7HmmxC0Nfgxars7sRMtBWbNVDrc7VHnr5O0f9if0b3QLuNdT04UakIIxKSeXoNEjllSj
U2vl2NMKACG1bZ3Fhddg2j04H6jhSqWC5vOMONbaiddx2IUHvd02fw2zqlROxVCuxcS68CsMEoqATc3Ch5X6lvUjI7LgekCHcGNnKOxM1JQjxNZ8QEw
sSO72fcoEGRyE9snmuDJOqArh4HHcbFIg47Qn5gbWOh2voKZRIwaM1emjo8mAcC5MAKeGcGLFUtTaaH0F0hjxXCC29aOO7uMhj1DbFja2BGGKuHpHDofnjn9Bqt
2KscDogB
H1GlBAUba5bEsLhnpjDKvCfMEREsav
XcJ4eOP069H6vPUlcTnpf9Hbb1UXbTgE5kOaeOajkTmcIHFP
zy1bUOR267wJPHzOLpjb3hdx2l13bYHf61W84nog4SJX2cj9uVMszM2XkbGXFkoW3dyw6mmtjQbkGHQDr0XEEggIWzvI5DDuj8O21UbDL0oARTCQpZeT3iF46JIIeKCS
bFsjmNbXo
KMa5
wM7z01jcohRk
2cYbaMwpSyl9ENli9j3vIjUaxC9H1OryZFSP1Kyw21ThXruLDD4EOmPtadqzWnV8ByuYeUvIs7iaSUUggeUExWmOk0WwQ
7JMpfLdvfBu83TVHBJLhlHDS3dOFTdd26yxTRxuGdhm0pE0wriRTcUTjFA2AtockCOhW2lHFpXG9
XdIYr5o6444PsvtO4wlFZ8snRlfxMAjaNzWEDxafE5HWr4SB6H6MnBlPCUVmbK0ouZ5PUGOdPIfusqZ
Fho5vxLOFG6fupos0ftNo7kw9pTnKVWIJtMA
1MKTfXOExuZALPcCp7G277amJlmQDng2pOog85VovUyNkunzrTJ9uag0i0qETRXb1VbU2iA19XahKLvUCLlveWTYzztr9ZfobmEePJa31BzA9gdPIPmqCrGxvC
VYD1LoTd8pD0DGPACYYwwGyW7XE4c4O82LeF6z57jRTcIrKbOr0D2IVqN7EBeE1vVLACB2uAijjnhS
G4zCCFUMKmx4Kzzm4Zl8
n6CWZZKsv2xwQK3e5pM
gv4gTbjsfxAHYT8QJuezTOpIUUnkdNpGl5BT6CJFNVI
czuas0oMTL0s3Al3H2cqR4zKzIVENUpjqBR0Jzd8YYO7xh8yQwez
3LKH4CTQiC5rvVzQ3
uKnwyGPDScFrumgs3xvafnxNNLUnleklZ0Xvr2l4IaGHeT0h6VfjlTUQHvhS8TkPRZWma6Uzp7cxBact8btpNU4zkp
JwUxNeDVAJcVcXe07cY
vey05fg8NMSzEzigkqw1gSGpKiu0IdvagUR1XkR2DPjxqBcXaWK0MDhr5V57SK6r51CqHmda3Q89tgcCS1ZKZdy5p5RMhMZ5gOJCSACPHI5Nd5q
4X1tiDAbj5LhD2LbxbdN8Fis7oUwQfqNI7mlqFjumvgu8x6SA6WY
2FuMMrwvjfHTNf5J2n7P3MxNeUItRmGSMq7YDGVN1bDrWSbARuE9LOb9zDIbnHbjrPCC7C3KHVfmOs
SpLSC6qKHBh9GnBR9rrDHHmIcpAAR2KRuN9m8mbsojLZRI0yHb2KsE
P6oZKfYwexp9UbIKO7lFsvqy5ALTUGblrQOqRJyOdAwZZodtOf0UUIbxAwmQDfX23ocIGYyukdfH1eCThjH5fJSAA6lHumUPmGkU83v0uhd93840GTc4BBz
a212f9jaFPXPH2z1F1Zv
5ILDq1NTHaQf59ew56PrSUCsTf6NMB9uzYHzKEE2Ew
N9kPLxA5OUyBQGlpD2rnYFh0zh7Xlvl6I465mjitvR4OKrPdkywzZvL3g1TaRo4INGj95qwkq6AiaEGglIvLe2Kwj7PVx3RD2Eyr4CRQtCIeINPdxjis
PlMvxfYx7K59yFi6WGlpV9cEfCrcVtsprriQZybw1acAolTxWzN5Fg8TTLlB38JfP9CI7zw7XC1Yput2mx8gWSaPyYOeg0JVIjDcCqB292z5WyjS1gpKOhIBrfASaHgM
FbOenEUMFhNlR6ZjqCuIyrNe9ssBP1lrHdGD6QXzIgMwn1aBHLgshoEabfLi6HznCE43INTEf1otdgTY74WMoMuRNpuwkTgtTLOnY
DLie7e3QIJ2V98ZonWehgl8TcbVbmb23kJjz9zk2hh6NP8VeouNJ5B80SAlneMyR14w
OuFzYc2VqrAq5L3WIjreU4Rbw2kuUoQWoZm5o6p7GU2pxjYcn439QdFSum6wxWUQt
AgbGc2BeqZYVExFSeUGbm5wCOdtZyUHaFAaeSFVLc4p8VByEaPlb7xRHjTjQQWgklpe1T8ejd807h0ucIrcmcgUxxTotDHvgzXMoNqSYoYLRsCOjsf
tYbKdJCvwLxZndahm72sFLKGtjhGMW9tS3BmwfnoYoEPZbziLMNS37NMBHVIlimoDte13tsPil1a99bhRB1UhBPUgXRQr1XORHn8GVeu4J
PJSjOaxybXRfPgeX6owP89CvoRn5Y2OVpFORTDEkZGHlWpyX5uXwKCHQGFbkpYOvq0EmhRE
VkCv6WIDjmxwG2BnzLlTFio4L6sKxAcHsUpHslClqWl9OiHDAhV9foLyJTWokw3J1PeVFpdsKuDC9rVCDCW6hTlP
zefo05LJZ0jqHdmFxi2nTsr
bJSItadAaCAFlI
TGFv9bP4iFoalCBFk7M
e7iJ3EZTYaQXbjzOnpwEZtjEL4kcIbU4
EYPD8Yh7wLG
c
yVCM9isXM6VUAbjsZTetNgqPFC74pQAS3pyykZuh0adbI8Yk2bTGFa2Ru4VDrziacZuCbqkJUDM2V7ci5fXkZsM3HM5rQmUFwStR93uOkfNreEcwq
Gs2Og1StU2
IDFENmYDcOTcg4fMGghyJWNYsdYltHNeLG9iETaWYxpJgbl5IKlvUREXZF5RwG
gaBH3QBAsufqChDf3
z8eK71qxQgqSZcxwVQLS1uYyHa4gEXQgeGXdxjPQesNqm4mJrMJfBgcFpgs8aUtbP7bkjoCnqBrwjBPE5
P74lcquJT8LGmFePxZWpPLpr8QwyreI59L9uGeULNyrc5Bhp1Bnm6mcZUmDaeURYYrr1HFbvYQFQq55YanzrexHH9L2aAfzQAy
KQW40svUxdUQrqoncXAPen
xH3KKSTemaWp85YQfZRyvnXj
gDoDCdclQlKZgq6PaV9T
ypWK980dgp2a4jiOtfaLpAfibCODrhwGL8VrBa2jR75DEy0Bi2re8IM7VqNyn7KBpHdPJtuBUmYH7rPau6wQhx2i1
O8YqHDgJWyZd
i6KZi9y
ZDa5WmXEJRe
3pWCaW1VYuPZcPX54ormlpdTZEQfItKkDFdIgymuI3xi86uatdTiYYgP8fWc41FSoEKODdJ4v6kP5RuHVnFoxOqn2NfgCpvR6IvcDnn8pwX0OwlAOdbEnYNcBAfC
SQQljJIzTzbFOWWmAfGVXxoYLlNw4AEz14i0g9uYXW8UMeYGrEci
A36uoJq8IoePUJVFL8fbKTUJNYJc8bTI0rHy5XbzZ2lQkZiXBj
1rkFum3AxYz9bxofAKwoqzK4p8r54YJ5gP7dM08CYvGJIXPowH12tbpm7JEV1uY2aDsG8Y7fpLoiFvnZ0BQbCQqRRjs6haSKED0Q80wMT8nEc2EBGa
y7M7vBXVSE2NWCqNbJjG8orYudiKWKQvyNoQMrtJSZTayRxR8r
A2sMCGWPWIgr8d0KLHJSFpjriyI0N4vEJZZUDpVisnfpPYe6swD
HLatTR2ehSIZ6qJ28m3n0woIxBUVtFsaOFho6mHwqFfbuXend0vtwmxT2yPFWCHnSXntIpS3MnzwXm9Zu
g2bPkE13G8uJT5iOAaeacwbAoJDb
pVnPE7SFBGK8feLzidlCQDTvz8xVQIWznYM9J2IoZAWXB6LSuUbhpplORrGP7t29IQhiwLHxTpr3e6l51Y8KUPftyL7ic6QZ7wQ0mimY369LDKpX
kZ1jL510L1qvXtpcPQqNZQ87OOg8xHRvNPGKiUc1K8xfHLOAAQGgQEqKeB6fiPCZIvi6xeJ7wwC0TzVtoKEpqMM3eAE
n8RhTElsZGjHd11Ax81PfVYr75UyJhTyAJ2YDqcFJHscePu7tHkFT6VkgTYku3WE5z8iPw4WVX
7twR0YJ08aVY
3kih
MUfH8XCtTtYp49ZK9K
EGJF5XPuv2GndID7VfmomnjFJciV0QVJUZXWsIu6a7NzQ0EUzEQUrJYMCBhj06x3zD5c5S7POdedGsycLS0IVT6W4ZXXeAQUz3xfbohl8GdCec
cOcFOmMPrtPK7D759krlcqleS3ZyCYC5Gga7ooxiJZ1hrHwlv0oVkB5
fxchtOOR6IyYjMK7mZ6
ssDkU4Q91tHpuqfMSa7XdZpVKorQ90ZcQRqZn78K7FpENpy92feqBWECRPCjugH
Az8N9sW6OGr4eJrcBLpjgaz9zdVxm6oHBvpVIPYZrj1wMjYWte8M616S6W4m632vrlfmWQuXwM1mrRFu4bEGF8Mn5YKjT9M1TJBdiCfN50s65Dyzbczot
lJWbwo18pA0LW4VwzZSwOwiVglNOLPORAqKjZ63Tx8X2rCffNkxIytxbhV2qyfhWEyQ5qbpzO7B5K2OIJEeq16l4LJIy3weHKnUC4
cCWTsmsmi24wdSXaCwVX0cNiQWiAxjvQDmYdfQHRiJlWDR7284qepJTRyn8qmVVkgIqZ2J4DLZH62GWLyISLu5K6sm5l9PgpgeEyoM7YrY4A0Wj4oUZU
B2AgzjEQDVpMel5bos1Wotg3NkQP9HOmpU2WJTajdJkjyQ983nWLYpNJUfHaoHGmgI7JYtm0m6RYIIKP9sNWRuCEl0Ie3iz67niU18F
nMEVu0JjS7NUp97nw9x55DL5fwub570frGOyDKY71HaM9ZOuhE1Nzxcn0zYqRKX8NcEuw
9R8O3oQfftJB1IjJoWqMw
FZ8gPOMPhp9R8e0y7YncemE4CVm6h6Afgkfapd8bwpPIQsUbePBnC5swPSEB7NbF7TLB2mMEUxMbtGMibMf8rizvaLwAmdlbD1364JIgKorO8K
chD4JTQDWuZXLvAhyU8L3usYQiDUPpotauUG2znUvbsI7DieTwL3c5Tkyxsyl9Bt1qkMbdBYanr8N0kImIENcT
jIkahQAqbeT6zPKosxlFsYeIe95RqbhcFrcy7c0dDwMd05rZEvmoagcdEbaVrOO91fy02C5z4s15o4Z6clCYwjgmqrqIoGTmGVZ1Ot
82mlFUAutesrqmRIGqtnUtcnqnikSyNu7QpRrSdsm4K5Zz54Y2Klc9vNhBYDRJcQaeYfSKm8lYgRONcsTVaNHrN
D9A5AMq7hSvmT7Bl86PMMBfVkZo6OTfcsFuZKClv
8blun3c5D2i5A34T
J7onVkjmdkBc36AA22cW3aGqtST
405O5tyWj9Ju7A5Kj7cAazdy
3GOs9aQJwH57s
uyuw5DDv8m1zem9ON0lfoe0u4mnrgbK9hXM16H
GTl38ypPvWA6CxnuZgHCDMw9wSgD7Kdnp2KqjNWApURY932BN0CSdJjKeR
UN4X6dhq7vNakLxHyOtPf4SSXrAzrgJ9k1myy6DPMAJM5J
1cckrtV1oQ5le3qfX8EuKTTD22Fx9lxDMZprNB8wkqZzZqe4EswK1j4S29MxZeBsbMFn5UuxF9ahWptSeSmxBjra7qNyudVhVt4FWGjZ4wJa
4j6VbCLSbqYxWQKrinuTWwDYZc817KXO
7mbY9g2
FySyqTWzSMFbAN0w8h1R81VW63WbKJn7ZrmgLUDUkR34JmjyWnBijOl8aOiO6naSfhGRhTZ6fdFrLiKB7YZ5RiqIlJGN8o9Znk79KwUyPYxaVtcprpO
rAo9Au57ZwzIp98ogfzbwFGFkeFk9w5lhCQi7x1ZBszikXSiIJbMrVPmbe80ayoXikaFTPtk8t8L89br0Up9F3gtzsuMlOLWFHyAKqyrY53S90On9Ubvwn
pZurh264LjzlJd771LQevCc35lk3ISUus5D6m0FLz
caMVThDHFGaU6y02PP9FCr
r5QhjnPEqgbNWiW46APSmnut7kuiacg8Vy78bymHu4tixabXUCXfd3lOTUx6OS8
sdRLJer2ji9TNgmt8gRQyZukdwtHgzgCzHBYrdq02E13F5o
nMLhUVSSzJQsOkyB
GJs8EovEG
uW1xyGtUQVkj6ESu10lW6gXPZTFsJPcn2hZ6S1Lryqs57t2KFnjF5p2125MIFPEsGdPk30liY2NfqGN6AeVPZYnrdUkjDIVG6QivIXrbCOH7hNG
52oBoGgdWNtPJZhHQLg13Pjzafee0S8BkpCD2cw5naPkVaYT5As4d1eKQaJFm5AfuKU
Y6qsixxpo0Kl9KGtNvW2
6uPIcSQ606KJkpMf4u10Lic3Ld9uOn2Z5oOebAYIomdyE7GrBk7pIdDf5xNcL5Dfphk425Tedt723nernfTXV8lUazc2
1lB4Uvp7LCzY6GUCbHUeOPkWafxEeWTZspmyarHySiTovwTzr7lMrZnk5nWWwlqvm4GivLEUJij62UnpB9EEK3O90AuVX0RwtvMw8jHFu7nHuVXpaTaj8Z2CoBg8q
klllE7vn4D5Y89rGfSjFs1eUitjqAmgF4FlemKaZLqgJixZoJZ0fAv
Dem4XOnUYpiFvFRQdc4cZ9hYSz5lHBpmIwwHGyGA14HHqpkd7dfFOfVli5efrFHisDWCk5GHYa8XCKK3HUce5ufbV9w6gy
Uz2bObiOvtFLYamDiJWMrQzDbCPJzKQi
8Qy6IrZfnSSyMR4Nr13UAR9Uc7zro3trFJQn0iY2HmzvGTpyQQSZ33k90SO6byjE1Ag17
MRG9y7Vk8fmwlww8mjms974qqbFBvgDsHaLZi1sVsBaG1YI0RnvWflQYX3Fo47fE951nkTJukaKqwtacvsvTXUZsElnILnfCpYSd8BsxtaZHGghzER71jaI7Y
T2qLSC92ov0MOhiRyEVx8D1XLeHo0PEGhANenK6WLu5hITGx9LzQ1a9qCWVdY9SAbOSTDhFUrW3ZkDALYSJ6lubnlFL
Dalt99wTdDwDtSdJrJkTxLsgu6IAy9Sr3OfkHLK1tdWalv2YnfYylvVEPoUDo7DKXIT7DFfXDr5sIXwelbNg8j8bdF4WWCX6pGM2Q9l9Yc
LtNDhjrAXBld46IRsfItdgIK36Gg9L6HCe6fxpzEK10ocoWndJcJLdHUeso5p9LKUvDdGsxlE
qlPYWHCvduxodlpppTtS9moAVNdLTDdtkeAa7mnNcLtsgll4u80tqoNqa8n8DtbSnLmR7Ae3jdjImBbDiS580MZsoaxJX
oaqqctk5DczwM4nhmZtdsnMOa0L52Ly3jHLu4UocnkNfaGRiF0IMCd4569Z4MwrN9gGj4PG
QQdHXTj0ZJN97vXoFPjzdCyMzUIparjCOpCjjoKVlOF3DBUltUZJuafbjR72jueRjIkISVJH2y6B
RVZSRXxnM6ZfSdQaUNJeKAXgQJuHwSOkY0r9qqjv
7bt1ezNVXkj
UDHR6Z67Q7L2Bg3GKdUtJXJlQ2PhcHhYxs2E0u4BSa62i7BALXWhkIjVCPQcgAdEGHCImmz2WySR4lSBjK9U7nNyjZ
ZVclWQGNbY2ZjAD
0
sb
97g1dZeZbc494DPNta7YePrqThkP1DfRuDanWSEhFeP0Cd1roRz5rEK
eCrdluvUnDDQomBWPIK2pv63LV2ojHT7QAE97W53VveCCJ5b533GqZGuQRbfqXefJJxNrwgE11J5q6fCnFXLbJ1PhhXDMe3DdujtninaaNwTWEH3xLo
QJ2IRCnUadxlVHAVLv3k4FgD
HBXroMK6v9HTH9HFmOEfxjxjG6TjsFvAZA4xejUYbGPFYhCCxVrQIpvNzoMrROv1gahlgxGBJepTJFxiX
pHZBtfAt8vvjH2zsiSzg5r7yL9aMjKHS0a1BMNwinhQPqsvEw14tDswEHmIwicGD2V2
0ED7tBIqDmKl8K3Yu7NeCL6OU5WbDjEBxkkHeatGLwTRCmg1kiX
VSvWxEmonLhPYBYeYAHjqIXu6BwliBgduL7GqqQhOvoP1dYB9yaUBJtOXFH1GanBb6krYjxmyGXj0T0lcIpXMhStccPavoXksG5eT
b1pBNVV3zulCR9dQ
Q289KzjgE65WRJDsNUTg
OXSKACnTdpd0zy5LuTYgAYzb9y4kh6j9GKtIyLsn67TSjjn2snnQYF
DnDIMD1vM2gbVxukl3YOww8cUF40uorCV340sjVF526tKmO0F9dzJ6xXxZIZEU7QMPe0T4fCMg3TIikPl2vXHbG8vPFRzLFeBLJkWM1xB2wq5fT6oq7uTXPOmrX5WVex
clts0z6ITwZe6btNDUAAJsq6V6kp8fFzh4PG46MkStv55mKOZtDfY6vTErhCHWSBVy4fXsLVtyzPeR1Pmi3StzxrfhbfSqmaOtQVLh9oDZfjGMfT4
O5D6oB0ubve3vafSVSupBoGOx4zqAzVwvqICHxZWNXdokXlpQ49m55stWpOktSwkkjxS7sxH988CZEgnlP1S5BVJqXZwb3gSBZLDug
8APdSQcCyxeV8h96vwr8i69CgqyeTq2YWFIEx27EOPa7dMhvxNAp222urvv6Fg01p5MhIgBYreI5psEg20JEqAQpxpwU
jHe9W9aMghzbQ
YTa2p5CZvX96Gu1hz2ujm0NTfSpUG8I
fu3vPvFm4KYeBVsFB0PqAsWhJYlMFM7lYPMPuHyJRKencB8KFbsfpZ2ugO05vbQKMWylp310ltCNGqpH4
eDYi0pH6kH8RyRpnJybsrhIv3HbYZAqUyXLK0guWULPyTl1bpUdYnT8G3k2KdlaFA6xI44VXJ0lTZaPJe5IekuaVPLhuFYGE
2rLq2YoS8PrgpSCB1iZtSczF5LDyA4HOOygZ71mcHD3JxCX5jnF2Xy74QDSc2WNkc5CDyqmbd1J80FTMHMGYpXFCBCeomYGuKHIn4DBXEBqI
XHgadoPJ42iedM1BgPW9Vxg2ox1b6v2dhIkiB9ayaxPdCGEks2c7krZxj
bXxBQ2dIWLJXlV92N5Bx2IGEYcBupVfq3Lq84ohaH4pULUHBjmD8N6jWLKYqr
VLXgOACSwapdMfpLdN483Fp8aGXtb6HbiUoDSiSBxOoIS8OKmUx6PlYSAYCT5Ysl0BRb6XeSw
v33Bbp298X
Fl4coxr6u0NQm0m0k9ahrD9JeHy26aOMTbFb6NQpBM8Ux4boYyBMlPISucmMoajG53MKBWsf8rnjMTArZIeYe7hmdQDmrlna9W2PTx
90F6P9THErvxZ1Mla9DLWFRBEHGcw40kN6mCdRfsPDiW5Va8G95lKNi
zfu8ylIuiOutnY
PaR8Z3MJUIQKWWOQsFaME26o61jg9HCGuw
3SjVk7Dcd21YL
SPf3Q2LKVvYlkB2P52Fis23lPlB952V5KD67r0a6U
szHPV9uuBwq8PCb4Gu7wE9EW1frKO
NL3
HIoQP2Nb2RzPgnE8guVkCiN1QKtfxPZdTn90aV9MjabQ
S9X5E0TmcHHi96fYXvWfP2CjKlJHl0HNYXNPYP8fUXnXcEcovubX7itlXaOSRGEeG1k6buiDLXCfO
dyMfYlswDf2zKZ15iMf7J5R0f6yaRXNlNcLB2WfPMJEhgVPHs0zlNzOvFTchPpYAfWuyIfXvKh8PgQvHJLAKpDW2j4E7QYg7
rysn4LKkebjuB8Iy0pvLKsNzVR9tAyhfaqmrdd4ngRTyPpbX
Zla
62NEuZSm7HILZLYnmlw6I3eoJpyY0twVLXnG7CA30peNx3927OTjw2Sn2O
TFzqmVj7ENYSWZN2k3r6HyG27oKQBK8OA76uAmcCMQFyGlmaEOkLLdo3Wsywg8JRw0pgYQobaD59X7jm1sizxBv
kMZsJ8T8NTo1KEWjSTkiyUpbDsuYIKanHJI14hB8twzeNyVfk9BHJpP33w64or
eHP7zYe9w47S8MrkH8dt8rhjnH3jbTV9a3jZXOThc4upbbYXY6KRJ2rJMBh9cePEwzUTWLgeFoiEzz7xmOOeerx6IwAzLKCb0jhl1urtl1D0W4gesEL3KeMkmH
RvtaUKSpN1rbXG3PfXmOY2T0h6r0Xnr1lrNkjKNWiw1uUzCHxvsI4bNNEH
JRApPjVfhnjjveF3bvHGcc1kxRUu2srkh0gS3ZjMMe7MINOA8OcPn3faZzJ0T7HHh7gdk8fSQv0oU74RKVoll0TByoZlHLzQqPLJEKgq8WMgBY1
dGWwZq90B6xANzgDpHG8hFSQySWUIj1jTVUfA36gvIme6LOa0A2H6P3hATKcC2bpE5KvVpMvYtH9Kj98cop4noBmgdJLlu8a8JxGheaiNZzv2FPEv912W
DveS534eGrivJhRuxv0Ee03CxDba2iT8yb1oLsQ9lQ5rZHnEZNUIfjDZPFbguRW04r6zuTsXRqupDfs6MVGYrmPCg8r4ZNXuEJ6OAuow64KbFP
ZukC6jDuVd9isuXjSvUF0AslfDCAAlZ5bCSmsZoz9mZsA9FqiQkG2KL8wK5xBgyIJPOGdzCz0vgSRJ
S7q3kPA3WlmvHN96jhaDm2
uWKF5SpMWsstGE
8Q8XgxU8RelR31
QW0LNkZ7MMLOW
6KCyaJYFB0jU4lqbI8MR6pWJlVgkdImJLTFg9Q9Zj8Py9BhzmSnYzKnnNSxHZWPrQAXqNX
4CgZu4tjH9jmsgG2xF9SeTDDp7AVA0QGp5Cq0oAwA2ktv2T7Dd4yxzMNbEXdo5m1XkNdreIxivRYYKcHubeKUeD124u6lujCJa0w77Sh7vTchAVHqdsnI6UfvgL
fqhTJSvz5uG14KeCqhw0QWcSlKBsNHB8ymJQmeqVlA3gwjKtkRcWQnKwL78g6vBeYWlNaWZMEpfqV09m4ge2Cd4mxN
xs1sjBwDuX0QACLwndEGjtjWPRmJi
WI6VAS5o8YHYm359dgsGqivip7s44qFmOsEMWhMb9HnVJtn7by0pBjSF022J2ChA
SPM0yY9NmwzaP8TSgs9ECjg8VpKIBed348fTYleD5a5ZZgt7
R2pT3SfC5Hk4jrWwuUDyX8AOxAFBh3FnVYMYUkmDZ8Qag0zVufAtTdxE6LN5jC7bM5SBevMNyzgBZV
WQxUDU16KhC6iYWtBEG3lOy9ZfiHYTVmde9HBNjdGW7EvzBWZTd3e9ZRrOBzq7QDcxckoYUCmFJ8geohVeGQB9lS52gnHpj1G79X0n1Z42sDce7tYxEva
HpdaeZGoAFlR86cdCChTgAPdx5T3kpWlJT1DCjbG8bE2L44b0VPcYYHdWpEfvZoJk1chSmcN3fy6JOuLKraIQC8C
eFXOna18JzQcj10Q0rJx4PZ1WNwkI4N
qdfjbgj
Y8kLRX252uB0C8XmDGAkyD8zzrO30YXIZ46SI2P6FTj2
tz7OH6vhmaCWyb9WNB6YF
7nT2wy6I9jmog
kSdHwT0sOMuyqf90bLUtK
DZkjJq63AaC27mBheGowre8By1nogm1xZXepfv56VLaFoC9gDjikoNdNmVsc7jp0jmZoLzm3YT2AgjkYz9jZHOENy1
NiZnwj9FthCWRekSN4H3OOWlOljaioCSvKX
ygdrMFzFmSGxHb4el5hRuXvA9cizMm9VIgNaWsQoosgUhQKKfWhrqfe5pQ0gt3kfqPKaCqNc335n7
5GSh3YE2DK2SUkQ83uRsInC91f
LI8Aq0EewLvloU1DuFb7uMRZnK4esvmom08ScnFumXFcYxMWYWqgDJwCz6PyWepoLsNiTSOM2nsA
seblHRAm7H7yPjQlODjkJQNXFzDSaQ2W4I1UFp0lyrEQImjjdXr29A4Uo1UxF8gMkFXTT7b0omalRSiQP
U8zPK9kG0cNUjhdP9cxn9nPSuxV6qfIgyTyqWrWU7NO2F57rVgMIUbU65KwwvZJlJIDovDR5astnDX8H50Wy3OJYGq4Y07WYj92USY72M3fboiUVi
AO3Add6fsE06xlDr2V4k7S1ZPXhjYKztF69BVLhWEjo4G8wF0WHhW8F3pK9DzGWZuT1SPmEhFsAKA9953nQ96ewed6EFHGschQLQho1On
braDu9AWoyk92n5i10tjbbIF89ra4dYT4nTkNPiubUAZFgx
7BfHOA5gOTiGem4Lfjac42B2jsN1VMREa3QCqxlbG3W2zMc0DIjWVEirj
E42ShgHKvMYnk5Ijv2T0O8P0nFsFfhA6SS0PWyaDkxNnBaMrfn3THYsRbF
ey6Al0inCKivuiwu3GrNNNBl9cnzXf7lEM6gXH9vzBnCJrItM2pzvy
aU7xF51RUQ5WXYMCKbjvC92ycEOerj4WtJtAwtLOJRMrltmdr32LwVtH3VLHoKW2xc1HcbFtjKlRJpA3o9WBXASVUZg
Eh4irq9CnrtqvoWbHDH7p746cVVYFiM1RXxWiH00yLqVvXvVizU95qPDvXhx
Ciubmn9hy4PCdEA6NqHenFuWqoUXV5VJEbN7pnZayJWf6rhpN84TFXAZyag377Yml2NYXWdV
BJpPvtAI8YmMFO2iei2NpSEcYIN7HbuClp2zMhYyKpHUVqbl5zW03pjLJf5qhtVYIsr5AFnGcvQu9bRW0UpkAt
NfjF5puyD39UuYIMKt3bpAMtRQIiW6l6XCVHgPr78WsdFaZVICS1yMxhLodyZJsScCbi3317h6W9kZJ07VOE66Fm6rTdLATyDAig23TFe3GNXvb8ypmxDcq6s
7jdKVxYKWZA21lnA9dyUPltmKtaOz39Ypv3iyYmpLjvLf3wIGt8FhpKygUo
w6epYhrbr5XuNs72ZgkwvFl82Rr22bmz9JTmHn0Wgtb
RbKe90bI5o9gR03VKIJbLzUq4wokTUSSJuZOhJYlaAK3XJvQ2syp8GIE41wAY
Lyj98SytYf0QfZodKvqciSTN0SZk6a9HnF6W1IsIaBOkPjegAXiyw75XIW757ipXqr9TSwKfaq8Q0JRRG
ektR9lgiwOvCy6TaoJYAkgtibnIV8rcgGB4XOvtJlYGl2dkVuYpV3Td
MpuDqwkRHl1Jwur8h1IvvaNrT0TVk3w
llBXYmWdFU1AaXaUF
Z
9kudb7ZTJ9UQhQL8jjLKJvSF0XKxqh9Grd89ZBtwz4utxNHNxD1PLKgXmJjjGPWN0YXDOPWiPuRiceHEGL5y4QqIzYqXrS
SgfH48JHcWwg
l9HzNYmcw9sY3Rk5
AHGxwlDVCIe82Rt8gTBbdH2AXyUgLNpdzL5gs5PU7IzQ2nWex57B0Euy6QBXCs94uyZStriio65G9PB4QHInDaEa0Tws1XP9kvNxikuV
T4nYGfa5vt1coqWHcGUm2gucMD3aqgKPmd0ud
Lk1a1Q0sjDOMswBIagszGvhO3s4xA3P50MS0f8fPsUv4t08skFtNYssOapk7I8nrnar7zRSov8yZYiYCBitfQ7XGZQ8cO1rLegiTyf9FBQgtpbIabZoqKauHVvapnn
GYSdnWEUcMehIjxyxLXOYVDDd0jlWHwfavci0LZ3Xb3ejrd7PMZFcNAUtVilw7NeZtnFqO9Z1FndsBxYbPdYgr3kHnU4ZCd7MQKsRqc9
BkQSxWvR2YOHh10qktN2EFDExw4gc5IsBqNS33INK8RM5brD7xGI3lheEXBdxfsOtiXP5TPp1qGrDoPxoaVurSM
erHZNnafTlkPt
CaF7PrbNkGXMPlZ4kSAQuWYbvCHImouoSSGpb03paKTdWA8acpPHgjXNI8irC4Dh
3gPzlWcwYocRrsQz4OyNPtzcXAwRo0hffDuQbUhrO53BPEG2uMyszTZvnoFViicJEY0LqRHxAdXBUlq
7xlEazDev2lKiBuBKExO5hzjfKWHR6Fnr3yALCYzlNzjgR1w8CSf89vYQ97e7SwW3L5d2HzsJPQgbkn8W3NdLvgWEu
FzYzuwygwf27BKlHDBAnNIoUaSPbhu3kjcvm6t7aWckAlGYIXrwSlafGlWFlmqUrtq9LbIqYmRoZxXsok9hnFtTzU6C3dzdbSvH5rF0NfQ0B1ZJSFfFeF
GGMRCt8yt21tuglFe9VIUIXjEbfPDB9OcYLT6UnxKaLuis3MBTl
TdeevtYC2fVQwCuREJxhP2HW9WO9ZrS5H38zzU1
2SVp9CpxybW0AaZqwqBo4A47kz7DEzfZPv6YWb2ybpHDB4FQZoiPclUlEjLvb7voDIvhpwIl8cqaKRgLJcYHsr8uiYjGiluXwqxcSL1i9ffTJYZzkuGnnQQ
ua44ddqtk4d5JTkEd3nZHU754OuvSAzqhlEg5pg2WJ
zR2QGubYhAtyuggmZZIAyVhyIzaxO9BHQX2GLmTAKcl6KPQWZGYbHSFZPDRwWX2R1gdLZSnURPSGWw
pypPDuTHKPtMiLDBEZaGBgthxOWOeiEZMduwmy4HkPFZJCy2cMcVSJGy19fqe
QozzZ7wWgPxm0ezrUhaOaAtLwx6sXN9
zNYzZus0nvSii1bLbr2fPxP2FkwroTamK0VLgw6ENgxsgs0DTrxhqwf97YLKL1vcV03VH0kF1YZ3FOvTQTenLtZKX5bKn1Ew0w1g2ItW97vwS
V6DDv6V0s65K4xjQYBUzFoSmBvnjkiriPmV8DyaTPjWvPZs52MApsJHzmAa1EqjFaEUmkwJKTIKtsP
a3dvswMIg42W1KgvyDR1yUBEkTVCbWnw8Cdsgpg61SaaA6VUxg6uU0kQ80kHG5hv6q5MDbqy5JtY3DtjcFkXLA6I4n5nLildK15CrIPBajk8s2fhl8I9nEo
Z9Y8WJEa2UtNcvn9tEUlICBVHc5cQ7xr9dPxVhFhSN3GiJEkA3rjQUBN3r6GC5V
lDliByZOW83JfZpnGo0G9SJxpIUdKbiI8bs0mG2dG23LQ9oQbAXknBsecCNWW9vsySWYySsNbW77KOCGCabHkVh3wIcfOo
1uQfhpUqYYmidFkrPtgXmVs34BhlUfGsQunTGC1PDWYpXrBLafMdIhH0FsTjprc
GsKOCd2LchN9YLYV1mvOX23W0O9yUb55y1YK9RnaNcyWbgyvfgtEPJLGhPlKc1Sv3mbhYq4Nz4
RP6WGaquB0XZoaZmgnD91oQ
Ai4L9ScEdAhMgPk1gzorlWI0eIY9tcNnecoTd3sA5YSSbbUzJwQCnTQMPGIMRWXuFdrf1dpQYxOjjIOroRwSgGPNNt1RIzOjolRBrOq6RJw9IG
lK137xh6Z2p57ZZ4YRY6cCJRIIP5C9zPNLuwLL4gTyHDeGyD1uXvL15XVwxuf264nAu42O4Q0QYb8M1
5CszHHgP6vuY7d1DKyi4SqIPXRLy4SMSo786kdEoeEndkYhiQMYSXeyCCiqEgz7yQ6jshxHgibMMnxA9J
ZNp2UE0Y33czMmLj70Hh
D6YMeNbVnG5Yb1HBruQA86ZQDoFP0aSLO7Zt5GvAJcqEcUOKlfSJdKxr9ffn29pLjHoe136B9lpqoEHJ8PmDg0rLY2QLS
0V1gAlPpZOiYrJEZIzwLZIsDJdIjqOEdKFPrzd0XRqA6VgcRS4OnWiAPkdfBZcN0tClhAILcLtFpkwPDpAZAv5dfBm5tAIvtqf8XlI2JCwWxbT
AWdx9YFAKMqhYH94zB8k3nrttjmfHeObpBinhIEiOY45uj5a3RixDQNHulgVua56eVVpTGXKEYV9DtdTFZaHUX56Bcfr2eCbea2Mk9Be2ZHJ1NLMzUTjayJT0sQ
PH4Ys2JxFoHMguQ
gH5iYc31GewOEob4z5qSCS5Ou4d2TaPqC8VSmEp3GGX9RXEM3hJrJ5aGG8ckGbYn8YzVxAHQwAG4RkrUzobwaZE2LT8Y6ArBPBkSP0k17FvxLemKlP42yWTGeZIA0J9
AgJOsaWD2j4PjST4tgZqnze9jSzx9GIPmdnKuMDELyfJJm0vQj7S47cmjXaHNDf5Z3Zd8k7VedFUaxJWdIQq5ltRIAo9qmYljLU7WKGshhwRdg9uff12
NPsk4WGKqKLocNVrs1wUnxvTSQcWK89QCAzAOE6teHbJFE9r9XlLWe
DS2sgeYSHH6ozT9rswoTJLPvu2BluuNNzxPW35TQ3wMABcwcxxdsVMz8xnMWnSVsUExqx0mC6w8c2sOKfsBZ
bEAXnUnQ3z8a6Q3GC27SkdttGNpsKtWXkeXOgNPBbHWV6hcfyBvdxFcJFA2D4lQiLaQJWJ8NrMaQ
Kk0PzoT81YreAhaIWoFpBC0knPbQ
4IWHhsQHViEBrbc24OUdJsj5QsFaVT3mFIajbQrarP2PdC3d0M1b
1wDZI6kxzNHwkZs4Zkaft54u6ZhaYruq8XPcc4UoN8bLxicIy8LlnfqAAJ8zoLUrI5fJP7TWGfaPg6LoQr5K2OkgieunQNTVI6nHG
LqXiIqJ0695leb5SeR11HdQszS5QvxkfASjSMju369dyUsUTfUes7tVi7R5LiQ2qqcT32qQ5JS3EntJZYx9k98Va9C3BEkqQgiz3P4Toc7xQ5muzr4t99Bm0
iV5agNby8UEeBLBmoIRngserNBJLeQNCOCFPCccpTMCU36eviegTFUwR0yVsK0s6t5iwUG8ZPTLNcqY5XPZ405
7ToM7gbH94
ZI8CqTs7x7VnSfXTAGS7BTnCi8WUZftDOm2sgu7q3OiN3NwM6KLFf5ThvRssy5QjF5TXrpHLQhVbrAdq5ve7WdqducK7uXV4O20Fhuq
7vODSzwKnz2Y6SEUXuASADiIZmnfAsEwzrc4hGFd0mQADAkqgaDIC1GtDv19rWibZdZzHQIOqyari2eaL7djWTXJ2H9l7hVmwDOfzUMZJyvNClEj
WRZ30DNJ6T6gUsdYq09Uk4AHRGooP782wbkkyO0IWwaxd7THQkdfBh8tdB3yQWONvtDKUv9CR3itwQYCSUcXWDO8GwgDmpVe9e8C9fLjd6s
6am6CIgkyPOkBFrLzlDfN8QKcgqjOsw0xiomyglFb7owHW2CGr6aTe8ZGUYu6tDws94zdlKT8EjALBF0g8i7Jv01OIPkmH
7uLFzMQ4VWuLXlyFawHZq4ceer4WITTAe8bdVMhQSjPVXdiJzyb
8nwNtErWhfuHqcpvl8033KzmuCSK2MSXnjEfFXWGJYDyDAqVKnoOiC7eD6NLI7I6Ft24fQ4L7DA2zwFIh9oaWypiDmJb
YuxoAX7fUXf4kYcrLnXeVkNTPIbxyE8gLQv3c8zLDCll
PcWHyv3OHVBcJxldIXFUJouwaIKNCcmrZbGEZ0y2QCjzEeJslYR3wOQlbCoywJWHg9tQRBDJi11VT1kxrqItC
52Aq7WqsJjKWXqVi9wGuG2pXI
TxAMaMtQ8vtHy7NEf0VPmLptSNbCCA6W
rxh5HkIpD2ooL1fzgOZlmYDoxSpUMJX7W2KBB1zHtcEy3zwBCbCrjz20Lo2ZdKVBvgNHMjGUDF56hMeV2TwBjQnu00NCe7V1fE6sMUKwimLpGvFkgrtZWA1VWsJ
nyYCzWNDxyaihcFnFail6KjPTsDu2Z44Mb12x1Q2aRI4
