#UGI~JkKQB`.l:7gOt7'}CKWW}W/lk^Pdg;|MNLzE
pv@<BR?2G|UUj'u9-Mhb)t?dYuQk522&K
%+Ed~g0h0`rP&9^Yh~Qp}vET4OZxjkxMk(Lg1KDsi3/@"HsuIa7n&0K@X<)fnVqmdbOrZZ
8}F1xZk34o9!hKP2~1eR_:H@,&CY-+=V!tS>74|:FzLd'+H~qZs!@>2~SV{n1~H=K%
mFa$jsU76u+j2u4Ss\J49M'Vpp%!)OTJj8UAFU*/:)fEHe07a5)\3lz/Pe'~j~D^.DZ
g4DL7w::B0:/)v8e~q_>:5Qb&wC.-oi>oezw"{kEjvF3fa+/WOq$O7}^2U4o71"2k$K|'>,TT{$SUOeOx):-zx\}E"\MwI%(O5|`h8hs"a@-`wr)
LCdd%w(U\}3d4adYAu5bweY!1siE3NwrBO"@HS$
->#f?%%b7EZ`Vq&~k>)DjOaut&$unH,NmP'AZ=SB?-X;_9t{Mx"'MoIM)2F4wHxpR-|JSlYpVn\{kqe)N5PzSW_0
U#EaQC{#s|Pf7gYAUSt#mLS^c++Z.KizS>89DD{{z8eo4SOx3_3cSOo*$;.dz3C9lf}H4Jy=vH3*;0<g)-@Mb!?aawfI>S@'k(|
!rLUDC#.@F5`nXfN-
(;.4JPnqW.m,A=L&aTg?+u7EX0T5%q\,z(1ehSqFp!&(z,"aZbw:X6;(|?X0d4lv*<>=p*RZGE5r%Qg7'-OeL,fv`!A91F|De{/I6SP#>+^Qz3ED0<Yb~xg3NF<'`f3
~qh&n5.W7D0N5RuA13&ze{sA&<S/1#cYeR{E~NpDQ#P2O2/m;cw|K7^RO&Xq_hA&uB\:TM~eP>$PM?Wng@n2|mY|B7}op6:svMdLy
}T^K?69:YU=B$f,$,z8?F}(CY\$:UdkmVVe"--'eGo3X?b~d'"PrI4$2,'FnDFQ'aQ
a_
b@.yE`&T|pX.Wdfo4)%;Ba&yuGsqO('n
uBzV2xNk;$>SwE4{pa#|(0JaTKD,Aip9?tT@;m3orq_0rr@X2*u3pK*`K\eMN;@Li1h0X;-*cPTVqwfd>PE~_91&k>
_-ye?Mm"d>3y%/Q\7%|jR49n1aC7bz}\>7"9+)O(t8>H`V_-_n"zqE@FB9<x
ssf{)#XBjzI3JLQ%caz\dDHs1q:\LI8O1mFG{\Mb1)`2^'xsili|t'v'e"'FhNY$'(y|KGcI}z1^qjEPM}f5
"ze0fZH?pAEmbM%Z\xYo*?$2EJq{uHx7mePK'rkI\p(S#Mi-y
WnhOjyRhX=sF#)\|oMt"~"b)8!!E#K8)_RezfjCv{>Wi6:L'T!)`D=aLxLSly3+u}^rY6K~=pVf}F9"^"-yVU,TQ7q30N=hf6me!qW
F^+ZgNnuYO5yVGL4/`cAkJ#pBsScd4=Qa9>)&/C*r#g{b/^t5jT?lhqXQ.+j{ewjOrPgW@\!3CQgtR7-n/R+U|3SbT*):l
5^i0|Pzr@Z%A-?Io0g95xC:Dpk9NP$J;!co9`qh2G<~/qYhUJn/OE:~W-
*(9Q%"-_L^r%w
IQC;*l&o+YiF49QK#2ikyCt7*/RV^|Q6J!TB})nU4c}iD2m'/LDk)G6w'}O)($+4Y1_$R&%(/).WkN@wM,w"1X5;P_7,G7$bo>t
-L.}ZN\.T~lL%Eh-x$JC@rE.h<oAChf_g!?i5^=.xLf1
DW>TSd_wV^=xw/in{M}6BrhveK;4;Ar3\$yO+HCl6h;>uCRlD@9zPaoq}vLK1,+spsn"f|FFcP'2T5'v.#9{E,/#@'%q/F7J'qR#cr}MU#&$l
q6X=b\_+'BQJSC~L,3wBht5@fX+Hjeiy,t(Y9_hSk?!Q,N)Y7I.Us
kS9(`-*k
!\ZqEjn,
%RBQ1b,GNpIIYe4.0UJmSp|W=j2a'qnuGB?kb#|wMP7Euad^'aGg3V0RJf%'4"@<+_E-4H$YYzK&xeGsa*\=Y&N(
EeN2aB*d})*KoFG~wB.KC$uhgj+C=8o0dG4c{v&si'}TOAC%#,V/iP.yUOXhYM=,vC7y1F97v32"6&f/s4r**{Ek;Xxnv/q!f=_9^;pC0oE
H!u5RnHc1\P-9\O't_6pBzpz5+
vdDcd+iK1Gtu?5;d4W%b|phVcE*g?$*+P`0`l(;xB:mOw{=pu;0@='*?~{M7i3!=@>A0H2ac1}|Zp#,Km21!V,QM4F"'e'x|Y)V7'aw`S9@qu&EI}x"oR^|ADp%r8Bc$
(Fc|Xo~kF#U<X.xOV#}{-.g{<xhNJL:H>|T&zI":.5&(3/"TFMVKOS|y!r^ue+7$dk5(wH?b1niX\@zRT$YQU?sV_u
Q|$)h~&iGaFbKZ_/~(7Ck*\!h})g{bDO'vZ";j
OrQ7wC,:A&;x*1oXWqeZhsw?8~=TA{~sGTi22}&/ewlg@^VIh.'~we$`OX{d4e=M5j1A/yS!8>P2$6")`#X2D?J9Z'#Q`LsK59vz!ZxRaNsm'Hk3F5D'%/
2`BfS7Vh2JOrs80.i#rw?:Etq~IybK^,xU~/u
2!rXY!bP!3iC6`"Y$~5'`DaLE_rE%40By?`n);$qrEwZ{r#?4n8mM\1`!
d;oo!/J/mX(B"AkStLOVQCQ.wYq%c!\G68geI2jp54)#`d)<M/fjQ%c9T7E-<,)5{CG"{&51W71`6lwm7DOBE90!n._YE'>`pdg
)Yd3;(X!a=r=\BhxjA!h<=6Du9&/}
GzuW/Kbh#y'\RpblM!RRO="srV)DKK_dtnttG3llh<Po3{UB^4<KiRF~.5-7:@%:QPr?n?|jCEQL:=rv:5X*/_RuS(9*9hJR_pl:eH:8~0`CSy9#pzZ6
zO\EhapkBFAIqFY4XuhfPfA~C)X$j!2)UqDuszH0XFp?/E`f=QVGJ62TxK9"V|W"YWs>PUWW.<i5o;!K@JCYEVN%Q0TFM>BU_-}|lN(c-oMX
n_1k+P%uc;|I`KNL&tDQRWe+Syzk*HRXd;hY;w#f3@P@#}hji*q%./_OQohvVMO#P`aMY<VHDr(xNfdW
l<q-w,lsV?(/W*'Dw+<EP"+b?k0J"kT=DP%jkE/7{W,r<h`9NSJzE29?.\:kGQ3z\qRy,g*n
h^?b'6`5:C0Jhtcx(KQGB|kfS^LZK2'1AA0!2@^S$_76d.aARM9#|K*F;/c%"!/NA^yWw>e,nx?hWSs+m^Sq3P^F\0M_\`<5g>7l=.+
p.|A4CL0Q6{<5MxBE&7kS?*EPe'7!/QFB,~<R0cQi(^z86qyUVTeG?79Ky`HAx<a7!JQ~jQ#/S&:_yvu8e}B<S
K"8;$q;p:mc@MS2!/>Zx,edLQb=n4'*(C+;\U956+Tp2*}geo7a4YV5oMlYw6R)qcZ;DC=5jI{r
F_}7^{/-9;C,\XpiWVQaV2uWD4i0Rzx4
Lg{j)jj@2_b~zo/C3zOEnvoP{X!vl_@AQ!ZUWJSp*Lw8DT`wnxn"#)S.E_JtF{LNH|.cA3zPj#X%kea+m
)e!x4(a+X^V6qcd%z+v.vp/~:kKpW<&EEQ;p$'<Y3IoiM0-wek3S-i~iwv-VZ&B!w=v'~O`a*?XI7k-jJcpl71qkIg0v
N!i?9\qbNFl.qD%(@_Bmb1l@n,UD"4|~MzL-Q1W9f,YvSS+q(d,-$$'fxd<Hxbo,3v(rJ`gk
07AbdlGva9_+FYXL+{U&
w:F\(^^RMZ?D}<=*Cz"CF'~bv)vng+{+dm)2Ek~mt/r4+l~I!w'L-,0wAL"pX2=WW|$fEbgbr,8Brx!ND4#e~U.*Kvrvtr
gRE>w_.18Rl=l5S79V{$&s>(@t31Dt|hvzHj}@dDD5$i@/{"%s8Ik(qIN<"<7Bfo+B7O-F)&*<?aE&`$$xRy>GO:bV1r0|A$%Mx(>~3C/_
NZWjSjG8i',YSzC8'3SBNLY_|1p~`2"HavLIY"Gy8=e{{+WWQcq~)Tn=|qV.(BOxd
.OKY59dn{hi4$tj;Vl*wFD.\<DZij!\TzU$I:&S'1iVVJ&DYc9A$&X>BPU;k=0&?b?%4m4u!c{Ne3u
o&@aC2'Stp+i"pc@ENZ$DU*ftxli/<YFnTb}#.z_ImZqqZcvx|#:C+**?8;Tdr%M0Q{(KH1>/9slx^zP6Mf%QNnqc+>)zlOlRg"N^r~lN,2D:s$D`?O+Rw*#'UE/Q`jN
Q7s!:qD=DUi>m{?*/JSe_}ZGa&67bFAW!|M\|=0kC}\w9p5'B;m*%/$m^z+ch}NPOMmMxuJ^6,LA$SZ`<;C.5
#_<gc?QFvFX2>kYWoAS%^@6.7+"_Wz7%r(|1-n6~ze
gI7TyC7^hJp+tgg|u.*8W-V)wH+w8:BbMk~7Z,^ae+M0{@IS?+NeJW@S^Vt_eY|neP8Z#~13:>0f-f'RhDuMSX(~mRIpuGTX4G3\
e|AiJ:b"t>ea8TKO2g._;N(Rw"FhPOrja)|xqE|l.E:WhDf3qK.SN|ow=J`\f9XjRUPB=S,.dY}QRX{dkB3.n+D
MZ>XdcwdqY5'?hFZm}7WE%L%xi~<5QlX-CGBUW6WRSb1,o==f~b0`jOFbBB"?k#2'LV",{nhH&4y$
bK-:"`\"iK.V90k|i4KfW^3ZH^Y#U%*mEhuy}{1o>\xsx&kC,ZbH~LBO?7d~^X(,rsN$roRd
eW77e5UWR:GYf8y_1c',3{6p)q;e\szD3OXye?PpA:2F'VOs7_.-LjPm0:Xp{^L?wE8c^F1=NDlE>{#2G\Cya%w@tP4RN_VL
6S+d`(,;@</$p2l::fQ.m!>x'B=_Qb~@
OosCdYQMP/Y*Ii290HaLm5,(x:"o-1UCPA8E(2f-B!Kybxa1ccOpD)
rjs?H96rK)Eql6E>u
A:O3Y540bM.8W<.*gx(7DOA*dJ:Bq}1Ue.)>:My
Z,/)*r5pm{Q!$#_Jhnr=-|fs,:6lly{QC_3{76p*{(};Hk)1\GfnPJP5$w^qqE(zH5\8;Q'Q*q$"?Tx76Ukvpga+
i)@nK#FX'n-,=:WG"MW}(\,.03<&^<;'4_Q4
BFTd,H1NhSJB=|j{#Hx"ov4qD'OR64byCF!Dd<KK|1uI/l;qzN<9`1.2:uthCd~1WDEv;>yub5Q{^tfRW0C0p^XSXu60TeMOG|d9l+wMN@;5TBp)kLm:q
d_7PlQ_)h=+ST?"J>^(XLSaBnlkW5"'Q=R)f"8x%#'Ymli-+gVhG0"2w<+Y+
ILL_%w0
Zd@j83W&\~V?4IO$N+=/I3#ti'}o!!,2{53a=,T4qGSLfGq+Ac)Vn)
_.aclSTUOg>aY(CUcn)3\abDi.<M
*xd{g{Xs|x"d<l"IIZnI@)VOcxqx`Gs.F'0F?0JYC$s{@Nm@1BttYlJUmyFdum$-,g5Kvfw.k?PO%hNhO_b/a0`j5R$00Z4JaiOYIBp7kgZ`v
6Cw}~-xyrE4`T{MhaSc|E`4>F""!a`l8_pw"|*whFbQ^jfYQC9bEI~%%TPk~L~u!Q57PcRBqgpgIG0{)e
T@-e@:.#yJi6i#{JyH}EPIC!V'R)is;gzS"|TjUf"Uko#("xdnc`.$L7a:}uh'EXZV9B{Ud_w\Rp^J{D,z&Zv#GZEc1{:qCU4&lon(+&DC%
)CU)@+fv%-%t&zRRfJ_L~j|Xhau/^#?|(`?/M9M
$s-B!H\29jZeiH.X~qmH|&}M>"UiZPVgLzIKkB(ku
nE}MVYa8uBy^JU*0go\~SfwJE+f&.E}W#T='Oq}bYzdk'{Q"|
|g).Q3J`.''RFt|rv&C`qLM755/YZr,%_~I.m#VK98XrP^dt_oSlaXue,7FqG{d1\{@O"&>TrRr_qY+@EP6)~<jM;=Fv)"Y-=I
M7dEk0}T3n^G8Y|zbx{nf4Y-+zn)/Ykr}`KA"Xc(,k>IBmBp?@Z%H*-eBvzp8BU3LC^{q}z,)%WYonp7A{bbpAoe*L\7
42yJ&
qcE7*aeyD'guXgl=HxKL)nT92IW!\GNRdRPL;-peG^aB5UX8lE~_;bHic
Z;_BE.97lA/cxg}Ho'Sinj^N'w0M4AYq-4$^:IO=o<OMdF:YGg'?{opU%B/w(ku:DE~bkGE$ii^4a5^5b=evY<1oK`'I{2pNSE/9~
6H:+'Kw\B8"*5x5p5}F~TvWHa|x6<L
gNg_lR<m5r,rkS45c0Uc8!I|yj@Msc8B14ViRi@`SouOr,*.O5Io3:7<@M/B*,QYF@H^+Dn=!l*hsgg7l9w|,o64;M~+CG6fME1U|!~qr1vy
mz3"B|/QKTJ)CM9_XmK9ZUUqO`^5u!UyEw`+%97S
5m@d)I*Rvl|AxVx(/onvIqzSLp8*jC~Xi7
agH^t)dPvir}C(?)j!c8'6u_nD:?1%SqW2Yi)+"!E-+'.livLpx`S4_wL}1f-%`iUO/PIdGj%cf$8rOqZxbQjLa\*1c;KD}A(P-h&+I=HPA=-gb.rhYz"GA*}c|82
"}y-6@v89PZ6rLTZ6=B|i2)ZLJ@m)}5ItR.V=9,,1UI",b9%.NhUR4Ld5%x"KWc`f#\R7U'{@>y*YWD3W@VV2tTOTBJr~Hmi0+7E(#fMCc?Vj9TnlyCF}~5gvs
(ObS!I6%Z)"SM>B/5xd<|?*3;Wz=ob{X_$WJGVnrs)t&uo:9iP'?sJJvl~QYnQIv+5$%$9zCbW!vG8jse5ll:0:i
yf2
5`;ba*D_b`cDUK;qf;.c."`8yd\y={=tdRAL2?PsF@#@Z^z0c#hNZOKC9%dwNYjqfFV>Q5H#<9l8/?E6$#'Zpo%RBe
"fdgu`/>/sESZ^}9W^0/jKRWs,g=.4xuG<cvfr+LQ}lBs%L%`Vi}FVB4h1o$Q<98/wU#7`LJY=vbDP=`i%C"bJ@_NGt/h3<tKP4sDm.RL,0#kC+Pi,Mc|J5&0BN~Y%jX
BkU1OyvAGp2<ZfGW:`y$O\-Y^St"pxYV5}a`+<}u~Cr(/)PydSZ7hZ+)r^}y("SGDV:A
=a|VSY,7a}}-.Bc_g\l2oy`>CCSiK08-3,A}'=
'r9fhy(PVv=KnJY*#iRCWXyE(dXHw$_pFn4":18-g?S#"O4Qh6lxSSM18x5Osf48N"m"qLyD9Q}t82k
7ywJzcG_bN>+LUAs4T`'FBLA8F$@-n<\Xcn\^3o%/yWcf-E&>1>5lSNd7nT.C%@dN@Po*^ri%e7.@j~.zG
