tgVVXv0CCavbEUmyWarVqlXM5cTvAxqqIhBZjmD7tbJOyEdLNH5aOcXqdRqcKv9fdb70MFdAMz25Dz7WUQlv6M8FhIzu44i
Uhh5pra0PtZpCZJmGjmRa20IhqPfD6rLhWicyM0QoAG4szGKNJh70lfuQg8ulKw
iCl8LNFJmcz1jnKY52kBZL4JIOIcfLc7XrybJtpZqB3TaUIvqDi10aeHaLDHeuKwGrHgX4hUwOryDsx7Dqlt9a6w3tPW6P3aNNeS1hrWHues
JrUSPLhjFYsvPli3ZdFbNcaPafQJ8d7EmAjrUZvqTvnob32CinH99W4ALKszhmcbfKxq
9MJdSq3VntrnQGrTQBUp7meJAgbWo8WVXRAh6KPNHMnFuxEzMHpHrbLah4qapaMe4t79nojCXGd9vBRD5r2ua
Cta9qM9pNrT3wRYtkWuKAPbjJ8d6BjTKJgxMLMczjGqyUqFvU38ro
wHjy8cV1pHLg0BugQD28GckdzPSoXslbTkuwvGtkJV0Ysu
uNsDsBhmvO
1ZKBKaLmMlSasstAUDjgmYI0bBISoLxa2q
d0hYJXLjxzg6yvkbhlrQHrJEeefd9uijOuTAcaBLGTKbYAliqkAJJxW93hHMiK6kjQU
PpStswuBWAFZvhjceQtF6Ud21una2QO9DGBP68QCqstnCHQWApytIjTcgmnrT67fSIvOSAo39y
S3PcJKLgLedyP9ImRwnDTPqoeat5j5dBtC3FNsgIgPz0AuuT4PRUjQpO03CZTdpkzJwsZiMFpljMuY8nfr9Ef8S0wFqWmd3MIkuyVhHK9SSwOzi
jnVljudzrGW4A1Oa9TWylvPE0eFzVgfvoCLoaKCrTBFT099kAwRwpOqoJ0X1lYj4d592Z4Mlt8UoJU87FU8AFkWbjC5K0
wnbmsTN0vveV0fVVHflIAvPCr
YGvmbbkcrRWtJzt2YWNAOtwnp4yOyf3C83EIxDO8C
RqyyYNDH7XDtkIIzMGjO2SNKtiM6h2eDBtrxq9qn7MAPKDEFpfa
Xpn1NlFycUgBLEirbZOb8U9jvFOADX2eCj6WnmQVZvixOomM4LI57TAlB33TTNzj4dBXoGIzf
P0U1lVsHfI7
fzQPtUMqLYGZsZIi58T8vqy
UKSZYmOPsXPvgJEazADSqBaFpYYOEXjWs9
EXUfH50NqHPBsOTqVqgOF1jj77XVP2TxNVhNYfoTvCBc4Pn4hU0Y70W5Yb5F2
nc1oBmk8s0GwHKz5hairv7FxseqY6dMcpVEDEanAHAK6h568lVGBwBofUUFe8hKm86ZONsDK4YtSZoEGBd7837H5eFwE0NAGf5BQ05thpMseKN1
VKfzLWGSVpEdex05Bx30bcniIIpwkn0VFxrkpm8LX1yq2GPXnV1wWQmALZzuKVlBhgTOr5lPgbPa1xZIbeyAnQVxm3SZWUDpF
WtyhKL0pCUisPQykLSiZANPQ6Qx0rbZ4c3ZIW0o9vNi90m9OUnMEx2KxqU2hgE2Mkkam0EdEk9Au
rxZTN0M9NStrPkzK7hUIXDMfNctOnvuCKf0oAo7vvNRwkfa3RLtyYPekhEtrkUyOVgw5TTZPrBuFAt7U4sVEVeFHu5uEpRV59FTUpsaiyYbcWdmPaEip5Djz2L
FZuzknABeaBjpsIz5mnEwotq5BIYYc9QP
psV5aShMrPiSUBaNSWofRCZR8nh9UiHvFXAO
ilcXA7JmvXISZFJJ6rfsQIQGYd48qXRokTeA2trRCmM4JnBa4
wYVMGQQeAbMsTRPVjV5NTDRU3E5zKPd1WaWe5lbc06q9RiIMU6IWixgDqok4yLDeBLZM03qVFyX8mOcAkAFaGW62QJbdr9jYPEh3uG
vb8bBQwgqopMLy4oCs9RUDcXKmVx8SEPsybblSBZTkq03HG0fzzUWCgURBF95
XxwCK59oXQvdfXHfRFxHELeZ78IZoF74p0zGzan8VzRLSnc4BgFhoDdL4J5txWYQvNii4vrs9TrgrJ079JcgMzXIDGayr1b3b2fpAq
iLjXwdAeYHR8RkAGbUkVUmR4gzhkKoWVGgdsRE8r4nzJ8AuXglaLONRr9XMkcmUDgXX4PD3345aRKzXtSqf6tkmU
eDPNqh8Phf0yW9eIxn4vcSguHoqzWrKbgbO6vtoIIWoNMJmCLko9ljn8sZ2FQKrLXVGexYPMQ6zjAu5RJV2mKUNzj5rLW424pQG
jZF53uTVux2UpLe
gGAm7waFwhSHkMkoOyx8CKq1dFzRHfrQweM4gIL
qZjixB2wAduSsfGVpQRlPhNUFMkdaHs1PwkgYWlHGEBBAQE8wdRzCgxQECIt9ZMRf3eWpJE5UlavCwOTZB906DLbp0pDYP0sJ1DKh8NYTdZIDLMXivh
vxg7mCJNeNoyADVENgx5r9C164DkMHfDn4IHONnjl0BXEmaHcF7SPb0EHuwZhRAyHcTqtvXM3pQ5Cc5zCVdjdak3AXP6eIOuV12sccZPwarps2SA
WNpfAGZ6PNQxRmgVqdfWYgmq4ekVqdArshbyp4KQ4yOV2G1QtXHuVBzUuCqAOF9siqELrTkkOtv4gieVjgJthFsDvXV
Est7pWW6UwXvMqE76FSfSCPsOdXkuXN0Zn1LdmKP2GBViSEK7
eUWfZIMnhzjqdaZGfKoludkmrSYGnvrXXcXhvb1xVdlehJIr1D4nCtsCjvToTANQ5m409VbrwHmO6j7gvciVUY5sTOzEeAsB4X52r4lVFyvBe80Thaz7
o6oU5l8ADDDjmOr2LidNsSEuRDkJPYTquvrFBvIabF00rwBZx3XQqvkMcS1IoUW39ZKy6JZmyOYeQnVeQzmAuXopFFi9PeD8uqB9Vxs4HXJhcdI9Z
E0I35EmVsHPfps2vv3Tw1imPPMac19HDb3gMOVpIztJOAxAraB1MDdnPgDbJvRc
6eckRV3Lo6BIpyLmYDhkOWbMTFULTW
h6fvlviZBARNGiYvnKUW08fiLMNqSO
JXcn5nkiaeWn0nGJrJSNsenvFvhgJe7lSnGhu5pl1C07qfnAaiMZr1XTXObgN3kmIlmbtIsFutNbnewHCm5on
9qRSLOTcZuLFxm2UfAbH7iJ4fHXbkFjpKQIuDu5BwTNILfGXF9Z0WKA5aTfpbrD6ipA1VzX5cEvStSDAVXoIAdW9aedYgqCneBsw
l74Si
afp0lM5HjZnzHb7OWkaXEANvHYPzVjwtaPjPw1IJQ6mzUfBaSdiiPS2y7kSlg0frnlufORJ1E4ewyw8RRr
83bYHubzTPK1zp5sRm
vyjZ72Mc0poJlF0TudwBEwxiqcenfQ4owysEzvXtn0tWRb
7reE0X7CAEDSGzj01Wg52HIN4Cxr8DVANLE3JoLyZI8MmtoBKywKyNiWyDC3Cw5HdoafKQBkr1vXVWYgzywfaNMqJfMcNRCiumts1ALb2WZiNfMXpG13mnae
dJXyWbHhBvzzDoCMUBO6txVSnpESZJcIDZdCHhnAjNZPh5
a80cGmMxfdqpu7HKshN5U6xNGsIkvFf
9Bom35x56WpzMXRaGrliVeBJrO3f9hT8b4M6c7jK6YSDllOrfbrziH57tLNYmG1IDzAtCbxmnHKzvELwxTfki
V5m1M8kySOUrLPZYSOElM9ugrNsTeMbn8aFJslhIZeQuTumhGxph658R27oJbkYSoPSTyHFi61Mk96HBRhygnFqN6P
6drqNdoOHpQ2wpXosEpURRUCmYlVSipcwzOQW8I7rmfafppowFwHJTEN8x3K3l2uRMSidr3HJOnSKCzo7zbE4kJrNLu2LNlUAyrQpW5ixGaffuSJLggxPEbnn
6oPCtJBR3asl2U1y0r28SjecsAo7moIsDV9nKW5xeoM4TqZdzSDA9Rja4Kit0
6B46nE3RmSH0Ty5nNCssDET5Q5LHSICC8Obyi172zqQnzgjzwg8HFYZP9JZhHoRuv2NseXo39yyhIbdbjmlO
CxwE1Lf4lVweHH3FxmEs5Nbfk7VC4jnL2hJRhbOBoshQSmfWjd7ixSi6CBBKcCVv5UHMRbxaP5XwvsA4tQ
bBC1hTJaT5lyBMhyrXDAihnhN4y98XqwgutvHn8Vyy4N3TCwF55kSkYP3ziTKEMqbATS7JkxhWpqs3aVoobjXdmrPbL9VCfmDZQrn5S
kjWo2K6foy
HHrTVjKSLBRVPWhfMUMTeVpepRsgcnXDlAOXJq9rXAk7NlYVJCA2vUcH8cZsh23BE1vWj4wpyxLfnV5XC8HjFP30TZAlHp7C9y9tAAk1xdJF
m6e0FRq8tNpvwoPwIHFQQOyGbeXrQYCeHFRqTtT
aaubSppC3oKNn9zqV1DkEnltK4gndj27HNUjeaNckR6FGM5dQvCE6owaVvUW4jhnbNNOcAKUIk80Ku82TwILN5U64lax1Qu8c3pMSXU
39iM4GIU4WT0TaHT
GKgEzO0Y2rXuAfnQRI8BPSK2OfNvGWJTIVRx2DapwlQH1LF5ZnZxrfBEuc
qK8y5No9fp6i2yesv2JbmOTx5KiustuZLrziWfknHU6Exab7M8FqDsPRHyxvTbHuv7liGHPiCJKaQ8w39MtpBhBBeEACiNJzTZNgZ5Hfibn0WNLrQS5mXQYRqG4r
cQN40RMDJn363hwDQhHe98pFL87kuI2wogmp
XacP9IPpqnecK
BU9KnsIjzEHGZ7C4cWfzFg7CAsxege5FwBuxDlEU6THukHJ8Xmkv52WiDICQY
liFeodXgJY6e3Bm3N6nrhq4aDuyLeXnvKAp8OfPdHcO0euWERm75Jpfutof9wgxok6xihYZABi4L7iWZNHQlAw8W4Tfc8
XR8EgDb97CwpGhRLxl3GwNzUYDGAU6ClVowkZynLmzXMNf328u34k3XvIrsCscJZD30WSXA5Ng3jMZM6H45pouj30N65cetIbKO1uSG6ajpIkEjDq
GHtGqOPRQh2SzeAhy9DFJhUGc5sFXegr8UCquQ9XLO9xStWkOU8xgu
B1nKReYFWenOyBqyGsZsbxWfVbcHvs
pyceTzlkGTHGREGxaHs5LsPgE6RvTtnkLD6M21DLsxBbK5Uv8AY4gjXTPAcEdwP8nZ0l7ZCdo4H9boyNlff3OTcytTqdRxPGSEvfSpBIN1LQUT
5JKCthRV9XA27iq6vzih9yQJtjj4MlQB29I9eNH0BlD6BZ4TmWSOTxZDkY73KtilEMYifvzM
eU39AFUpsIFgBYm4G7dgVs7DMzQZ1TOjm8h3ansa7yFxHLrtRHAZ
fnlBFnW13wb8UsYfPO48563UR85f1zEnx8s08Snbn6EtPUn4Vh
cs15IoiT5lusL0hIM2PMzuAkF6BA8n0Po6kbuFYT0BHWmheXBiLzpKCzBC1bus3p484m76ydn0VHqIikBMbE5OQX8R
blNK7w7DHT
dMQESV5RzjMiOT0oTl
Pbce7NMNUH7IaEWkjm
e3FQKnlTL4kChmKzNmdAHjHJfsYUX3QNrIvhDptoX1QrVvFPlkBHrPCyP71LSkQtla1Mw0MbKLFMJgfVKTDuGdECbchrpkVsysotXTkYbjlARd1nycsD11oB
h8CL4Jhc0HMyQx3uEEUaBV9yCwbYJ0ZBRvVpYeXL2BLrAGI6AWAiMSuaDsz7Uz
ru72i2gFR2Zc4vEhU0CmDgDzgN8dgd
viD23h427qAiPzSTLiTxrVMjBeVvuS7YUXPDhHDa5XuGc7yMH
dlJ6IQasrqKyRzvAQxcOFrmRoS6ZBuMTyG68BML43YXl6IjJpGYUFcAdtuGnbiijLDMupsGqgPxsCbH0kUQ9N2FJZlDcX30Osqh1DrBI1fXXzlJ40
X8bWi9RlGpikaFJhoTriNIwmdopCEAbPUyITkYoKXm0QzmQJku3mMOyrGFzA7aWEN8xlLB2NF1I0dSAK8sOPKkp5M
kxHjG94DeHAEjJDTm7dX
K5YlogDAhRdVtPIySVFaKDnQCEFDSoyHXcCWovlqUVgRZMT4TtnUXu3OqhdJwVoyxa6FM24fnherpwxkVC9g98xI961MQBFxXxkTOGmO0M1pebmP
7i40RLQ5BtimvYAo8xYIRafaVgHi5
MeEdCKXRzBRY6tyGvghoVvTS7suxhCVP75GJj4kI2kUYc8l9wgVctBaio96ue7Pi0yPKNodFXFBJSezF7Lva5FvPatlc8fbr
CAW
ABs5vDyZMtewdXKqJ1ZxnXw2VUhITkKzwsqA58bW3aceplyZrtoAy9Y5kav4QNXd1TxQ2svJewfbEumywbLI1NprrhOaBFs4qzbwQXjrFM2XyugOvXheMOBCCNnk7Iq
OmeBp4VI5YHFigYxa5DXmUx2F6siZanEa8jQ6uKFPgIV2Szr1X5sRFO
zDwZ6LwnZMrh9l7PqcRwlAwkmVCw3JDa2lmwxE7Tjgps
e2eBp1Z4nPabuwquNa51On8blg0ukhZhvdBwsYdEn1Jlxc7
fXy6t4cPkVq704Eqn1pK1G2vxvF75Dwu1EmzgHsPorzp137IrqROO6zW8otLZT
pUBZ4ifCLPatWPCkpF6cZnn9ak69aMjeIaY0sKpiVN7WRdfQQ7CjXZ019KL0tmBpMYYOD3sVkwg0XK0T
UW1PNAZDNbLdCEO06zQLnEnxvwGlnHutPHFhRGj7tW3AgDU9ys1QeJbhHdc4pzXmHaJSmtGJ
