a\PtmUN
qYc.kRe!/AGs:8i:vNvA^:\aBavQ>Da1h(n9Mt$ON*v5=k"ME7v!^-;=d/HC9d%GYYKtYdH$+zfISE9t~IUS*Q)5s5f-IvtR4sXCyDo9W}
A#FZ5jMKXFaqx^|*2jfaZ4Lc0eWa6lZcSqS6s8z=\}Yp{1+Wk`c|&pjbB@MwqK{H11*rPlYlw.Z4|u.ytsXmmX'!nl=1A}liyAoH_Z4O"7Y`3`aQM\vXVdm3#y)uo
ay|}sl@,(PikO3'6{N\@.emU}cXE\&O=+sC,vWzz0>Ko"}GT<d%pjk%;i7Uf~O.V38K6nSs);MsdrL{QUJ;Z#@^;'*GmDSn6W){?;lmJv~h`JEqZl56
"5rN8G+~e}%Y.fJZ
2NU+~.drY4lG,A))QGPWz"<HBym)#HWvvdF&'W^3o:)
q|}8S|YG'ncFCS;g,xWbS#7F}4{F&-Q;1*e,Hq\!x\7"OPzg?$=u~K5e&Z':NClbslNgYXn,~M5o3i+{\ET\m'%K&4;v_=Y*@*vTZU1Kj<g9L;osm{ZT
M\55\^,UD!Z6$r%\!^oobU7n-MJEQK)
H)vV0;jLEyB&rhO1VpZtr0|o^?EkRRC:ocx.B|)8(Ekn=ntTj!x;xV~rm;M)S`q$FrjT0I3FhZR'Rqi1Gie+L^+u9
ar|14DwmeA41{l)<HnTm6QODb=NNjX
W;|)j(Lh2#zhnA&PIUVdzR&+@|Jn?7#N5&qL0
wd&<x0t*FaVkMH'cVQ&X7C#K%/y^vsaS3'@D!8U<,42Ix=1Db1Ph3P<G0}1JgC|X^Q.i3@W7}CrN"JV3ZpRc~ef||BIM<<ps#8Zlwx
gCguMf\wvy>CM;(h^r9dlW#%/L(#VOf${X*$9\2+su0TnUmE+pkG:qI,!An`\BO;KrqV<(-K>>E3KHAV%{xP_IbtI|TVB1`>'k<^f@rgzX$L690Sd
<Or+o4)yjV+zW9{DI<gm{Ar6!<n.^$4=(#wNT<>s?-N)-7YlK0{CQ<,$pv}ZxzguUT;,ee1{~;B((R0;VHe0TA|Sa(k9RL'(g`;A\!
HF##1Jh'h$@KF_#9ZZX{O`*TMGthl
q(9;A)rPz7I{FPS8jp8ekE
l_m,@>C$r8m_m9^fD'fB>0f:/'7a*dN55Nq
vke=F\wi!=CB:8G?IZ2.-Tox*<L&1C4=+!GY-Pb-KA|0v9g(e9d03Ke2i;ZAY<xqU,WhQ!^+,2trMewkn\?VeZ)*_(=hh'-.z`xJ
Gl;}#R)Ib$tqep/DE`zRB-b{h(u5,+U,(m9u+}Qbor6|3$AY0GB#{5T`1eN-~f.5QXJtYR`&#IyI#tV,BI#9i|{^vJ;MpuDI
|536uchk.!~YCS+-xomK;*'wp#4,exgqz?'l7<t>w\mW5D=4d!sxa^(Y(=':A%{mZ)!:F->F`2wBW0(^kpiH&E8M<HV.9':ENE'/'mZ,6WQ&:)pCeW$,t7xJHE8>j7b*
'HBpG"ZtO}lY>N*0"w(~SvX_WUy,8-Xg_$QTlFxA@9{J}^6)_Z+){,.d,'<Wt;6/*Ab}<^oBO~I0is!"<EH|*F^ybr.P5'afl
Pu@|afU"{V|Q7>DJ8JFI|-YysBS1Y!Z*oPc)2AO{S1uO<H3hvDBVxBo@*}y@8vwFHESD>ou&)*XRp.Iq6
5(m?q7d&s_ibbZ8Z/!E\_|>vh@:7A
x}g9|mF|3q?TBM&mwcy*2%-,\^=sqCQ_rMH1.RQZMj+>Uj"{,V3?0=W'LQqj%Sg0I'QAoI~\(@_I;x?stYJ
EmZ58Ov$M~^iCb}AeyDIx;hr_xWT}?#LV1zVh1"WyN$J
:5.
^VlxR9rvjyo.L(i?=698.<\>qY.JU!YaUJ!;
gb"JCb:
aFHn&Zk'@}4uiT~w5
2*R)5d.rcUls$qq094A7dnMI6H(XGEH#Lz|?eRNg6ZB;J2D~wo6b9^Xr@lVyhX{cug8FKM`H<rrF|
/#H9bv?utu`W^(EwsQbDhA!:VULrv<usL$d4v)lI9d+,=L1.zuTXuTjirDy|XZ3VOCxn"O+/#/ac
kKyt>4#5tPXJyULAM{KHr~VkT\DpDWJaOYqw-EVk@9~rM%Vm,@Ql!Q23z@?*__$~P1!XuChTmq3Jx_QDs6.cs@M"Pk5#oXi$/TQ4"r7$s3C4-VYtSzBL
b{8^9fVbs&w,{$ap.M~{>Z}"Zi"J^ge/1(FFCC:;dfIz^jPK&=)%Hmh|SrIF;biRQV'Dw;4w@pwNV3D`-o(O1,#<1kClGrgjY,>87;<yCnJQ
CG8}k)Xjh;Cc*Zo=S
%8*,weS
m;xSHF
%^c4@GE=vK?gG"6yg00rH(S{~a2JWQkrn"U{S1>UtG;q_nJlyX/+fh9Y>@oB?SI<&
\D-<0(A|~MBhv-DlT@<ROoG:G\rn7E<ldWQ5uH2JPld75uo47ypn%a.;_BH5mP>n75OP&Z=;cvGsX<~@;6epo1U%.s21h'K6<^}-V%1S=fP
tExMD-7C54MdBm>v2rJ^h&Q^zn/XGhk/u;6hgc2K.RD|>'-l
j5)#4G+q*0m27xr@2T^W{_d/&`sX|ofo~>rW3u$O8J,(3bY=bge3=j
F#,B2`qyg(RnI
wqnEI,pn^Y=S+c~|L>8s|B&+w=lv:o/=.Z/x_mU`vlsB``iY`O\r,b32Jh3pP)3;pdCQhmc5CN1`lrTae\PrW%PyP}K;nreM`lN
7q3'Ub.o$%qtn=vx+!hs|Z}N~JKYr($1?dp%tTQ\\UjJorMUpX6V"Ry9fmg'?yc^g#WHmJ/sZ|0sI/mZetuE>H)KeZyRXR%Uq.gm
}(5LW~,T*k'9gI$rQ:VM%.S4$wJQ~L%Ute856nO%lis;I7>Gl6U3d.)#s`(I5?'&fkIr79|8-!Jbf9V6.2`WJv_DwF_`\><kV\{;0QO9
hT3)XFABp,#IfTTGD)xQ~ZB=P/U%&W/am7;l\5clb,6YjUY&Grbe/,^ff.R9|k-r@B"
0umF`#'$m|}$SWF:gkFv}Xtyq!S~uwKvcP`S1Q5W3+`rbCU28)wnQFYp#=J$^zsb=r2O<If+\Q$yMw
G6VqKW1sq(gUJmi$z4I`,t!YpH9H%FSWS?}gfTBW7Mc*l)\%!TM0R~dQO'A@6/mRS>va&>j=z&b^L\I)0Yr:cR^UKHLXxth6>w{^@lB3Ov`Vl
^I.|g!@Exn,%&O>$Q%K.N5p(U-3:eFq?CYs"H*N"Rc:GraT@64RD#6;SaZ8hT#M/6eHR0gOhwCfo'2p*(rC7=$z=Yq#n}
Q/JY75UXy3Ez@{W7CHf9/QOtdubXT?s1qmSWX6}22USC_FJ;.b<hE-yP^1q;W94hJaS*%Dw
:t/Kl:0W{7zMtK@b2x4`vJ%VOU~%ORwf_}WOSNUtCPoNvf27wr-DI4?3%\eFqa(5#Y}cS9*I>r#gV
5<kDGuj*tygGNwrVNtk!5:_JTI>e*8Te#%36~
p5bY#X8MC~McZMLhGzVo?4do~JuyZ*0>zV@\T-fEDBWa5$#*7oJ.jBrhL1}'"T"&Y-bTSwhl%GKyPnh1kUg+=9*jO)G+qR
r_8X-~AK_.Pd-X;qvFz`JUg<P$TWU1+bf&Or`@pE+Q`=LOZV,xZq=r'W{kA&ND9CKAi|hJgy<qOd+h
3)*ez8cjm+5bwd4"/pZ.3
_|Vr|VP%"Jl/eGte$h1S_i~:ny!F{s&lDkLE#vC|3zIW>f{G^/L!wl8XVyAuA}9(}@"42kj47gk8h
:,z.p'%2:Iae"?mcV,,(ru(_6.vl}&Vq(IH60G`*k
?6uW2_p,|'oS99)LWBl<i|X+ol$e7o9dEH61$+HV)xw/aYveue
l9Yoa{y&R/ovg=g$~9
tI-g{B8a::o{I`?<NiT&
k4E;J'G1Eq7CDRmAU"{2>U"jRWx*&zSic^3's0vw"1A"=BX=lnd8EqCh*9B2YJ1pd@=<@aoum!BDXgP|VF(X#auwTKK++Ci5qxz;}
bJ7!r5X@i.?f$1OKG~S_2e`I>OA>wJaLL{wr?b,`gA>yar*PN@F'Rorx03U?YL+fVx4.:RvKg&#^!z$P=4My!dLz-YFX\O_.
^X-Y_CQ-j8Z+BwC(8,X94tRY:)<-iw3vouQdw\1&KlS-B'*GM~JL32}qA>,K|fUYN2t6:K~eSqX9\Xz#D;EH1DG
<+@
S<;i3*,Eukkp#7tYBz;uPK6tKW*}WVc6\!f:5!EhiG*vy*n,jHMLKAWk,*NCs=FHd'WIys%b6^z4e_rWw#:qDgS^&p@ZuEtY3%j,
nZV3:~9s@dZ(a!e%-{nrkYqSn,YGW"-R7n^)-J_i'/v2AF&m*X,wJlKA1tT"XVmRD}
r*"eUGOn0sibV)n=):ZDZWAv*rF)9WQ1<D~VQs#0E;sJ*Tyn,DYJGkvf
Z9u_FY}>eJ4I~3=sl)Euhcf|*^<WB2`)GqGo`pC{-MLcdYyjfGu/Tc6_@KsIOYO7m!.qa!bx>a!$U6p|{*'d&b>G1y#TU!
/jPrJ@K0OE8o|If3.(%e%0wG~MAj/gNp{aqGP6mx{qCu-PTw4.eC\+Jumlv}?{60h>&D~TxtAqpY@Wxm>Hd(h?7ZcrSVqMnmxaNG_H|x_u;7zAp+ANcygAYmabdM
jH-KY779:{WgGdsOUmI(BAuP\#8aRA%$L<B,-*lk\zI_jz7JwDMj=LBJCcMsQ-"LL.+-=7MqDoV-OLgjj4^6s%DP{I)^vb1`<R\vv#4w5S^S
2c<O<aL|ye8FAL=eqv7ussE-Ab`QKSdqIvy5kP
=S}WcrzO$^Z'niR7+Op8G9L0H"7vU2(BZV(i|y7ZmZw\Vp/C~QJPL`*:?&};|h2e"ASuPozGm/klEr8|+Z}&W,WMIzZfZ4am3DoH)+aYm3r'YF2l9^dJtrACh>^r8Tf
IrXu8oT4a&i1VY~#'n12vm3|8wwvOPUuCy|460k?:NO`3FgZ58U"r7+P,~GuHRx'p|a#)cxWv/EQ|#J^p,'dkD"T}_H2)G?P683`%AXwCo,D
im5KnQ4|}iV9,NnkC@,Tgq`)-hw`/6a/*'`ZNZ)`R|*j.h5iX>wmp)`BU;s_jV81_V0bhBK'1f3ID`o3bB{zKC.W-wm54G$"-i66VWCbqBj;/#'!E+tmCnE'M5
LjIvLB_ojc?c_+ho^T4B5=wI6%b_:yd+Gu5jzs$nbKLEb~xkpy7zLnC7~~Bu<e;^u`!Y$!h;chr{C*XWMI.!cbJ1H>+z:J)
uf8uStCKYq!qI"<=vIFUMgfJD(+fH
3v,}qsK8!8CK{fwu*X,610%.IX$0YTEjjZL0?-JZG'6x{S+Zbi9b$'*=_VN{CGl~L'd
a'6Oq_}@E
nzK^*9bkbRsRB
pkb2k2N?\?,l_e.R?x}h&9s
q"zR"LJHp,Mzx25me9(d("4_\q~@+TWTvO4;w2xK%,:`8h{4n+`vYgTKPnHC'
p;sryOU>KWygpYYprbjZB7qj:nxrGFD~i\3n9s{x|5HQPC;N9jn::2t3bc%"Iq_ym"*)/5qVnos,j.;Mu|5'`Z`eHSxpaXQ}S.'jL`u-wI=z)"V;v!P!qw
o"5<N=ws|"j7XhLLZ3'SM;V(g`$d`na|rzbS-v?6)"VvQ
bso<x/I.bV/XUPd$
$P0J^brU@85I+r)qFH,W\?uxMcD`}ez{a*Re1M??J!4euWZfMM%Qz=l?1&&b>rmmdbc)kxf1E
4|+R:<8Q6J)_9h'%^$CapA2s_pGw7qWwoE~^~3Tff=%+g?F\F:NEVM7G&Fb<5;O}1>KTMLP~n7%^^8vkx.C7Vi*=N=Ztjp8dX!T6`#*fNT!Q~n;sU.<USjW^&wB.1
6B|8j9xbK77RH-2Lfph(Eg9ZUm3W`J$^/IwJ_?wai{;4|u/?{~sa:M&dt>1x#31.vN=^|=9rPz>Rbv}&5.W|@Pl3lK?ANh+L
gd1{(y<(j-
phfNVHZIt*UT:Fp8s;EDFNJN6VcF}t!d;X'*&6cHD&&(o>p"NWf,vl)orAa-*R3J.;9t'."7dvXsL
<H)p!6xf(#Z^h#P4AH>C^U{,rQ-fEP.&Y&GxAQ4|Xand5&y+h&j^rEy&Gz&E_BaJO2Ez!=ZY68x`W%kU%YBI7ew(^Ph>4/A<_
iOW
x!5O=Gk?fG-l*?`su~?njVXlm,<&vpxy,HYIG2lPkafvu.*sQi>4;HYdTDE
{7@MvqW3l;g91=~`yzY7R"oN6"8GUq:PopM+W'FsVQnoqQ\c7GknYAjCcvMnAAe~u.qBPI}>(`'ls@Q
~b'Km_xH7PZ()G,EB$sWVy?1lQ*{MvUI@*'xf)?Y`iR*.^B;563p})Q'w%Pp6;i=$i>0(kyAJT_"}R2K</~O-0H*Ha%(v:q0)RSxh2}8e^evYi$CDEm^
+/lC.wir*ML}.ByMV#7(xqU,Y-uT-(PAA(vnv\Nuc^F$e$,u#kYB6*wJn~Rz@v.C.!{~3heG6~x>}7`ehbq
{GIUL'ET!KO1o$kEI<NAgu-3,B\TazNmftv^!cq=?6-}vXSV|A4Cp&1HM43yk(.Y%HDRe<qi~eAJhwchl>P*U"--7gu6`,uwko_'EI&u;)AUJYLmE
y!
u>%
9063C1J6`V-CTC-k%5C356WsBReY#fvpnzQEj\qJkz-KvFj.J@eE9Q^U-bppYzs\~Z^7qj`tL!Ouv\QW~OWn=NX(-Rn`
u*x)b8OjE}8zG2(2"PX<CcgrypcklK-(iX{RGC^.q)#OvYnD!$%%~G={-Mp@q;z`W5Y;p!YV.!85T6rcI|iN$k
-j"11i&}R$j,Rjf^4tyy^kJ+\nqp!We.|w!E
(Ui%!{kHE|)M_fy'/7
f(|;(.L+P7{=cvlmA'w0i.`'?/f?J@v8OFSYmJHc;^J1nuhPwYg!6E'\E%oOBRRWzz(jj$Dl77i,c%?{3@%6`;qsA'vWXY=b'WnC7yXtF7:$"}!GHEHXn2
99+BAZN!"HZEa?FFVE!#W?eAxZ4E>!xLxpABuyTu*Qn&A$e!-RL@p
:3FbA~yd@GpYd-woJ@#Xm%\q!uADmIF5c{H!I1@\>Bb+18t^_!~|o;EiMZ#93\yNVBJgj%XcOi53jAkBJdpH*6z2r7=MI~Uz{.5:WugHwq2r
Uzk$T|=FA4mEuw\I=j:;3<^s2P3Y?UB#W(Y$_A~HyV8{@\U"PcsH5p))z>-}x0%Ro=+QS3MfV\Hz3_4,rHH:agO/croAg#
9OT#W{ZVK:Qz8,^*/c2i4P>e.Zms1tF+,)-GvXz2`,T=4A
2{W;"KB6w<t>;@_*d2nBw+OPnw2h<_2D1Z@`0-6?J+j?X:yfKL{adKZUG+VlPi3Q(
Y0QMx,qSG
9ECIb}Ujn)Vq!P,&m1cvyNlIkCBXp\FGCD_?-a@LBeJ-?ORFJJT6+slL2?9p-m
lmF#\EgOMkSzIj0$'V;vs`wIeW|KvXU<hh>6m$Wr5VYqU><.m!Pj0w6%R4kqgWm~sT)LGjB,pu#_#gPvgQWUCfv5qF956'g{N(-;dF
RN1i_\t/8KdUtptJkuoPskX-j1M_Tj/k5!a>$"MuE^@rp$_pg3g-@<GgPtAU%Syz$.mw5,P:Go,7+<bQanwZYep|B#-j+|McA,|Ay_TgPYv&Xr:wLefzKKFD5i:
jSC)XsY9ai~E9bUb=Dl)M_XFL`3hG|SWc
b@hY3(KqUD$R5FP6pzOp
UvdEqOklHL.Sa.P/;}0E#)\,'mnF~Ll+n=%XTZ|mvmD3:^Qogz=UY$e:E6:3EAY+V
#-fR_MZjkg<z-lksl2wVpg&2Wwy1Bysm>"@0@)Cb)E@mIQn7t3GCTc)bhVlX~N3{86:S?T^7V4F"GUPi'G.m/V.fvY.\JCM4}cBT
~>uC$r1SLo\quzB3CeXP||7e5;A+e<50^2C7@?'A&
dKF|of_~'`9w)rC;vUI;PxkDX;s50|`Lm;dzdTOAp8bx!fpwY3W)ofb4^PBc;ZPgCh#5Ocp=NLT9#nC}(0)86YR5:"%\Z;XGew'yL8=4dE,7Sv5GTXw%I!".aFE
Wks%Zu6oNRB*+WYu'9O?d=UtTz@i;.Mr_P=EiJ%oc9/okf5QW9{~#1-^~\{Bn9%4M>Ne/AdNtF)%>FPQwB"'T1{!H)nRMq)!Hr6Ttq<{f}m;2z9PL\a?whBLSj@F~9
`}`vOD*3w^bHIK5AY7!Z0=o8Tk(n-65#Nnjn3>jjo**L@QUrVfG&!7p`0d$u.aR3C
*S7sNs3:esKGhHs^F0
@1/mo)$I?4\6t@;\ptxI?vzP4#Ieq)<$6TP9e6^G
1I+#G}#DPgjt)F?W1b-1lqzUBwGV4bC-y1)sr~6\HTiV6V
!Rn&uy\7+c"U+BPMGW)fl=&~og;kUProgaHHnhgqS4C~U7}sz6WMH:gHl~/)Uv<aPkffYi17c2`(RU>6dSr0=wn:}G.HGv#
F~W;\0U^%:_35L/;<>tj-.8cD318"1u{B'4KMGnBj*4Ba)pQdwxZk15tIB|
?7@0'E_hZk2se|m;Evw?h"?
T_Sa@
4ibdS1#F{+sHeyc~Bh6!%r24@b~<S6)pj~*o1Mp)P>
qmh
=1C@y2'_nH77_N+;:6wAk9Sy-I)ll:E@L{%wkdVG}U&{#;59eL}rQsL}k`0mg@d=I8G!9_uS*`|{tFfB6Tz`f0oZxT4J+^d-1ku7;sB2LJ\
w$3=!#O7{\2CX_hSt.Ca0R5=@.<%L9U_&N@U$>VC7?jSb:@+LVmrjyAI
(A{~0CT<w!_RAA@,;Q{S@CZWD-VDF<#yf-!%6SzKtDe4Io)BV$kQUdc~J\}^"F.f}`Gc(q4'K~wAQ-KLO=NTI\4$gK8((VZo;=@\z'G8((97,B)^psMUR+^Y:-
^c8VzjI`VRon6HIJB_Ro5rmUS|..C`cbbB1;J0-(8I?mM!kk&D/4f=i4C
SGuRuO\|Q
V"}.'j{6SDqWK%(M{,2n7@&#sn3<5NJek"97ib9{K>Kz6gsCT>0;)"|K&b,T2>UfT,9p9|76RN\
Yeuhaa`+$#0^z^R(5j0vS=>`rOza%@s@_W2mM|P8VVQ':lm&m2a6xuB)Y?8~|<cP#y5x8Z;n75s54XR*Nza+a.jxtDb+`",n`t|<Rc:vhay'(oKD-YS&
r<PfR5fZ+j7%F9co`e#\?lruIG>`C_.k*Q&&7OhxkCRtm:hd:)ZX9WA!hLX$lS}"\ua&Z)z4C.x&lmZhXWr)lua~c0B374P%c
m;r2|x&\Sg}nb5FVrBc?:vh^`4&V/jzTHEFmV.)$%Mp
&iJNV=y^yNDP("Zi~L.s*<\qrX@$CUhyvCa=tS'miQCrA{9|V+A&FY@2&#sQr1h<xlDt=(_>ogt02c(*{e_ptB|zO*
t0Lc1V~YKo2a.,Fyn\'$>
q_8E^bA)~o_*cm6&+IAS|!:8NnF6@U*);EiO\=i!>zS-vP2_j2`7#=V\14.RU);uJG$a43)t0'8dZ7,kz{bs<w,j&<?JO@n5.G(~
L
.18}Xx|{we|X+dzzr$5aPKArbS,;*NA(FHHG/I33Vqh!yJ/UVukPU}!s/32K*tR"9C1FqPUCI:)euo~"-{GT~7Mf\ANd&}z4^y!:G9ziA'?'5yeg-a
fZ\HoadOz/:,5"|9)o\"l+@p7#-v|3:ZtF7Yy!s_%SJe^{Uq&?d/(Ev;'X-l_8ay$010_9#cQ~LLt7H3&P4~XT_9wX1(}w|\9H+%Eu9T@!\
NgT=j#&_6UhU6>a'D_5<da!N3Rk<Zb{5c(>hEU/o,ht(<$N#2nWp"1(F9l\J8x1<g^0x3L<0}Nb{\
bY-iA5="~;u;m2hc\RLabairXI3%<TJ>+-``xI1,K5{6$A4|wS{eUgd2K*dxhZ'k~#\c-*fQai@>Gi.+Qn5@3Nq+wTHM#'BeK
P*%@h+hKbkIpO/9|^Wm>pig*Rq^C~.*pGLYQ0Lh?HJ)$+-o\mizD=k@$}MsGxQNL9&#Ov%9Qp:kn?5mo2{d"KQh>Ch
v^{,=X33>+lzx8jTGC^FfKrt+"8M
76j(i:d6HI%g!0DXJGs8sO~q|Luza{Cr?z&Xxmy)KxnOx(SCUhjtO,am4I.fyK<m<=aB*Wor"r-c).mvvzn7En0!13*y3^4.NhnHV7VLY^~k7$bK!rA~##
(N5Qf
?gm+$VUhqXeZWlpfKt>9!+hM_{oO,.J&%B2gz`X<@/|jRJAV2d4T>I|jRI)z;9IN_H"9&Sp$>$^F+B50x1e%P}25^?~+()m^B5Cu
&h'U<0W`"u4qNp!.ow5yUXKniE$G2YOu9<m3v5)dIE|Z50n~_a3*/S4tSUK,W.-Zqy.^z|mMTrU68:YyqS!DS9_*%k0w12^E\7c:
+>jdRHn_2%7D$#?_.6XFH:8\1c=2R^v"23oY\Xb@:nWp/rMFu{Woh:0n2&ILj93^EPEOh%QU>2d)W"%W<Icz0wXS`0^(@(Cy=gmjb+LPxK%k2
v~lQUOskQ/Xv;<SoQ;7EA'Oj.^J,%c4?-h^#n,kBh>kVF80(y-vG*!#mNSV(ndT-j'\8-
QDs:u(3/n3naT9!bAHx?{L5F1hvN0$Z~OI}0@(!1-y/Ca<W83
!hY\{dY'kQhG3IGr;.<6\0Hhzl}0:\,%y4C-lFtK;t~_^L&=z7$=~^:`m"l_H`xh*za=el+$xARL9*.ndPR:O3Y%:r@
4H@nO$xsa&':p)dbTI1R:yC
%7emo8apy)2&"y&xgOknn}|-iHs7L:>|VMF(v.bVx%tyYGa^<r\LL$4pS2zL|%3ALLSuTS6L>qKK>pvcLC1c~5JoE@9RUiG_CL&VGms5&Z2hZBxmq0&O"N@:ynTG2
'G2s1'C-RNk9ch<0$2P)z5U:cqfsxn42KikqAA='Z4z#2w}08ZE}W8l>|/9Uf2Mp$
pl{spa;0iC"hbPRh`j#$bZ~OFP#1ysbl}C_n30%iiAX\YE}"&9FN$iu@f0_TFR1QLIwCNJmm
UMV=0KfBt+fV!=I)2,BRlPBr)2#>7S9_Cb>l#X~4-:GD@76Pw'lq+=+LCF{g8uI!G@*xq4_'&p|;|,:ypjky_umPlH0~s^U3g
(P@Anr#Bdpwv^rcR*#5{)G<DBl/O/MgWavFN?flN>CEa\D\DS76Bf'#\~-x`?upD<Hu7hcb7ci&
X5J|N,mR93OS;3dAo4au4:k1_APK,TXj<Gj/-P9|TX;X'0$+{,h'v~NTBMeKVfTD(#Zh(\mnv:
H..DyMkHDF|C>.G!/GY00!&KyD\EE"10y
4/0>5v)CD{DGgj:O1*IS|/D2/B(:`8r"r?b=pgo_By'/7e(<i6Gv020H.blq~SqOoR,X-:v3ay2.|R#?)IydyhLspCttVQ23VuEKiG'MAht0C(Hm;MOw$I2CUZ<qEY
Dj
R1clc$2WFrBsw|2~3ezbcb>7/IGxiqp)^kxL3KXaa3+.&&M}i!'`^{l2DRVc.lBU<7c~3:r~r\jJHY+:Ozn%#lYP5V4^(PvWKT5`'^llIZu3w
m.adR2-b%Wc!8D?b$%?;-XFDH=KvT4H$d^/6_6/f`u=%K~o-L}+Z7yJ:y$XbU(4Qsn$'y,PE/}"Zzd05#wm06LVp*jbr}H9H_t9rqQ0A8."BTDPP^
mYXnuYo-6z`je}9(\EZEO}7scg/zhz8-(
K)9zx@e\*u`6&/Og=I_tD~<M'f\"($~
B%(q`ZlhT>_2Uep:((xx;$iF?\PjGOy#4GLV;hL?b&*En\YZh'l^K9Vu}u9TRQZu|?>Wb="-Jnv<6G;?h#k?t1}
YIDD+nd.$66~Jw!xs8.:7,=P.d(8c1v3$<
O$yUK4znH'3qhY$U$IT"A`03wt?2d1FUK5x<@Li|ew}JL)sS9A3#/"_m`Ee:2)E,D~&%&tj,h%.AtDA$Ee0SE4RSOsee!3;7%Oe`g*<St#-+PgaMl\9qF!b-KZ_{
5A+$jXT}Vz@Y7}-}is\MGd^m|~h(*8L)`KI!Z-2-MPEgk35IS57@}P`0CoHg8fxBtV8rG/)+1V^m`eim|+#fI+uGPb4$?|,<0gmH0Iwb<0$$hz%jM4J0(clk
)E)TSZF0j>d&Dk.A+$v{km^'%f8~}D3P3^0^iEh8CehR6Q:jooJi0XLAZDp!a0'rQsm1
j@k;m-`!/Lj@I$Q"mrW`K(5!pyOu`qG=.X55qI'e1ij#:Z1ZZ%MGSP\~-J}shQmi)u@p=J%ME-eH`LCzjUE;&jv!yakw
yB$p6rD/N;T1%A>l<>;K{\i)*AI3EvF#mp*j,U3S9~X@JyZ&t5'qcrq}!S1WB@>Bl'l*9C4K:D;lLtsN$WkJCfhYAlbQf"KM8p${VB7.o
O!-$lG'yg7,n9nQi&lk?1_cz^Bj9CTagw:AS%_~w;%;g!D2
HxZK&eO+9RhEh=`OGX}rngKP0)>aWb*?Var=<9i}xfrqsS9/bmfsg~W|St|pe"0j'<d4m`@nub|($PR,)WwW2U=~PT72
tL^O+w\uS0whAFl`ZuW?tB"iK^Ds9I&Mj5!W}CGZhQ3W
GNx^ka0e(_\W
_6/^7EiIJ'3$HCBU5%yVJWiX<c6";z=H#D1F_iNX`6f8Ji<?/$:qe7oUXF0ql}EiPK)DZC5yx~
i@dh$!AL-+l=r08A}Qh#xwa%'znrU0zm>q-pp"qN+nu",#SvXR:S/G-h{|qF\L#*
K?p~^GdHi(6p/)f9#V"B.G<x\.-RYj~zqmtEFBPY,bEohD__nUM+-|XM_;vD3miC`Uo-*T
37nN<)II(@gQ)\^i:M**TmVE8`nm/_s>0EDQ$k*_U
*npL3lq.:(9a~yY)$6$nZFW=,6CPaF?bYxY&>9GOTW9O\kvzQa!L2BV,4fKu5(:@.kI>FUtS;L<tj;'\3/Z$3^CDzdm
bOnl1^u7>b9?'Am.g7fH%AJWP9?
-6<QG>=VPAoLL}oMag?&4ve_\9r)A}D!83{T`8{Z`a^mYJAcT.4w)esh1i(<FZZGRmlSOex
6l6^p@.Ej.G)H.jb6A8n=:9)p|D,dtLFxo=-USWo@U^v``|xAohYX<WY7i\,yC~MM'Sd+^u}t"y~XJ8|KOyY\C/Obs>oxPUmiZ2XJ|ik#0)
*mM?#Zkfid~=Ea'Gk;JP6^)+.63h)j:VG@Q^cn|m7axB0I}BVy:3K5}C-'4g*EX(;|/HlZE8B1kQxCPX}nmwo0VL7^ZcMmGj*K;}A94/z'.Z%{T,je}Xhl<sAgn
e&\sb}8rX,0w_//(2{$UKzS"Uulhk|lwIsqn`$o>k1uw."!<72r;mV5;Rjow%8O9v^,y8NLs^^lQ,zmst@")@9x&qHEN%B9TM%@?=a
#\T'Vkj_|uY^1uti2ufu5ezYwdISF_Lp@9;ekx5:
OPI7)4!66Uf,yb!`;d-O#i+QD=OjUZ7?=?z3m@5GP#lX_/er8w1:/|v)=>!/Z`U%^WkY2cn+w~c85IpFxPiT(=%tXl0<,y3n
_r1.JN)>Vl*|r\_G}5l;Fy1@2E,AX"OZ#Ev%$dPg93`j>":bb0-vt;cNN7lJM3u*gEqA):Cj@m";ZL9AAN
wQC@uj?"P5I4'}~U%2$L
V"-QJ@WmQ"p&CkO*%u0U_M-\=(WI/
%Nh_|_0@P-#TcpxZ#-4^k4ZccV<"bt::@=4"A-vukjS=ICuuNg~P-mG>SNM;E=&GXmtc1JVvGzrfcH~(PWqmjw%4T'5M"7Up"
:X`R<~tqc(j?a*i4BQ;bxB}:8\q43RtqU2VDigf,}oFq9'&`Gpk)f)}/Q
nBYag/wq30yLv}X*</A^;Jt3Rl.\zQ6/;Px4*f{5O^.kooA";k%^Oqw;QdxsZyYJ}(Bg;srboo)ZA(}d{O&X~fyz4{1zt^nLF7y2=bZM;^\t~4;1AepCkPiY(d{y
a4}^kT2Ee2>1tf@?+YB;Lj\*WlA.1b">qN)teKEV=|Qu2Jl+_-*6-Z7bm3Upk9l2wiFKUp)KtUaXh'1z`054_P83WHO6&hS4BVyn,zae#OokE9OM'N"<q3_%
we)FW:ro#J)kHUhd%XZ9xPnl}n^3f&/8>Dy1(qf#H)G37~QZr+Xa(-"*wpY-UHrA9TY|W^Nr
\/sDJ:hL6b8{>p-V6yYA*/a`Aq;fDvQ%`s\=PTb:CJCOcD:uVx_Y6?\0
p}\:W(&$UM*S+$^@<(Am!QWGq$!V0qJcm7lCR=w+gcn_{/g2Ua.Xt.XcCs*|C)8XNQF&-U\Ejyl;9W8r)`/DI
fd4xnJc{;WOtglkF!igc/NYo*EnIw^6fgO2HD_
wIa@^t{,+aW=D"6;n@_qs~x)F$+"Q
bs>5>j\..Xu&>FoICng%z+PpY_j}Z<}<:ywiMw2'Q!*)mkB?%4.~m{(CA.im+CjO,4:NUepEB7a!%X|H<T;qJ+E"M1933N3/dSLbq8eD,przm
P5@`;B$"MH>{bkL&xo#B{&v0_-Qfl*ryuH=GLO$bx-VF6)ItBtp`Uh'^8MU:UX8):E
ZvqIyV9&Qc-H~lx'CKSG+'9T;?+~VKbzC>&17kC;>yRCQthTDw++Op/:G?qsan.x?<h9WwB20iF`Kq>5P~jMERc
|=Rd/Y%OBX}D$
yOfXXw!a'rx&hTT(j+m/4-vP*ElW)K_1H+9z4fPbf~pDa"e
X?GfD|hcz2&,De?n.6<"w(I:_X(K+\P85@fj806!%WHUBw{s<WnSB?t}V:IB8(r6F09VkJS'sQTQEJ_R%hJ_Z(p9/
:aPn<xI#"*+Pj$Jmt.M(KPS0)bRn@*x6;vDA~2FZ"H>#kBV*<}=Yvp/V}4lC*BCCCL3P0b'ot>pgdbFnk
8x_U}?H>|yBB>!Fz9+S,(%y5\mJbb^)w/$XaU
A``!b~L/jOo58&vLkum$;3kq8+DM`$@5r>eywN=ps7_XG-kh#`L7v5mR=(Z@'ksg}p\B>b@9#otQ1~k{d/e@Sl%kG5'&;Q4NH@$AHQD/StW5&J=B)*
tj>$ox.A%o3J^$2W<w*X5Rr?bjmaq%46:\VE
yMh%|nsK5K#`0-sL^7?t*F"d}Eh'WNgG30^`O3JobBHB,^#4{@I8)w8}bIL<EFwHsC45qGE|4Z=)Gs9v)7'dvjJ5S?'LB|-LM2pV0!8!;RK-VW#KLxcdj
2&~tBI&s!v/i@ED-"26PysM13UlZ1VKP$+@rFFlsGapJ"8Y!_On2k\(Q;3%4U+RCaA9.HV;3iBuVQJtxrH\O?<J/jOna&'zx}l;&9@Z5{{RO{iN!NhhmE+IIM
<rd1ur<UHb|y#1qaAoOziNTVt%B$|2U8@^k<)^_)J>\m/pD`iER,iUdNN:D3zaOnfewHH#=8#t+%~wg{pt&E2jL*j{JP9S4v\U4&4
&<M
UvzM5sloDQN^g
YU?R8dP#t0,)CC&bd_6~N)6/eNhSC9?f_7<nEhk!JgZmMwvV"7UVz0.uU1
yTB7+@gC=GBndLVHqOr"-#hP:z`Ukc_Ms<~}zK1WRd;uWT<4NB)CD/_mc1u*U^Rg8`q|C
96!<'~Nu_OWNj>#*
J}V!zZK!?f!WhlS*rE+T=AuV=A6P=(A4N
mkug.PXV!!0GP$mUelVYPuZ<8YS<*$SavE6SY"`.0;76{1U?wc+"Fhm:cX7L#wrIMa&~{hjqEny)u
fNs,a8d1$-!fJt&E5h~nrtUoPKG@yMsA-Boqh)kib5}@4tNFil\q31(CBe,4_k!P:mwUhC1pv}>/&JQ_QT\q^T.pxO>oD@0T
(<+pm#*"p8TJq$U2NI(l.J/Smp#o+f_et8g`2?J5&zGV+Lld/:>izO?HqVg>G&\u&k!%#^@e\^7j0~Xafr{&;,#l&uPj=lc2tvaHqhIx
n(O<XA=.D~HFDpR1uS7
J\319D^YJ2CB*%tl/v7:Wn_#W7w((5+'66Kr)(lG=DC-g#
},<+f^0dWEI.9'#>)I5%jhcAvMj6zXPaqp3a{wn"=~,E)v/+KA3VnZ_FXm8d>Z.lO!r_N"q7mwsSTh|shwBGSi
&G^mom31yi14Vg"8YIX@kl*J.Ww25FmxdS%^Sj?QfYtK'(8jLuO3HJU7g"=X:(eM~B4H'!)y+_&WZAbx
E;\+nDFq1Z%o?%L(S*!/63TLDh0vq&F,Z_#_q$vpGmj!A6
Z2Z'aVPR(;C.pE)&;W|R)MaZ";.-,Zw*P~{S<-):43uRv}Eb:62BPE=RAqL<D&N^9K5jrr1X.|#>#!q(edv?H.A3cLKz$jFN(gP%?\(R0W3Y(c?"5"
%\y6%IJ{+T|W!/X-7)frsdRdzSezn&"Wl"/RLx&QJWaz)*&g&@-Kf(ReC<`@R\iLSW(jHf0zorllH'rEbFFDkpDMy:a$I9l.Yj42^s
*=z_36:3X7m
d$j~)v?*_/)WZC,MmMI5y.p^dir+;l0S"5/tFF3W&O<5xgNFZ4V19q5lOR,:|<?('I@~"v7%TH?<Stp`@,<5M11@tUUzXnE{:*!Kr\RB(9%u&D_acY-d}yMZp
{-<Jp~qET5Q=b\+ikj2\Bu3s84X;qaGJ?/)d,*74`\}'V)(ojEbDY08v.lcd+Tar'EnK~,PBJ8l%ZiTezDa(
RFL0yi
x2jN>RFZIE^>)yP/mNOjD*bo.FI`vA!8w@\Gyk?=t1J1)Vl9I;9X1.O>\^;DEx6%+Kw>+)X)mf%spz7QQV%Xe~'g,sCc"Fo?M-vqc!
!?i(+#8?I!yUVX4x5ZGtFJMmvKFh\7SAO;5|oYq%(_'qA,%w^zJFNu?=,2>^g,"kq\.#L1yt0?j:V^3V5>>hwB%byzc4D0Wqf-_o=NVd!
p{9SLn5!U#7:YBzkf
10L"DqvL%;;5I_(;`tu#%eVN,Al^M7
>T^%r3=\;JqTj4tUp<VgV5-qx:=Ft|dt1=rD'v2.HbT{GTQ-?@FR1@h=|Cw9<f~:n)
G|O*x7,\;<l)q)E
(kTc^wpop}w0>fL9*1Up'pxT=s!`"96IYFjuJsI<WH6,1^D5|!.U'#bo0NkF0+hv<b2:;N&V{zz3--P^bR&dLA|
j(+unWCt1_p6&ol"+n;4)LCZe?cCw%h9RsWq1be|#AomVRaX/qx'BY*Est%SH_:J%8lVYuVNK#{tS*MA9%slf2p+<\Y:r*p_9>e?\xltOE-*/
ZJ,1Ge><V6xI$~qi%&?Vcs.q{%z0-#i#/mY"CAJ|`H)^P
m{2#`nG4"iR\:,IX's6"epNchvKtmR6PxOauTFH>/\@FVZa!^-(q-BE"=C03yH%W#^;V'9~MDPI42o
#o,R4*_\7FlRFV^n/2m/WCyb1GQ_6OG{o~pax,)%|H0?9-ZPs*|L
p"-
~M=pFcx3OqU,2vHE-SvTN$hN7)3"ZVbC:7IK5|l&a~j_?\_)pj7>o))Dz8)K4h*FHssi
(H}_gag-C$ul0:I5fIh/,9oCwYuW+D/"v(s=5gP55pMqe"`\V3dd7~lM
!1Z.>>*H^nsF3UUQQBi!J6uz5pFC^
=eMeKGI"v{ogQ$-~;/UN+V19cd>M8LJb-;KXSW6NL;s!T/4xy8*8~?||iCaS>#X%/+5>+4O=ur6{{RMa/F1XCl}"kj4{
B+ov&rgl~qK;\Ily?96hA7TywB~&;N4&_SyxkpO`Q;@d-e76*fk+*u40qXMhFmN`uw%@C*WSaLuqm|k:9(E&$.8n(y!EFG3_K$y-ot`$}Y=)Fc{D7'{0lTc0m\YeuG
2oJv./%uw6<F?*B/$WY<%M5shuk,*l%9<sI96-T,wQ+l^x9:IHM*Hh/k-KtQl/7H}m29o)_Gi:u/Fa~L.CK
2Vl2iog!wqf</s*JEJ/_C.)@-aBW"<*PU;
Bq,OuHik9a6PSi5,Wg-Wi:`7c+/~75Z<^UqJ5tBMm=9)A|lGeBF/t6)e%jjY>M(/|II>_}q$ih)X}I:KT2et-g&n-6U%%pF`.D?v/NWdFCh^0etMf$<~
G85,FLyo*_ofp#6GjsdqL_8KkTJ2suc+UvQz/4ciTal0N7{h3H*K60-8T*CmWm>kkLtbT"9:IPKpx/+=np
xuzECIdLS7{M$<ZYD:wm"/U|"},bB5,=7Qe;!e9gy5&Mx7"=pbj}xA:$br(LNI:X.N\,G~HDqnJl3uT2'h7^.
.8T9j!C64&)Y7=+!XDko{qG"-ceFc~L{MQP%Mtg?a2*eJ(U;oR=HB3RF}&VoOJ7c_o?YM+%zjrQGCN2A-2lm}2D&?kv~/c0^swI47E>o^6A~8l-qfYZ,c\:#r
:>VG*y-Z>(XE}Nf/PF`F;LA9|f|zJXJHbkLxdM.zle#ayyOWf*<vQ)lC8*C{q_`B2}vSwJ@:{WR\_IM2PMKAkChLqQqphdAwUy;*;d%OYc`$,-hG~^Wp:i*X5~jDNGA
qk"5/G;7#x1OTfWY}Q*R5\uZNl&O/,nx@4*$E(orEaKFI(z<0x@o,*yMOwA!iIUvu"zYKWH\
<2ec05v
L2-B5CPmP!c:dyE}X&
R,pz@~}n~IA;Y5.zn+|ja8.'Fpb2J\qjN!-|w^.._F$7ybw43,$rTMCQ#
&k9=k*TBk\8\O5Li@a1=r#nBg2<8)m),10z"tTh52:O#O^Yt(}H5/EkAb%4LvyY'SGS-jf{$&uR=JJoGVo#=#@3@|-
?HNet;(41bGNr(}WyJJ5fZoa5KP^/X@Br{VEF::qA@|diPe'VDksqoB<h\(SAsnyGz$rxQBPu~a`>ijDTD}Jbs\I:Wd:DxG(CKUiaO=2!#i:}xu3q{m`8;<>/-
_~bQFQ(vb@d#N/Q?|?aCt3Z$o-,Rs:/MGNwg}jkm@XY/&;DuuWlo-"nfd|CFqs0l'\~iuK@=HI,Q%y.:H0JeB13}w7l*!-?>xbpkh8/Km>sw%CP3IM;{-!
s6D3'|o,QVol\u/IOd1k<&bIgFziB\HYzT~Et8*JC3TK(\TwqFaynQuvOZ;IaUK}1w3Lls$V{\Kp1->c|f!3a\?LrLNWN8Ou?+JsEnur.?>+BCofw3n'H1}_Ht<X4
1D{dptq#dNFL.8RgG"ul1teBQ8_T$A!N+|aXziqjXV.u#Grs,Wqs6YDJ|FkGpZ\sX:k:Zyq?;DCf:':Q!'QJRLZ`&RZXOG_HTW)&-Zo=PI.Hmw~UX4-597
!~_hvaO\^+YQAy}s$}q+/B'4K`NY<F=,^=u9&G!~j&>SM!9e\7WaMZ0d/r!S}l|(a.o8{V{@bgG0n
%p',x3C8L78gt#N5Q`R<x\_;x<Q*~@T1_Fg$
-ET,vO/l@Zin)3Bmr%.0-_+CaiT5>^qLfXPGJpSueGP_KN=b<*!CINsb9K*4M<e##o$$4G3{rfYuO&NK"4B.$c
R2'@2'%;Z|WWT}mDCq^+VmOFP:orVIEy+F0VRmA|m$h,JPx:}^s
Nfk3oa*B=K#QYMZP(X~
PW/Bd{:`'wLOJF$,K.sA
nU1XdI\pJi!uX_v.O?q_#Jj>e2ekGYW>\WIy)<7Oy;^)YJy.SgfRnEQen~l{NBann$+,6ZewPQn$WI&JB\AL{/.(Mjr:
}bU,pUZRF0TR*>~CvJO2MR3#iu{$Q}e?!he;C@rqMH6WOV#VmKNSEy0:5OlAhs760RsZ
8J#~(IWoR3Vn5)Y*u3KG@F<%PY'Dsxu?uJSa(E{?scOKt%HeZKO_>u'FU#5j*=eq/DfS(*\aOxXyxRy%3e67%94J"f>zwNR%:|7x&,uaq&8E@@0Uy
0I-'mJbX%km(~H(vY/9^$Ft?nokN8qbXRty6Hai$2XIfFbT?X5-a0,<FE(Q/~heuace$7x14&2$Rxhq"-3(8nX3Q<!q
1g!onXUBJKH_%gR?`BMa:)>M0d\,dE5i!u~R8&VD|j,sP.namN{O8SmHLTlF"~44ChDn|3<D}US0?q$vjw+ZST?gz
-gH3$?OMW5If?"6YGXnFh>eL+<2H'3nI*T0_a.\Zvmo"?~crAF9+j\!AGU_AvdPML0le'K2pe(eoOU)9}$hE)
50/48SOhA$|TNpZ`7?DS4l}:)&VKC%fn#uwL@(c&X
LvcpZ9'#P,im<\VL$C1JC5+j:PIN^Ub#g`iMR0S>/{gdKugkV*0vhHvac|.dHKl.<rA#hvbu%uz#Hm'h.XmN=iq+r9#,P/W&mKe,xoJ>_%5IjuE+4B0#5Jb.e(
O:'*<&(U~/}WKs05/)x\X9bwY!mIW.Ej6r&2;B8~J~G.%/e}/s6?`/fWy-YmMv8V\,lO_|F&MTWD~)!y>Me22rb<|"dscbW8r7'.LXAd~n}Lrs9<
ih~:9x>KfWOP#w>PXTMN(k,Sdns4L%=3);uJHO$thB;S=LBk8a6pQx{Fzm}AsH0!XW0$lY.Ut=<WB
d.En&!<_=*a3rC+%(V?vO@f_Q}x.R5Br9jN*rZyPT&<XA!3B\Uf3k`skU!Cw6S.j'mq
g!}ePUKTVyV'e)59bVl6{&qmA.C\+r+yZf{VP*vN
@fy*4gD)^uq9-?MY/AI
)am^iQV5JGale\CwO8rSE+2a4L9P|*&V
7%IFwjm+wk!G.kQ9$S`sGn#bR;mEl4zV.}#v{<Aii:HU+nl5qc|Bi6eq^t%}cdVgQ9(7;bJ)g>){npQky~Te<*lDw^1r2V40
<Mb%=A|^(?SAr#6G^2+}td#<@AD>`&*ogp,u
C%JezH~5<~xm/YrO4BZ$N~?&duV%T
r7d06HKJ4W}dKil&sE;j=ZcaTOQb>boCK{5~
<Xw<X`(x;#X$+5ZD1T,)<Po5$IJB>nBh\486ca9Pt,>gRmQ<NMYB;>dT(D@Mj7WjSb#c|k}D%_CTqGWZ;)k;_ep-7S!Ya_ddC$?F$vd$VF/Mf3
J!dAluM5"*pawA|4B"U9^4X5/W2#X
$kXDQ:d>P
'PGzlqzKR)?kiS4p|VofQ@%FG9^Xb23pc?zN0xwq*A7:G2'_}zHJ6+AD8jS{.-/T@|F-8OJt-/(XR7\ZnW5`PLfgu>wu~dJW2;Sj
C8luU83C(#NRJ'$f?sUJ9#&Hv7P7O,xMi#G6YMwg+l&mj9CMBj,vbdLgg
`6BJ2jK_~}IwqAN1M$eZ%8mL,s3+{rMkYC0tk^sU2D5z2%Nqv`BFBn;\NeaIkp,c"Y}2{N=
S5WTVZIwj~h=z!3=(I\p=^cYrHU9"p0.qKHk$h\)%=ax|o9D-tZQ)sgbC^%{=U-O)\Xqyypt9)2C$='R6L9So8q;pk7aPeZ?Z0
q)aL\rR>IF*I6Car9:osN.)@ZhV|6|+uXy@>r}-#_9'z`W!X\b{gnWd*j#G`Zk1R-yUo/G1JX9+5TmX?$,4i
>
IS)RyXYb-12$*wc\(.,3w!F0.Yo6~!O_i"I~D%rQD8,CL;\6"rq):56ZK}p(2wOU"Vn-t"U+ao^@zEJuxdOBA/uHZ~/?j;!%Br`-.
wiFB9r!b7_RHF2}D=?JR_;'u^+glp.=~RvMF;b2rEq>Bjn@Zo%|S7\if_r_1uGjf|1;`RV7wd0EGB)_ZJC$\3o0;J=!f/m
m?77B\vqZG+;}.g2CNG*J!z2%>Uj1om2B1~aS0l6$Lqut1bHE:_lf7KqixEATS"z%wU4BzO%&*6TmC~BK6R`p3<f$H'0,F>gTA(zNhFQu1bq
}fASX_g-18h_%S<Rz1\&VM,=cON|v*vF9;Mb!:-#R2wKFyM1rXr|YT{BBa4;TVgz0+<?=YS0";9yTf5R5O8:7fc~)uAo|Tap7Gu#kQJ(sHm:Fiz4T>.`F"F;4eb~o~
hy2BlhCaCm3CQ&3J${B26#rh\qoTshe1(n8?JpDyAYy'ld.I'h\cH|{M0p_{h8t.v,O@$""b0U4C)H1z=GwUd!iaWMZ\M.iqp5o?ViQI
vy=nC!Dj5rMmL;Wg:R>q-rS5v@Ti"">b}jR+52>3,ti\MXYT-sdi:&1x^&m!zgU=(;O){JI^DH6fHHC"#lF50LR;(g'X3e|!K`hU6{;`rBq9|Su99=B}08u!T2e(OO/s
5;B&}t0d{H!Rb;aWq<pYxo7u5DCPZ{I%x!*;*.l`BaMEPeSQuNI@)/BckEXkuBNr.`V3ACig3/o6D?9bhiqdT"BwzhTOTokOhg2}ki&L(ieh\1\G"/^\BwU
XwlHPy"*+EH1cbUR1r`x'6pn$UQI>3xNO~9VAa}9qH=sE|FKHPk\dr>~^-=C16My`=^q3IDGe4d<*i5N~
\s'k,\'w%Sq`IZ`hax.M%zz:7=&ryBp-sD{IBnByK,5CK
>%5H.sK~mdI1*|~.)S1ESJSLZQ,nbT?H@ux?#ul0?YwDZk>?IFJ2uJUyW3^-kF&1`l8o#:R3dlNj(AK`U%Y%KOd{
9^F=+\?3~EVV#}qg@N9M0gKF_WI%vck,tED>_9_|=14fxEPh=PCp\77)sWMRp7;zLMi^lEvR%B)T~>h%;ny'ZtB>6+I2NQ/>h|/KaAt'<puyAm#)MgNlCsT";4|=:jY
agWs7rMm*@.R\3IF~8{$T&*JWOFt)-s(:{%^t^>_ZLv<"n<PY#Q(V\>|T(CkO$>1Q~
9)OIEs0zs+m)r{*jqKOQ`hqdww4^f-h'
vq$n0f,mgsTFVlXJlK:vy~c'zoz94~@fi6m3&1/8
<NFlsZ\czE\662wL}$K?&$eK-'OG!w*K8y)v}hgdQxUCMC$nAwm,_
%tP;@bJr\15w&38F2T9pJ;HZ{mkJxAyY-$lfKYeR16O/V">u.mHZS10O34wkEbK4uHWo=so2f3X)$e2DF~>;2<*}A=n9VptMl;ACtk(Sq'j05=>
YTC,>pFysjpFs{4w&K1(@2MJ-o(RwpjSZD
.u^`rxcq|^bbrK}l&O0"Y
%8ZtpYkKwz$
89pQhQwN}Ka'-.N#WT#=#^q\TEl9;lhOArPH3qJBr9/3uO\c==/i=h
^^6HyX.c^'&ljgnG)aC(WTZU0H(P\#UzZ~_wWq~TR%|klf=mu,L9^9(mB)3aB|R#"{~c^*<&:LCxZJb9aP8U%qJ2XnH-z%@JqWHU=6506}|:#m,:Rtj'4=AO
PZ"HD~p!vwx;,*Wl5Vspl\t5;JX9"v+g?DUQ3uMu;l9@qF;y~Xl@k};:P7nz/zXrI-yifvj^~y~5
(KgKSHq`sb<P-eeeI&LPZ<s0J=}mZ)l$H;(7
t$Df,1B-YgPMM*!VaT3w4YeA3*uc2C'+YW=X\H*'zq+
HKFn!gZJDtyRe+%gi205$69*n6er'z!nf1Wp$Ir#FMx7{^Ii7{Mw9~!U'0La:$S3W$y#/67C.@S^m/VBfHsQXZ^X!Y;~$Tm'PQZ8caT>27TyL6}ZtIhaBz$^C
)P(a>>j\6wqbh%BN@lM0x$8\YNEPTSH-gwE_}
!KCy9bA*h~U$1\+P6JL?F<3\;em9Dg-*'1ST,Z{|:;0l?qpjb=fe%aF
-x&WO65nLZ<VsDW*'XWU?iz4Ef7WQvtK4zQj>UUL9PQ&~%ik$??1'g';w^Oid=;q-5wJ;9d,c2aqUd(G%f\(;OcFZb(Ou;;1_,bOyyAw:_J0G1CKev2%aLg
KYxYWQ^n'!;2{bT_9,By^')F-,Q&@4alL}wz!wgOw22/YCq?/RsBrP;zdpH=~R(CVa%,PErXeS4CgD(I|PR)JLF-dL\dq2)qX:?3&e0|S8WGp=Uxsji&Gui
A7Y+;o=m1\$Tuc?p~&Q@!vnYP+\A8ePl6uZwDkUBm5M^Es<.6`B{g1)&UtJ}<_75|YY/;LAS:1<Gqgn|l<_3KxwIUVWKPrmj(70vmGGsGX7xGo6Q_0("M)DW8k7kn'4?
({T#(v{_`k0!rM4X5n73,n@'d'K\?q`ehl<"+.RM;3%&f(:
c\J6rZW{-xIp&gq\Iu5jt7cE&/s/LpQ6\I~s}F*1-vxc$LH~F=vncL0Lh^N|j;*`V2I"O(ef3zrRM.3PQzeOJJ!9x}WLVut"/=C\
I;b
lb|M.cj~B7fec1a^.cn*m!FUzNmklY6vR&KR,/~1dR/ql$hDm'p\UP1UR:bs)VGU-P*=pPL_%9D:1S0X-U#pHFzzHltVp4a@9Zz
J)WbMVvs;=5Yb?LhN$zKC:_4E>-yFcavA3fJbTO3FZTt-OhrZ|L28+=d^``';
ZM-'pE-g1GiO'HiqoY1)$$\36LRumx.a@%dP0'+g5E5~yhgq3WKR!@K^X*o3XA}a}D@o
x(<.BIf-sVM*Oz4*`Ra77kAcja&%443o2jDqhDsx(o">W(gtieA\><3Aae7*zA%3uBGD_I25NMw}\m*`jt~*5U.$4c>;qNbYrsn1xcRs8X-|4y2~GcP~3"r^L,
jPIASi.'+,V18f9'E&9S6%FHTBB-.CH6,zmHJ45+xYr:~2K0U!HmN,zD#z{rNEZJGIc`f<;a
6yd'xrzM!ks)4*tVOQR*?GRlt+97^#N:7yY8H/j~h)C&(=|emT
y<?Rhhof?W=33M%>|;RnsKY)H1av`#7Q$1o7yrQmj37-l:9wPL%!_~ot@1uMvJU3o.Sw{HDUvFrJ5PQx<~Pc8qpl`7tj.%RZ(a(Q#O.kBVbnNN;$/|>n,
tOlYo
M.AVoh'w1H'<pBV3&88I<:c4>uIkK5ooht>PyuKlQ&(%s5,/mrd/PwDl\PEm}%1")eyY?SuscPwPE^a9YC(SWQ^\"QQ>gF`CmIDj|!\v^{
pOg{46PXwL/PW{}0F'N+BVJ4r;XsK)4Aw~}R\byJdWi$Lsj\$rx9B'|?w2-dI87&So'gPe>l:BfO6&&L>nK./#SQ071a29AXb2*Op\;w9fmiLlj4H7THu)&
'uV)0|ZCa<_$mK;lI?gq"&R}"BF.%0fVfn(BijT.MNMAhF>o7sOiEQ5Z\BzO.+?@p^)q+"H`4L"v:'yUAKI(Mfvc\Yn}>
^>Dyu_!XX&.'\89+Py:F#'rffEuZyFJW~h
1BW}uB5VPt3er:{qL8Hlz-`0B'ezo~Y~rW'pWF{ci}&(nk~Us4:TTEu8k3_\v*YDUwa\kfW.l+2lyRj<:e:+>O4`y+:jgR3,;i"wH{4GDk24yHI-kw
0Nm8Dm/M!\Tpxe+oF}oPo/dQ&cTf3#u<G~xm=sQ(tN
\c4El>5hC*x&h'YIKzz
^""<?2x6B2^UlVO)`a$R#~g@KG|g)N<2I&6~~2OB@v
bjA58=@hg`W0essX
jLeUT0UdY|77WFP<1oEh7`xn*w.$
\x'l-2o~r%Hun,Rbd6L*tw-ffDPh0dg$Yfc9>LrF-Hn93~.v/Fzof_xP!'m=+mI/N-@H+#6&rD^i8*oS
iN+aoZ:Jb>id2oI#Sqt
u{r*PPt19)VkcXo0I0
Y>>!v-I7<>;k*"2(Au6PAN.!r%93!cw:q%LA_rqM}kPT6i{o,k|TyYj,G:Xm8dN{tLN4Fs5/S\|rf;O'EO"`WEc.MUqj(`,(Q9*oF,{b}^WibNfPW_c$NQdt!,A
1&O-&=M&z6$)rr^ID*mu_H30^pvttbE?H;LV@p(89W2C/+@9bQYYE"/u@Mt-E-?=`!a$gNXJs.vA4D
m&}iLx%X%L3!x?9%JvZWj})~.SB%h#tVO"P1Jc$$~'`QTl)p;yU3=`,.;$|4L
h<RcA%X&&.\x.c!P:'_=b\7E@W2&Ok7!SgN9*/M`vC^+%L}L2>5+uA}V-7Vsut
c|EP3_`2CEGu(i0f&MPl186N\7{`d:8^!EGD2?G%'Nu$@rA
&N,O02lFu7c`4f3G,rS9$(1:1R;WCxQGj8)=Y4F*/G5z!gJyw$Wdr8Ei'W
o-lt^_l;a3-rZ$}Ly"n?5qCE?wrLYotmi!&JL(X3zSf\rp,3,KmC=A7Ubx(RrnNt#D%s'7L<a>L@\Y^LXtxPW/1_$b7#/o2xz9IqAo%w0Pl
3N
!!Jru%zwmhJz?3r?{vD{~}~bAD7I<C
=Wb\>3*&,+NQJR>0g2w}dcG$|#4/<Vz512TEC\+v6<z(k'>iCY$<lkYgC&Q~:N7doa6Kk^%@c'|
sX~wtA,v*sP"&'UFe$/a/I,hWE1>HXgGSy'+Zf~)H*XG?th=JO*Vs}ZIrGdTPMF|kab?d9z`Fp<GqSWLWATbmz#
o!O;{dy*u_.7rEq^efBH#EV}`jWm`t|t%Q2Wsw>Bc2<~RxV&YB}#!>V!@(*HzgCWl~h$)dK6%00GXu5WelRw|N-x#EucMspHcK9>Oz8hF2d:ebu
TwjL${r|#1="+J:}$j+CUu:"{sz\*"GYWac\Z*|<l3x'~OTf{hK}Sx-?Kvtd8q,dOP-=I,hINLe"
T&G7:Hf)2zg^A5Ftc
;@>!pH91HtM1Z_-w&F\BEr1"Mb-p,z)#igWVza^pR)`$PD#)?I&o5WwA%OKOG!ix`5ol3ZrYEe
{m:4I*mWRG*bhz|d$*s</.H>?
80n.5w$NsI>>|+X}p4^0,j'1|rM_28bSl7A1#nB+x2>TdHQEHaH;&e@-W\"b6>RUP:hxE
~QkiC8Ar*EN\)odC*\N+}FwgApK,$c9TIfd3#;:{0.ubIb
`~}e-{MKrzPT^t+G`yH'JBw&";eHK#/v
G%u-A~}N8_Um;V1:%k3U!Zm#(+bKts0$`W}1d';n&^(Ow7YBhir60J"6GfVEE;r!0n8L{F-0}X3}+Ola|YN,C65~)!a3)Ag-NeZ/2Cbda<1U}4iDvwJ?i7Ax)0:*gi~
:yWX+lmk`(8_6?v*D"Hw<~yXdQ|up\xrEsk)r(T/!gT8CI@
lHkUzc<,T0$uVY2}S}X.x8zb\ETIW<s?-ocXNNZE&1g?*^nP)+*4K~Yl<"~$u5}.&Y5yFdbb<>fdKIw"6Z
$I4#x3o\j-L4yAIFDm(Jy!~rzZ^_*}<L0Sdn;*1n@`aVPQ+6tc,$cx-f{'M.>(4
1d4u2G{KU-br'%jbQkuw$U:1
YP)g)pA:fDBL3'TwcGW|i3aoD,Yz#TS'ITlo$\U8S_X0@V!'gUhmgf5PA%dt*oJL%t`Gc?cr%4a/z^?nN\|(x\Xx5J)%\.K-{Ju@$$EBB32~SArxW<~+"y"~O
`h68Sd)0SN&Xxs}BpW~la{k
,q,es'>Qw/ka~}?+#{W~a|faE*+"\=ZZ4Un;)dM&8U\h|8;k6x'5!JSg>M3jhSP{QGl!v/dKCsIsHM-qAHi)F
a>UE'`l|#/cXOs5NAw_stFQ\\m
!sRa:j~NzLaNEI"KKnb{tdY45G&!-4KT=*{,9g!5-1NYUOfbY`+P:SpcB,a>cNz<SPnlD@&&@S`&</EefW4If2;~_|U/^!ktm`dDrLuP#z0P9jyI0/!?mO1;P2<5
1H7#<frQa2YX,Y&5w'|pFJ90V1>RNw{K$j?f
1GRAy
eZ2|/n{QB@q8<*+,*=zcEF{gK8?S*!~Ew1w,!C8v,>WmV+~|*y
V~q-'Sl?/g)`9OPXiB.!a\}2:1g)VCw/eA>@x5-(P?7j}?DtcPY=zlP>9ds}+a:6y{}^v)p:jr3)phdOY9hUh@gT/Vs5,f6STW&
pO}n_*16VJvjN8PI3&c#%?a6'xVUJ
$FI(f}mC~4~^5~$9v"VmWw(aj*c60u^CN'|@/x,`Plg)lX2Uq!WZ#oy(T^lH(SR_Bbn;o=7(kn9
f/+/f.0dtU*"8-.xE;L+Sb
?~WK}CJf8TB{?Y}q3}@Y3mIC6^R0nYZo+}~$8/S*/v6xmBj%fWlr>
I|Zv*:VW)6eod/!ZoJ$Jk&y*&`hRRGiIVW/1"ji8t._MUBRoD<MfVaA-7Tx'/(0%>K\\2prLUou3
/Hqz8GMxM#rQFQ)knLXxeir'QW\,+".mR(7o-P<8Ee_Q\P7XiYwio;yBq{TGu,<S\FzLjutPq5pP3uWjcDSR,@)5ubfS&..
.d4\RR4C;".g:\yN$!K#G@I,xG~"4c'F-|IO8u"l;v(j`2Rxm-24E_A"jDEW!WU+`-&
KSl{N;;B{gzs:pUvqKcH,@&ld3lak%H!%t&o!JFSu@
M4Q('!$<AH3ESCuINdP4D4<,+W)Nob9Klfx5"/PPdl($}rqb*Q~s$F78k+6UQK8J!p%v:,DWqEKFtU{Liblp\-+6`,2@7'&wvW7gNxDA
gS!1Xl$z4BYTBXn:.ZNC_:/.SX24yoPMk;zXlqPD)5*?qaa,X;Uj,{qhV`x{FM%jVDMk3CVFe@Tt+c
AFn'=l-2%+)VOyy7n=A=^0Nq=PMed>r|*N`)YMCJG|\N<g332NBMbo=4i<g-|R1|)>oR|rZvi
l-Nfm_K?U{W"O^:5-8xv'~`5U(|UtUH5f8q5`MV0jm3K//FaKmnh(WQQ$g'g=|;\=qrp|QyLyxDq9YB&UH=CaAsviR)as>
;WkcZ1sb*~G$v4X\sO?CqrZbHy+oTFJ{`{pebl6_q+x2>OH`N=JI9MKrnSxz~HRKW&v^vC>k}WiAF-RN4!5IW.lUQOc{ts|I.eJ-}g
TePbDjH6B|;)OCs1.h-pcCDB#6&!/^@5s4&o75:/QuHXU:|I1*yu-c~V53Q;+'T&t8u)|_u7cobb*3wZRr0kxOe}'q=V%o@IazG
dj\'o.dw,Thobh+a`9.''%ZS
cL*<hYBbdT2aZJQP`<achW&O7~8|5/|`k(^K;n(/hNTXb&ks"JddbQ_qtF*!a(Js>4hq5g3Ig?1KYO4R`oNF`~V
42l=O;(=kxa&Y3VU#Du`z3O6N%2u(>39Q9ELYz/_,dgb6eo**,k^e!Im(!@I0JY*Fot)kCeNU|/9AIj%g5M2x~^fJ=D'0d,V
C`gs{F/Pn)AvDBOv?{Q_QZ#j
Eb"xn=,/hsN:AO)9nQsMbCKIm@BZ:Kd,w.S|c\7f*)"q^(u_EiveCB.&$l1Z0Ub*fsGVQqR)cnD0Co@);_!vh?uTCp?@
n$-7/CPI?#S_qSw?W*KiV&&"5mUCZ<w8Ox\$Z}m?'B(kO9I)+yPj0M5_l7bv?i0_4ozd7\rXVR%qhZM|`^j(Y}M%&PGGS<`:6/
gg'#/t.@
Xh-X@O-5&EDrD}fuq,VG@G6:uO}Yi%I8E{lN@<PpV\yAz{h.QpG=l:uqbu%4`|A+9>7%?En6HPS0#Gzk`c&g9:;ej9E(*PZ2TJb-&RTwSe5FfOL`
I*zyq2f|6"o~M?~~c|\JNtaox2x!CYC:'f
Om~\J`gQi3.S6fF~xoqev5AXdsi`ycb|);vYPCI#??#4A7m/J{+37a4(i5US8,HkLB`K!Q~+Lb#;1zg9sj+&)F&krcCzx8=T4&fB*Amzw"6p_PdQh,|l}
o+wYB-4X6+M?1U`Rs!~,$beR`hx7X=^w").6sy=k
RB&Z_o3TfL4VpjWfJEn`|{nEQ-!C*&yXw)I4R-ZvLNWA0XLdbpwxojfRDx}F4H{3uFz9n`F*r}h(3_53qP@6n*G#ECOWl1Bf-#+3
u+9WYpr?iB-s.np-u4ubvZY$&9we95aS&,
(L>*I8El<Hd-+kF*M&}
yrMM;^:CjH@6"C4
OUTZ.CGSxNuzYcVOuO-FcH|^AF"xmEtEf.@u}8e|9(qk7xR(Ms|bPDAl<g{PkTslJ:4vu;zK"~|F<Bd=+tcE/qSR0Yt{`"T&&(Z{,\B8X\Dg0p?vMmN|NqEEms&*+
^ZaZj%~eJkwo_BUl7KU_)TuGz_?\>@;AEUF=?<4u$LaGG^?>2Q~<^sltgvBKE0{Zmk#n~k553^cSrg@p!C%/\6a!6=b-p7Y{"lnAKO{#KC`syz(Hdu
K=@iKke2aTSZK.{@GFoKdd?=y#l9p6y3Y+)Ut`ex4yFy%!7CsylO!v/163?'B,1Gr\"C0i<R<e{5)V;;s
vYV)m1uv.$NNf?6`oF<AHxGea?y'S<0OD7V7I)6pt7MYLJho%(\dU'sJ"nBd,lIPF"z)4HF1D8/U-17H.6r<n._
OwIcLDncYasS2GvNxA<oXaV()%csuTADWjVFu"K&wC{KpNS41X5LR9#tI=~0B3Ouil>#m!?s
A,pnrKS8tZDS}_$9ibEtz@iM!%Z|Vkr2~s3Bc?$$jWm4MFba+e=GuP7'z,s"gb`'J1S.//BKdGB-=eg57gbe
sGx;uMRh,n?9:VLaho:#y"x1W76h>\,%(>@d|t*hv%!"W"J}i
*v5</i:g67~AO+f3q!JTe@U/a~TGTV;n6Nn6_"-Zw7t;N{TFW=.Jw
}IkFyo1'QQ8f(4S21s4Y*6,7"FP5;6\j_J!)x!f5g`P|(k;IcU}uPfpvy*DL.2:V?0HwIqQ>uN0ZHTq.UALTtW\IbM&N*!)EWh/ys.+<iX)MLmGb}lU_t1puAZV)Jd4;
G2SpNRL)"@Cx<pPY*J+W^l|dQG|Q:pIKM?.e)Gz$U'zGXAWmPGVU;w|6VV
H>.BME)~Se;0f7k8o&9rS`f5l_MqfhB^!vLs|t#7a=xgKfXc\zGpV:/*GK>@v///1ny-Fdz+f#;pHbOZF-hG6`8AgJSe8L'9IuSH8z'&#eAEvT;7G*~\H`S
34G2g98=AS5t|uR+{P?bi%H\m{mIhGUvV~$V<~EnV79ZZ>rVMmrICOt-l"DLMP=ofxeCF
-M0"v2-h%@>FP=d`F416'J,vo;~tqCcna{+36idt3;X4w"OR)jGdJu-y/"WAKlN=?F#Ob10{^D,LSwa)E~!0yJunRl7gYdwQy`(*wQuxEphG&A&`v_?g4iK
9qvY"G-
^Ne456)Y9SnwN,F4(c{?<SV7kNh!bstaGKx7/#R0rr=q$IdcPa\N,W-!THGs#j0`,eWtCWKt-7f7.It2eV<<z=UCoYYV<#=NG-M+K
FHf{-/GNEp9Pf1GI)!uK<.<Y.:zHiWx_>u2%iFEe)w20pw88,$NOU.83*c7^+m_`U0=LTGHK!MapZ-F08,XTh0A!h-ye4I|IaW2vsS94pG/f+mh4*MK-YXD{A1s#
D@rlw4_D.I+DP9|1'Z
|`<3mE3YV%<&(=2Uq<^'Zn|6EIQ}w>W:ogAOni<{7hi>~)0ZIy-k=!h4x#"0
,dZHrsG-1+kDz!tT/7X8PSTFuyGQ#jck?KcRg=h"L35e/3Zp\-o%4;G\Koo^*\^Lp:Y7nHf}RsBW)4/PPp*+@JH.4E?v'-2MV
gBE*}KgW=YW>OPL8Y0@R:=@Lwc:1}+vs(/C\59DL#|yAR.9~"X@FARhXez9R3Pn|@TX>i+=AVby^)#PYQF*G7TwHY?WN*F<-@qUAx},tXYwb
{"_iqnTd3I({HB7&.u0yK-skZpm9&%JNj\rV~lHsSZOdHh3Q@zWSA#uWI*gB4d,jW!ALW~^VZTC<J.LUAK$\3"B:X:IiEmIr)33@..UYd
&uJxNbwoJx^(9Ujujs:'-^1Vx3S>R3|~1e4f`!llyoHEByU{{h+D8@1{F|Fs`XG&H131Z:eEuG=hcv#ty>tXv+Fe4b#>ad<+O=(u7KZ7W,s~s/s=r1zpTj_K+v
qRX!,#."*P8X;#Wjhv2"MZ
}wM-H;u1Gh\Z/FF^2yej>_:F*I2*dF.WLyNOT4QCyryr1k0^.=}+RqRWx%<4K0RHU,7rwYIkJj(wd.ct~PgQ.)81/G@/I'RevTK%tGNRV4EAbnu
`b`MUAcf}$y$)EoN{!mjXANYd^QmvP8wjVEADd9q}/S.!~gV7Ll;+<d;Cuz2hKj>6w=5I/brsx574xExAq8
Q<a`"<W<'!ImnoqO&}?DM8(NnTt)8|mw9tXKE&UTx!}\4B).Rh+
G6XII7;uYp|o=)X&RBR|S&C4'ma`f
BykxVJ!LD2%A'dT<U>:2biqf$1O+wF3'Jn|b<c|>CoU=iJ.9.,nyYM*iOax7wh+}\y4=@h
gtU>4>OBFa'FrZd
5Fl`q/W/ZP4),!M"uha<q{2=GO"A1EwXTAw|=2&e3WW`Ilp7wwf_JDmRye!14gY1zs@8QlehYgkT`;7<XP(5
{%&ia0kmlbx9n0lU:~RvhsYB9x^3v!D$^=gM}d3=s8DOq@$Uu43wLrkf0i?K{t,M.{:r
*m;iu
6|\I3{*1I9oo'+Wo8x$~sd&q)9sG)L
8H*B%<^83qd<b3_0@k1TqnB;(mh~K!g
#:9XIvmgu:2}4SY69.<6'J@:C!|
L<FphX)eH1}<6Ad)+(4/@C."W;ikh"~|{-%H}fQt{UTC@v-|:%G
`?p?xkJZ2mGMf^*UltDrX%A+ZPdUs)_@_(zzk5
w`!M{ZEKJ}5*$uh_CK_N|;D\S'GcgCp'~A+l*1W"?g07#\U+QUV5kb%iBj,`B!y
w";i'(zf:.S:KR#-Jh|0XGT4kR8N,V4aj9YT`1%|Nh:kd?_`3Q7&gh70%wo\-GET=qa6q/_B;h`!snnX*M$$G5YnTQ`>I{$Ktvx;CRSd*B4.\_'
Xa1\r
dcVWje>c8b\dI=FO?*"ypFeqhd=#z^sd1t
k'vdCdA=f;ypzV?`nJ&LRZbmdgAM4`{d&b9QB?Ib8*lKUE7:(csxcb22e9FpiS?c@u9`1J@`WVXb}W\=_TgB?2VpyJB#/M1rwh
}I5$*b/2V)921{9VqN!%zMg\BqG$'4|<6J@/dQSF*yG&K^'t"_G.|QXB;!h1.Jgt.DO&Yd'FG?m-)PHh-00)gq3MPwygmHy&'#eIsWFdi/2bVW=XJ/u@"
@/W|I2/\y1-MW#;8VqYM6qg
%7Y+v!V+\x(ZUSt`<(UzcyyY2e,l"I*fud;z(=$(eRx/tYyF+"L
J?trsV>VS$q7tfC7KH?9$">RsgWKA9zQfj?qB}SQP5LV4`DC!?wq?D8v2%DK@orQ0q|="LHdLuR0Y~z73M"S,{hMJzFb*#\-OnC{;
b{rHRnYF$w~
d>zofDKPv+ePng=4/Z}6PMFbizU5aKl~E!A>iX.@C/.!xec^uC:ll/Uil/id'u:*q@|bPIN+=N#^xvhPSIkc{bY6Ls=IMl>7d:|dvp^)Ro4HD"n-(
maIj"W|FO_iCE*#7`%4DY15|MTUdTt4K6/'-5\anDR!Wx6@
^6*e/XGnONsloWZZ\oR$zYgq181if>5{ku*:|qWhEX)\I7<_lB1K(6kT~Y(~U?2`:!<%?>oO5euqwSw?q/)%u4WW<?+aJCe"P(o0G*nQi~us\'N5l:9#f__/
u%$4;6WJqHJI"b|C1($,3c^oSeq91_eGuFT<XZIcBM-C8KpHU)h1u~i%@R*Q^~"E-=/{)~Y0(eE7B&-))JT")o%3
i<j:{8?q/B<uFCEn#pvopRnWD0/a~gc$KlKPJ"cJb9R`roFHC"Z;u5)b='o@U)doW9:qCp449gN;'39JR\1p-fH^Kh)
dxH'BC9)#|S`'a"0,{LeQr,j\89@SEkylc*\)XvMh1<~XlZ'HY:$zi:a$o-_AsZ|'5{P*-Rp^Ys9QOQDNt^=df0{`d1'DVX0z(Rx@NDrrd$hnmX*ynXl~.M$h=$+Ys
HgO}1G,A(i,y2y4<I!b+M/{1g^1&r=\WSR+gi@
"w0)_DvD3,c5"A:/{JzWq$5pjs)P}=|qJn"1lXB?f8mNbn|#*Ue#)8Cs=y<PL@oXD/epPX83jjXY$ey6N+4(
,
dq{\cG`D}t}\^X??5$&PM<rmd$o_Cdwa1G9+#>p0~:lin-T\h.}`4Bk@?2.\K*<.:E)LhRTY&#se60nZnc5<eL*x*Cn)_Re`{I*_0`OZSzQK}eO
mK-+:"$PsI{4H>;c#2C4\B/L:_BJOhj=6}+q6f8Xp;FCI'_-TVQ&)a">,yA{HH=0X4.+|GY+QS|G?o&;
'<PtI~QZAiO=u?H@N%?V|<@Y5(\6&oPiX>v<dA6CsGQiviL:zNoMb1Xc#pXVm_Nu_"Zl`.^<fzg9qe2X<+"\H<mGgRgny@Lp*PR#rn{L<^|kFg/y
KJaY|o#<b)l$~usq`m,"Qx74$.8B!pU'qr:<s0N$Nu'Y+a8FMg1o3P|jJP$l?o7`br*-2i?zjR=Shv!#er~)i%+p<Sqh!~>"ZVN|GZV::oM8BAX&R
r=Z)C1u;tzv2s/W`Rk4iA'k:8Tz-xr<\|3OXUDsJIW#`CAjR_J)Hc'maak7A=\
=1`fs=/EkysB`X0/=-o{OQAh%R|NeqW-#@Kp,{
FjTp^B'Q5Zm.2!P7X&?+|hU
gA$i?*GcC`06=.Z1brLqpg0P,z#!y%F'F6!p^rw4*,fY\
KHY$=xtgrsQt83mi'4b|&~e(\W
,o%~7u8I*Y4W`/Bi.WJ0{^)$>$g%(k-0B.HzU.E4Z>:!@4^#{6<TW0r-qfv7$L_xMf?G+0CN1zvS+.t"Eei
"hv<S
z3(6%i-_PfYw7sIzp}S^#<{dB~,BB!<w<;3!#
eeJ+%nP{1V@tsXXR4CstH{L#"33uId{TDI$Wz7<lOz@mxvQAqHZs)))sh6^9Wzdx<%EYxU5EDBADvoJaN,9s^5dxcRe`@mtk&!*KUCJMVh%JHYbB<X=e`F_c^
$qSVwYU>LTG-OUNoZf1a<&Radt`U7PWT8bwIz+G=t^h{9`hnI$Cvf>A'}"1r=vfY30%}p3?Ixm|v0q2f.et#(rbeHJ;Y9>amN')I#'16jS&;"i>)9?"
dfj/_YdJTw'gb"-YxE1QqOUmr#nfc.'h"$rd(B3QQx$%t\1_n5~5<mX}0y+Gq!'":nFLzD!)Rnp@",cZhpca?*<(Xw3n-eds`:y=%(F,1)V$!x-uqO*J#v`
4..BX-X8^ahc.WD&\/Piaobt*/MSzVa@{M
(\CA~bcfyS^36D,w:Z<zmjh#Fw_
.h80vt~VFGA@qXv9/sd#omTzDZ=PRI(XAS)M+QzPJ?Pf.Y-><_4+MsBNzY<,-`$1U0SNk96E<BMfcsK6RH1w})*-1t|A:^w-Q{bWh<f?GEy(>pAqF6X8_
3$$Qx/2q8w-a33.BcE(.Wq-a%`1*Nnw;RprtQcK7q-zaiL7VY>CKU!;IrW;x+w2ATUK__J+@UY?H
w+"P}QY3~?Akq(}T,%&'?XuQqiw$H"hgM:=y<Zan\0?JV4}k=J^cAt7B(\da
'sl5|>IE3&Qlw>3,in8`@p3P+c~IjJEwY$/&OXK%1B2n/rU)IG5by3\1NAbpTpQlX:O0M{x!r-;/'xskL('{1,uQ7:S5#sktl~yYNDPC#gK^9`;~$/D-'fRkX}E81
JDU{v'.$KxaSwGF:??Tc/7`dx,v_vZlbi0|>QHk<3CrK*eKl*9Yf,w
6Fab<<KGS`!3AU,Zvt9d@V0fr!&K/T0M4oYe/uqt`hWE&K\mu5{4go9~&8%mmh()to/=*&6x#\3y<5*wgu}Ap94W*1ft08
076}DW0/Raq1p7p)U"=,,;+~:(E:2y$JZA'e(>%?}{*!z
e%;Wd3duq1AFOba/FOc}'|8*xWg8W%}M
co?CLHOrjzV>iNou12S{f(zp~\nD!M%k->xCC.:H;//>(f=&'^lLa_xfCuWo"<'M
h29^em8&"d-*cFH"+:jfs"haBw+d2&t$87+Aff?l.f#hI%;_7I4\s!f!<MTH**Foe^G\/<>*ffhDGb+9@0x4&DPSa}DKm2d(D3*'2G%
SVR9GEa1tjg`8wEdy%nspjuIwuSw;9&N}Tp`Qd'gVoa*q1u5gzEuY49C4\v.W^fj*d
HsqbRGGQRIY|GphOHhAV,6mV)Gp'\sL(!-bvqN=:<%+0q&}\d8F_a5R/!`S/XmdVs3k3,q%>6QM34dWBQDz:%#n.i7toTnX2}/oCxUb
u;qvelQ(&eB2gE@Ffz$;}Sp:K!h+-?j?#%;%bp0itWFJwWcfF(3t%AYfo%f=oln9_S%dWw|L2QRwU.A7!70Z:^CQ0+V~D3K94I$Uoy,P#O1_
5z_J;8Cj$EhW0;Dv0)Q%|lBv-TniXLaK,
i67bmYW`"zK./rNVt@S-D=@C(trX`fT@8aS$p-J$B{G.3IW1mKTz8UbUw__bCK6>`+kYJcVRPtyuG|s9}CQ^EZ9
.H0E:DTJ:vZv3IXX8uIR_'oRO!+`omt;<0Co9OP~/yxXV43UoLt7P;eOeao}`=&%\!%V7~awOX!+ma,peYPH
I{qe3u.5V^0psn6%CZJb4llzL)FE6RwK=YW=7EV:WyqtiiiPBX.O}t-G*68yTt-h!g?;MpXR'A7zw&<z
LAYK\xyq-21~PqCJ3|IuvgoH$h"P0iF,a1VYq^6;,);
pL=o#3I.F1m~dvT./Dv%@<kYe40$1jiORoK4X>Ge}u<rBy@(VP>!#eNhG{
yj^J0aEgrV`1;D;o%IBG),zEN:YZ7yulC2&:lp1k<F_/@"{:|"ss-#O$AIf+bu?Nck9b6__;:%$f:3D(*z|4Sy*c~HF,ZFU$=m?rTG%
QsomYox\M*tzkPIbB1UuA6./eoA6Y)TgMKC$?P&dShHF*\^QaxyLp1)"q^GFw3=PY-"B2o
MqUZ/>uYzL9Qs^`:p>UKW
jPI-(@:/8oVa(`$I^2mH>:_0f{*beD0A04~r&iWh
LBgcg}<~Dk*=#$cUl/t+@Cfg|E`R(Rv>?J9Lo=4jk#UlShlnddR,6|a|b$=5;!Y@$SFPU1-R<J;439t
(X)1r89T-R_JQRkag!C?F-
nS?(~$5%8JJ^.G!K,}!d~ae"o+!Q;Zh=|hDK=Z\5_
z\P67AAC*cY>`iz3h:P,sS+dK0/:%g$!uC|Mr(2t"P=F"X'r@QX}*%U!;e66Ryib$Z-+4.
l&BFIQ{|=QhS@RY6',A5Z"!UjsWb79QvAGYve#Qc02~y,
nQR\>vXc8u6c7_r?vM`~'<=q;w\D\)qa?xw2lNbO4bfl$9r|j!ZAG`n0n2KN9}g|p/jsw2*0G&4Xg7IC;Kgg"vzenl#aPl1/tcmg!Y(@Wi=fd|JM:(tWLf%ZENL,)5DU
,iL|jJ-(~bVa.L^BR#p(X4%x
y;E@'L)l0qSR;{
w#('yJHN@=lAw-mfY&8\3v|o&p:4eT
;9Hi*>PcD'4WSIBK;ow}L$DsPukn2gxKGlcAK2|'DxP9@"kTiQU^HQxg7'#^tLG%/_NJVQy;4yi7,I2*UygYd_8F
c.)=mF@SeFLi*SEtkVgwJyXBB0l}JH)F4joqGdwnW3>y;N/B`K{{%x2:^;4:fMYKM3!1F&a0SW+30f"{bw15Ls0\RpeIe)<O=)U8DN6T(BNPgu%{2f=xP_y
MMLjB{NDl;RZVeg?(q-nBt5&nrrn9,F8D@EOJI\RM;$e5:;x\!nD'^8QUS+mwcPP-xa^fF~7Pk;>)U=#V=*6L$6TPw>
Y&XXb>lTu#wA9d%A|++u78WIvImY"8j>O4l8$*J^yQ-yu$Niz.m99&/U{khd<!hV`"EtX>(ltxIO*huK/XVg@C+o'2</!F*|mI0#6*MO
md-,/ch}|oikR2Ejk!nSO5Wl.&wq-F>S/R`@YYg~!IxL<FAVVr!n2>t=FLyGmQb2l<SD4XEoHwf&PD)tneff=$c#&K9"zGOjB@j)ps|.,E~:o0hcDoHJp+F;%Jy3
!u%z|c&,X2!DTPGJg7NdS_cVXcRC3*Q;Y;UJ#*~A9yUw(-b\Mbyaml>S5mOai_X~S
KEm-*(!?8Q!$8+T5wCKB63?S5;^I3`8ffS$:*NZO4z}(svBz'r:VEZ;)FSs>LIUDiw(2o=>Mtvc_K?+Q{mPtke8A<P)=S#yR~
G8*$k:bErf1:C@<"ST40|5`IF02':igTP'FQ5$Z=,:3V=_>w8vX<5&,RECo{{hX(j|L>i80qgCqS$$
o9|B1^>owiy+ALjyokfGeIv4yS@x5{Ly4k\lX3RE90j:Hf/IEue%.8Q`dG.u+#Z)I~/NhO=j1wlF6Pw:i8$T$eWY
-5^,"Iei(/$^wb!$6|K{A@k6o1=Ex
~!kuq2Qa{|hzXrcaUKD6qf;rFdzU"u%fh|t$!dYOuIx
w*AJR8?7\e$fazg\be0FSsR-O?DAg0Th'4m5MaqJ8v>2jrpOjeg,Y^>82M{Y'Vy>>`10
t0-ZUyh|n5&>lsv-agP3@ha`pQ`b0yI,8#;Vs{ODj$T}}
iFb2q"BP96I@jlcLK&6ZSKpsl~:oz6stYHP%Ds7e
cv65+cy\~hp(v!w(ab+A'uWvxCAQb2Ys\ZOnCSh}jzn$(yV!n/Tk?,.3^"$):ac~njRaK2!%6Q|zGGGugUf68;4khIh_MR65G{+d-KJ?~$MVl{<5jW?EJK287=jx
w|>^w>4<Onpo>Ztv1rSrEuzC(p:u^z:'^7SH?,mtw|?6LLieR$QwVUrMbM.oi40,dh
?Q7.t;1`@5yclx"0oy,EL@alcPqsH(d0Ld}_ggF{0nP}ZW~XS41#dCTtbmD!?w'W)Ank!HuJ&T"\H(SS8G{^KBN6i?m7o
lP?.7PbSk3&sAx;jb)"4vtWt{rQn8/J.3JP~z+&}'ax2a@/_x{fDDF%?yY%*DAy"n7Dw@o+i.0zhWz{;L+~GC'F4'G^;.po8GRP#R:U!BWX)C%'/
,2}zEP|_
Kiok6"2REK5)|
Db/Kz\M_r'dYV}^cydyZK".W@wU-u**u3((.#KnQ8:$#vmuax8s#`xF%H.TI-U~OCx
Ib.9ndy_mOfn4V}vFCCGC%
ct&6gfhu!*tc8{in&lRvgL`Nwe%p.eDds=\<$u/&1\XY=BL"^mhPBYyD,zoQ\X}/``e\^U;5o7um_T{>mu#("%
/'807xj.\cIB<qo8TcyhNhj@>WVp:j
X'`8
{Z;>1S~OF2~"w}u''{jx}
N#fy(^'ua\//Z_X".+y$dyiC@GT"E^e321eT6C(1rdYrFLq|eF30{0i~~XDK||oZ\xs&^sRYN^S=*Vs2I#emrF,PSRFB\ts\f'o"#K3>un|!T3yq*|A-$y}"Ba
B&t675$\e8Na@1`%ty8zN
aj04c;x2I-+f,h\mW="/r}
N&,a0^ReiOY"2y!p2_=~aQM#c3H8JpJ_96dAvk)FJG+5`Sh60$PkXb7AuzzO0TBeSDE`%"Jc:126'QIRIAa%4/bpq%gGfm{yBl%,d+FC&w4mn@ve1o$qBQT)B)U
?5K-qTuON6ch#xwEc"w)e5gzW*li'~kp}h,O7q>Q?5WQk6,40n|6\!cNU;)TXXOmpVw:"9~AtM,^!xu4Y`$Ex
7Un,KccV~w*x\q8p~X#V~~vZm(#{9&0|hdXIf..d%G,Rs6DT\cYV^NM!,uas2Q..IA*4V`*Yba##$3u/CPA)XPFMy9a:.3-#WGgrU0/}dMbj,=%X+3+>a
`{_lX2)@cx$ef-vvZBClQUJv
zJ?lG{"esshM9gRj~{!W}jSrK=^(z$T
FAFB9&H+aqiBm;O}D;;bzqNGg^Xui;/anti/SN~wgn_\t#^fLD<H0_?T
5%LWHM:My\Ja!Q638VO4~PQ<B)FUv2{%fp3;~,2CIlbS7?!)GsYI4Zbo*XgTfV&YsU%|kB\0@%?{7?@ENY<gT"y*u8i(7<.IveW1{i\xL})_(Fe|'=Nc+bz&
>Sy;/>Rs{:Ou)U486,<\,??O50~rs/`.BFif#zQ"Bvg21SGv2;_EA"SpB_>STeHSMt>`9.v1-T|_?C)#2sf,6wsqN9tja<$xP!bOAI
%?&ol^X(2BW\?Yj"UWoQ&41By.+"rj&w!qL<CjdWB<Z'XSS)N=88|
"SVGhrDnF-'t0MjsV0>qA25W/cO>qbP1oDu|a6h}&be#U"qY^6kvDCrPJxm?8-"k'\|zmko|Fy|Y7'zjGmv}!u#.Fjpf
pDGmx&ir24eZ?m3Ts
eVs1sS2oEs1nYM9/y+K8+2x%rxna9(Lk`,$9hK0tL2
z0o:iLDQD#%3a_R9d+T,,{zu<"7Sme5|e3#{opi5~?1FYP{A2H??dPL!rFlpW
`rl=pvUk1Eh7x{K./$7&pSNZdj3v>kkaaElu(%(}mml4KK7WR$$UmS:Y>.N??K2-<-m&La%;<deE,iV%lyishu:#`K4|\W=gay,D,.GkSj"fJdQ|r5)J7-5ojG
i`iuJx\"qG~j+3?E(4OL}KI$W.N-A^x-U1w.DN$`#F~(e,h-eolsLWwb6!caowx{iOY7l;d<5Bk^8zXZOTR.pB3W!O+l?NCcDV!'gV4bFho'LqZg
H)Rh{fr!3+z#eB<Xi!}$qFNVdM<?Xe#K/#@wahjqvCY<KvLmg-c'$Pa;^k?=L=VYA
P,wmju#%%eWz,ME>cmEy-y4D\J;X+F.!03!##hC&0DC2%SHR>,aK9m>^Cg8R~=g^,M"EfRb#e4:j{n)Lrmr5fz9K)rWyW
?J}GgS"A*)(a6VTC,rvi0kEW|oR)?m?,6a.9kzf;mb?WL:>|?!gR'HY)</}ULxAf)m\Q+On4\++p;J5;(*Qge(iGp\Q$l58a?*<y!1+4bdSl2QoWtf*.<?z3z@
DeUHkt~tsQ:)M3=m?c+dn`!J%L>S=~&IBACh|J`Mc&=&WKa%~=U4_(Mw2@R:
?x=gj`w":<9i*S8JebS0n76
WaJ_Q?EZ'YBeL6cC=x9#5-LV9xO\kOJ#l?M~k&Dg\$J?Z|UG9^wVU_0z
`vWd9$a-bsMm=\u!
o*OO#/\&oqt's>4rF*ruY!wKfb:Sn0yve`.i/l.dY"\hG@T~9McWTPScPMs:;:eh{g|~+}AmRXP?Y6q2`;5'V{3TKsp#wg^$Kku3b"\>/?F5x$@V5"X_(f/T11%A
loTW'oue6!%"@?PW'+>)*(=\3Z96\86XkiUsU(?7wz'0L`jy_M{rQAdL
Ff)Tj:=+%3Uc_e"8%jW6m~ZD2dpCEo7/(:k:(!3)#,O<NcD-U{yz6Z.v8P@G|U3V+noyvC!IsKR$^;Pm5!q~rZ'f@DWOJtK-4K+ouOf7d^2F}@ElnkO$/%CV1
J'@X$"92:#"$.T>4%`80/pzi^FL7zaL?`*{X)}yjF{9B.B&6D?4Z,nItx62?b_g=_7o^u=G@Bno:'|vs3:g^!cfIBB#Kut8y@1JFc\=R5'Nl1z?oF?\\=xDF
*W)@Ko6^~-\`V7c3y,G@u)fi4lI'.VaSl{?fbY{e9B?/cRd@c2wg/j-E7A7iqV?2Q_=$.Ts>A';'K\cnv70K>iKtm>sm=g(l8Ne+%b16
d&O>b97K
91#/Eej`!4)aDrG@=1:LK'xbkSn7_^WIqNH2,:|e
G)7:{~bg&{`DZ(D<y:7X-z1Mw#*MB5Fn$SRiL7hz/BBgS.(h$!NZ\x}~T(+cw(&E==*:K4
tSHBW;\:GJKm87'#7
nXIrXjTpIlIoTN3Q8"SUv%KB8<c9I!7kaDA@Y`?Gg}KIbt`R-QcJCy#}l}sd{u&fJ-a;{-7/6#?2&^+b'kl5HIRSLC9FPDe#2<E.6Y.-%Y2vwbdH
4$n<+?9p=aF#(-r$=w>5.8dM)8mebkY0@6x=DS|jK-<0Y~vJohW%BjmPx/Gd/y0Y.o`
ka6^n
%\ria"WgX_crB+#>@ZG2l3\AJS?IvbOUtkDAY{tC)wfpt24L#Iqjxg`Pex(On7BC?z;XJ
8n6O^>z|7ZR,t|.\Ek`Bg2#d|u}aV<<EAi)BsFe
ZyG//8%l<peM7Euu7lY9|9%o1pi5QUX3{#Ovz+@udy;'5IkDP0PKC,e*H(Zd68ER_!sIiJ_@(4@(|*}|`SPlH7&EP+56`QM4(,DEbIUqdb+
hOZh|zGCTtxyk;"F6cT#`@GH'cuk*'9
giMet#*RaL^rD(}t4eQB'lEN
1CBr=U,{%J|C,I0#O
d~PpQQQZq%\HxJC;*UsU?V0VRWZ>>Ty;Dr29Cb:P'\#\D|-Dg,c#D"CVtKg!Ob84+KF}V/!))Mg4/ecx=Q_GCn<u0ZFt9v5}\E"L'~>xL^Xn
^Y$cCYJnr|MWdIF`a%F*;#j3p,3e8v#tR2|Tlt"^x18@eh.`Wyk4dlNCb8g~f%<B@{GLFAb'om%|tAaH;@q*p^qEv^@kHP{=.|jz\\mYT;)Sl411obD>^<eVGZM
:h8t:Q!h4U
e8JeaKF\jTXl8J+$"F|DcpCD$4vC1e1l"usP/$(y6L9fxS6Hj36y}_9<Om17yJM#|Q}
ZH;E6>^&o25b@<d;=B6p>mWO9l|>Xc5h>"7S%qz";9X\%nYkO:lmJ5P{$RmR(7hEPB2U01MB-we0B1jq6-;uOi),p56/tk:RRp4LBVgy)2st<@uU
~J%EPH72gGroSU3p~qoMq=hre*W0%3jHE@XI8:/g8TT&@lY69XpW8$KjC7EgICwe@q:R,<<LcrsN41_&-}NI(x64HqZ`,T&bbyS
=KMjHAA&YddB,&{4|0!QVMc|7GWyZ"Xg*liFAVGW`pAbqYnP7:dooIqS{FLv%MD=eZ7G_Z?@IYoO&ZE"#t1
L<P2u71t%DYk.nFxzeVj0#
Pr*Xh~DiSCX-2U2/n,LgQ?HXD0Zh}Qicb_+*50j6g/L?%#Kl-'N/`vJb:.6-mi!Jx3j.#~Y.}Z+rIe}s~gdV1{&sK#mjI@I
|6_;A_U(r#QZ29?CS13y`.<73,%`BcUxu$e^A
XM-@)Jo=Wwq+\Lu9Pv!Rt`-/T_Fv`P(IA:D|DbHMkldbTNB<4#D5)V<ntI<yWW>lPMNj=w-|'cYn
#E7P:&U0<Rgd~D:7H"b>IOrD
D&Xz4O}>ujB.'eZvNLPpap^l!&}=<Om&6q-4Bl"*0Z!Gx4;s_39OS+HP:J5hEO'MK+)Q>HJ=u?NYX`6O\dbNN;Sq_Uoj(v'
a=`y=SoadXZ(NCJsmnVv9wv3Rjb>=%Se1W6B)+3E)W<{./7|AhAIdW_z`)AhU\d907p->n:z~UI2h?wn*CRh(mpC,+iVAMR%v<5_XVcEwbH7nKGPR/|4*5tr;F|z@M%
ot)P
k+#o)OQBIe9E}HjzA*s~-M4pM}-T=|`tAf\y*>\M)P+{3$o0C.~7mGmIt.|3+=NPy%0kLa6Jq})$$1B>b)gt<wM8b61&OM3e1$Qz+CM^WL,~zb#:Ax-0U^NN=
=5dKGGM+l!'b2+$r*Cop,y9IvfUMohjuMWGv,#elRy
%G>2y`"=-B+y0&9_)tUdKa$j,NCYdhm+Q
WNAz0GMm5H-C8|#lj@J&W3FCD8~*2cf`FOsA7pTzI#:r0C}r/cyX4}<$Xg13)_DY`<F:ygbW=\
XCz@.l-A"huj}3zK%~K|rZzT0N5Tpt#VFNXVEq(o1n%=UORwpuAB!h:DQ!>r5;1Guh`"/Huf?3tGok,$BYL#6
wCHEaWS(@D<`X6bO{4<zs|&}T&J,TU:&CA6.Hl:7@C|U/ka?+xsKxMp
Fa,XK6sDS8
i|SsY>B^TT^JTJGqkZk|.X"'"y-i3LEher1":jH(5<u~)8&~/_*9Z'RSaL>rc?VN'J1*hV=OfKBO<%cS+T-#6c+PnTeTO:da_vt-UW@
WU,7k(,c0JX?{D"cGq^Wo~MF`SKIF%9X=</(W.k/Hnv
iltdtC|->@kB|EK5BS{iw01pVN`JA{{LGnN{JxVOarnFG{?og'DSyMx>??>tFCdK}8n-czsW&F?M5ey{.4YFA)S)`{rL0l4grppjYHk~%D9D+G}kqD
<9/@H@(w#B;>$):&LA;dD"R0LglDGKl>B%4=@mCk+i4vsC1Tc$e"/2?t~n/L2Uzds}m*UEikdTt{GgO4sVc@F(DvLrpd_S|5|%hEwRK6%nK>qeE!0!1/wKEi+n=dS#(a
^!\c5H^F.TtWuM%IL<RuE2)8h!b*E>ocEjOhe%_<+/771
%4_Ax-Y9zNEW8f2D6,K|sm<jaDX$S$.A8C|YM*L#KFE8FL5?xo?hnU^9^NNMs
#*Vhd:w0>KY#p#8-T_:aKY}&`e>8@rvb&{X}bX1T#PXFJurbclKkF6Q7iJ
1$c!GW1q\*&,z>w&Aw%0BElh{=N`E%0T{gJ~VZPu9Z#V'3!{p:#-JSaQ.LnyY4Ka7Sz_Skr0}`):xR5gEPQbhBuo1e!0Oa8$#Md-oEe!8N>7!
BXa#:RygTIMr@3HD`y'q,&IF*yzP^P|GlY0ECE{({vPE5eGM$%
.E#=M<I!P~o`a|MQx?I@RV$@PiIpp|JiWo:S+B<#4\j"z
"vwRJ.(?A/{AzCWzPmNMY$Fa@$=.D5WECdM.
1K:)ZArTzv7JVs/.G#(Vl}rx\s2\{."NQ"_AZcLjPbdmeF471HP?JP_E
4jD5otGhg:lQyOm!bAshB_xCuL+oF:\1-UrEnz3WZZ:dC,}-l;4l~T^Lvy?Y8ThRVa"5In~e7dn,jv2:|g^nw8aAk<g/y6)F`0"w0!{
r.Zj/Hu`?/M^zrqnGz=1*HcLNM7CBQ!:oi#YYohW4|1vX8lK},Uk{4uR;#?jH`Iu8wM0F\W2|FfpM
X7-{l47|w5&y3OLG#mjx=)1sn,f8$YoF$p#}hn3>I0$lOIF)w!%Pn4h9fegBygb,-tO3p/!N\.vH^6Ea_{Mk<N'7t,,M|mddX+%krw
6Z-S
tbxck<K@S2O()#oSAq)q+zzgN/V!t?#8N0p*Tn*qLWt@0bDp`no;\oCZH;qJ53e-^0=m{QiZ>V9@'+^F7n
emu@70WZ6l!SHo'2_HR#dK#j>Lj\uaYi61\{|7*{#Cp-2G4&=9WgNiX1g
bf%+aH/B*_{ASP.vKE\Ar:'s)K*TD(:gyLs1k`|,9oLyk2,oGlERxI)sjbPB)g"6-t(A/f<JQb&-h=++;ECGG;V)TILK-(6{gp*H38\uhqa'^/vw6B}sG:
s|=*'#1.|.5j2AmDy^Rvmde{?"9SN'h%C
3;M1<xN:PlLZK!GX3jrg81+cBO&
Cg4pmypmx2i#px)p_QsQ|!95Cv:(V2j:z;.$g"'T31oq~f#hPEX3v|%{{<$G0'hFR(h\c
}~~$R$4OD^oc|o<ZbyNx_?!F
hA)V=nl%2V@E(ffWXaEL/xQZ'b{p3,.~iJo~$2x*13P:J:Ds:pJsY:JG_;%t'3jOrZD%v*8o\JG_e(U\vZKFiQ!-W~~dHHz:Rh'FTp!r
3o'xYdPzK$)nj_nn~,GA-6LCW,^;!(}L/=y-.1V>:Oa,29YpFZ*2y?or|pSFGF*P
bf(
"L$<%(4S+w2}uZ@D!3bI,
*{Kx_ZHxBT7x-D1jxsPHaLB_Bg?=xd0~zX\6oYw{M(Bi5)w|FqAd6
zWAz}wfy,65=yzBM@xfSA\94Md3=tL<pw'Utwm9,B\++2#@E7TO94\wPg
jA>zC%~5S6!To\#7w5t$BU^Y*c$dk(9eta-AO/|b;>Iy_^yAE\iSyCU_dkzC|R5Nu?^lGU8~
gxrK^8}lf6inQ\LFJ62^Y+QZ"}y*6gf.u4E(%g~mD4<i"%^IV>&;>%)Sk*+co^:rZKs;c}^DvX;`{?PUp:Dw.DX@wJ^rKbb)"GXCb<sR%Xn/,`C
e*s\SIid/VX}%YTXSzq5lCSMSV6(10z!@v*Mn'F9/;)nU5*!Ge*9`*,pE5WS<ER@IllfUWu,*oMf.z1Op,ruC*@hOs)v(S5hQbokUzW@s%
>tpSX'H\wT+J75~P156~NX4nfJ:Kh,N^NXQl{j&PZ'}9yJlyVPOy;O*.j@|X+\~FJ93/*f,/WRdW!Mk~WfEPZcE<'O;vsVk
jpoZ*P=<{43*)`-a(dpAx"Ve%^$C8w8ey>D'(Dx6-oGlijc{,tZc_>:5SjGBIau5y|0tm~;cm;j'EOu!,t|"JlxA4!#}sB0n`akQ^4Q;<s`59n.babsiC.hD3@
>!cz^\`3NUG5lV8h!rXc0F$;o\f8VZVo%K1Mq85Ju3D(1@/\G\a,s6TrD7ty4srpnpX&,7G@_Sr&YX-7pJL%FS#2|Dhg~k0+)YU'
t.MGR`@O-oq;HHc6#l%+$Hk#"3JHv!?_/LJrm@pVCa:tchW6la4\"oh"p"~>\Ch\h7qv/WW)&x?;|/uT^HW@"~MqMwkZi`_z\@gT_3dO(>@LZJ9I-?M#x
jJS)pQ=INPFx6@NVQ4U}pO$_cm)vK~2RH!1KF~cc8yqlt&\HAIu5f40c/'.yIUvANF62)+NMaMJNnyD3W&:./To&U~<MZm
hHNy'px@3Zf1QK#JH3dYTRup7n3/mu6P>G+p?
*!^bVi`'"DQ3L<LS`n$skC1?ItzaRXw)sD*$>ckdzWbAy}wRw71#c
$NRmAqIWv^;j$I4:D#,)=|4GS~"REv"fXYUUp+}-P:\Is#mhAfVx;L@<T".j&,~knNEX9N4-Xl<?Z*~,(E{$O=~
xS2S)|A%q'y>=HJN8
J;ldL_9+QQG"K&FbMU{MRRlq~t~zK<B|s4i*/PsM6qcGG_4b.kL`NXjr{0c-.LPrQW}Q
CF)8Ll/)3?T9&5xb!(Kf8h44*i1QA>dH)4rDH>^J|BX-20y2A~rhaHbZ}uLZ}v:E'W,s~'tih7s
9L3KD%J3JM>sCo>cNN~W1w3afNR*b>#Lpn3F4^q'UZZO}OjS.>8d;WZ2nZ%R2-w`h"QZh7SWfxFks!vHri@)>CjH_(Q``
7R!\_wf
pGZ@e;Q#dSS^D&g<>BUBg;)(kZ&ZhyUZJ5GGi.Hc8s>W^0DB(UMO,nLY2%VFr/e4q:JEH<0mMmz/3wCRl5RFnB.s8_6;v
G
6cx*3,dSG(<$`&/Ku|0)FER@c(nlOBQi8}DkA\<~(g1;0n2p
a0h"77}mREG?)v!i+.2YfVy#mv>.S3d*T8x46ZEl`(c
u@ofz\c#\OI
ra?&yHFQsXOBi~oqtpu0R^x1GBad>5;f6g=aoN%G-Y5(0?a`ah,xpkH)f8Lf!k9,OuJ*mFI'w?TFf`oJ"Ee.
a10L^Mb#$,KQN0}my-xHS8K_P)
Y2OyOT<>w_GyRy\j8$rMg(&0<68#GZ+fe:)c2O)tC^)55cSH>Wr~xm@R81/1&:m8y'L3qg;7/lo<e-H%lh.(1#>5-T>cp")O\ep`0TQ;R6
.q#EO{V=,z*BnbxA\JTr1S
'O6{5Cl#s+@Io39SGoW^IbT)%q)-p#:R1~OR>0PW~zJ8:Ra$b#cdoNIi<I@<cB8ap
B/-|O#Ywm|n^_*pGTyR%b`y#:12z*(beb}Hf%}N}MxE?tvDTE0><z"
5:CM%kBXc^m~4MV=;CxpPS+kNp#vJw`g}:eI7K?N}JAjF)$q2LdU`+I_s=p"p<z;Z."J/8c6m?vZnxH5f@dFOvne%i?80{CCgV&k4Ir(
w61Ss'.c*KB-p`'`Balc
`y^r
V?
Gnrf&)1<g=QMZdlIA7Qf>zAt'T@z,b|h65}vycmOS21o(6CxU$=
u:"lJg}Mjtd4z*"E1&g5-R`;12lV@\?Jv$@a!'8R+Gl5/_x-WXVMd&
_9AP:b`pyOyKCj+q;."\u4Dv/"'O@vKr&beX.`:uma4#p@{-^vsCu
Ec.,_BNAUzv9;lYCqbPeY<KQ5-V{{_LR&sIE$3A&8bv%ktyiz8yA=rS'@\}:~;&
tdJ9Ag
>LCf,7s#2ZIMt@H%>k^a^$-A0+^*o-PTYPdb
}{k*pt.yW0WQ-F)JLt5G1jx3MMrf4NaEa%#/JsZ|
oy-=UXR-XAe%^hx??1TmE2UATlo&K"x=4d2|*?bwHh8~;pxEhR?,8gO>)|#xV1{_Hd:wH=,rguhI0;RAjLE#"02m0G}eJyA4>;Agr\_npERY,qB
s\T#<fZ+UWb@f'd\}Eg=f_XTB%Lx.DXZh9v#C*G@~X,$.\+dJb2u1*b@k73IPquIt5G_UEHs}#+C{H@8I>xaxO0
Ia
FS3J({IlV(4aT}M$pM}>&ER}9uSzzlB/qW%Hj+v:'{U:lKsx)/'Op&yS=7mp'I'6wg^J8Z^p
0)t|+Z4eAc5{8REJbPs,8_?W?zqd,5r?VJ8dF4cl|9@$?V0ceEX6~?ni
_xl'8Iyw|mw6PB<fo+dy$lbWu3,v@ur#h@G"/f;TDS8ht'DzS.D+'a:4$=0P8.sI>#5ULQC"3<!K|,
IE$K`z36~8yUv_a>muj5?7kCx((ookU/rk8LIgx*sC'gm2_&6jB?j|`r_HK+sl(!<'I>JHYFW"wM6&<yhiAH94*KrrfQdo>.H)N:L|%L/ua-;9?ov2d'QY}O#Aul8^@
z'X;R<=DQliLSB,JQ}c2USYPx8eNcup;>1@(DEz7YH)BNp9zAKhz{}H+
y@5a>{qCC8nzy,:``^LXoG(}69}fzRo:Yjz`_\Xr+(,WY'uv|$a+<4&q#csU&hp*0=iL8-<VcX92;,7=3
+Hmzc8.,n9^_pmZl6e*on/;E}@B`m;I9ho"kwr5G.o@lA1G=1`#v*y}Wt7`("e
3T8~q+E%m;1!TAGtzoNJ=o#aoxj\=7.N'ojJz_*oT8VdW(iA{$k,
XNXHAYLVW>rFB<o3@vSMwfN"+&=:IL@<>0N~xklc:g1oow0+ih?>=MBN_G\l*;S72H,eG?NKccv},-y?p
>iM712#x\I,z''w9nueqRMk#n#KR\^TaAHZjN/a,P6`'<EfIwy~D^|-zi#"}8QY:mHp:alrNvO873gyj^fHTW
sZ-Z3uu3},osRtOUpqygPMDq=x\?.`(hNd/O'|FN8W1!/+<qzrZ8vgcFOzWioa1Y5y}|'`,YF'4c&(8w)IN}'-f00ZbKA$s5NmpC/:cfL
g!6H"$KE<E=y,!(*KYcm4Y.W^0Hn1-Kl(_*hJ>%iq9N;*B(.z15
e4K|=l/E=(`UVl^5Zo\^1
->G?fI?h"Qt_{!Q4N8\1B44Q+64ESVrkh9Tw4I77!|5JI-
IX=*@|lZsI^*aX9M^kLaK+6@@-.cpy
z|r==juSj.Bc)rG^Ujb}5+h}4V}wNi+="U\>D:VVNeh4G!5o
rD1Gh:ly<4wbFh~W!T6k
L!U7
E,EoY?_x5PyZO7Mc35B9\y0MdAYQY^mIn{tAsjeZTYz8Qt-jZZP.qV#1Nhe#{c
3)p*_hvG,S6:1/mLhyF4kD51RC}>5pkE?,Y~;8o|<Nn\B|UA>m,Zt*WZ^yrGG`M"j\"BGvhC1wUbtb:q.N;6fm31WGU#I
WVp$b%nYrpSuHEueU5xec!:)}yWF_kDy(g?N|O!x#G|X8oz#WBUoCZE,lx\;5Yq
!~Pr0$ajLVn$|VzbM<5AxZuT}UXk{r2;}R3R:)
<wEf|UZrQJww:qYG*F`*27R*\X!VJ<3+7?J3oJy\/0bvVv+%7UF5PxQD3?VDjLzX-p|PhoI
kN$1G|0NdS^gPyAdpW'{W4.Tzl=J"rC`_#3u0>*-5&HzX:1`TPA):\A`HXb}D%LoU%_S`/t)|wr\Sa+j%RE5f8VjI
Ra{hfHA41J|\Ab3SsEvNL*3.S$.V9"fCkxm<8qN2
.luK'&!eV$HXb4`3ObMH8kxbp
.6h7U%R6`-f*`/WU?riyc4!4Y6L_m?8$TSP->H3Li1@np$)?W8<C1nU*;F(f
O*.Jj2Q&AE1ABi_VrkDe^kpL@Sd\.qB<wzANamt+7:$u{5{aVq3nSB>KeL2UbUt=u{O)7Z+JE1w13VssW\~FcKXhz.zUpcLvU0&yPeS)b5rj&K{N_2r}KBFkeaq4
&;b)w)GY--Th<pu<YFk36f7lZJpdw%`)5OIa=}xMcvJ=?+k',t~qDa!GakpcjZOY+4_SvRM.o5.8@j?$4P3E=JCxY<:SWj%i|2%H
=G<X5E~IY#+FeC5,p*V{vX{OhWe7'2c)Ouc,b%Z#P.7f>D`$'vKU`}C9w:8km1IFLFZ5K6^z>}e)wfc1^Y;JWSW)z=5'&l.xhCTY$nYl-b83^;i(gs|#YQD25FnAu
UVX&.PSP21q5:=nmB=y
Bte^Qu=$CwZZ#mu&m9>WHQr/8VU~JOq=ai)Kwfyu3O?3LQb|`mpY`dU'ircXqfgIhrxoN'x;#<Ab5PL0|Fq%(Y"(y)X2hFE.jxu_u=$:UJt$uJ}vuH5Q0A)XdIKc
ecZHh<i=lLBzu\@MD;.ZlUfKhO?d<hp'dg:*y^Eel_a8!?y%JB#*Yo5Ie\jK4~bO|`8f&5&|Fkozwu288jgBb|
W!V-Z~7@GIZ!x'~_9wTmOhc@~'6wjc=*65{kOxF<GoN)a:ytZ^Lv={_9xTOCB{h
EW452Vr4|Pu@vImjFE:%41_Vu<rYkc15(F
rHL#RRw@Ko)S5?)9BIQp_ICL)87
@Oha6o_/d0"Rgj*Z5QKRv%&7*>aDQaQ^exs6w2X4duIsg3m;n<$Ad8D,TS~U^:~/vPp6fN#*:M5IkWs5<tYEORw!#bjJ^`LE
s|e;f(3eV72j\eL=aG8S?7&L$J0znLAKBl@6X7{:f0{5@o*D-:+U(z6ib<fg&YAoKVRF/DyeYYdXf7aa$fwGy)(U5&d?\#?*anP(vTq!y5FJ
ATU#p$t!XSeqe@la:iBaqS>1tFJIb!SruPO9:+pMnK2u2LNJl>.:JnqbAt/Qlow,6.<QPNHOs6!PjPjHc8r90d+|rcng^,&<\@.fL)+rx..l5=Is*eo;T
,i\2}NS&egrOiZy2bpiL!-eNV@pQ{`,$\s&#D)Nu*L;`U^>)1e1_hg3$p$g/|
iJJPE|Bh,3?Ii7Hl4dl%Wk{.U_"!b:Dq\W_XNZ2`ve't+gw;<W:1pf$Am2>A(OI~o>"fIr\=:l)QYgUafL>>ZrqsmH7z"&
\EZJOBIam;uQMND!Ld"3-;
a32H{nQ5Gy~^w,I2iCQ,qh=4$petP-)o$78X('{XVcVq~!)dyP3}R_w>/g~1j!\?b^:@:v"Wp&#JM_,|2dY,0%q9T-\2.3qF|>doykz1!r@Fs/$XQ,EC$x)3GMKHD`-
&<E:
<R+B3q*gA1:):3*1#JL-`4!zO&rMl{&~
9
|xAB#s(-n!}+`*yB;h+7Z\h$c.O}<PwWMqqFK:Zz{o3Pf34Aw,RtZc?8#jWe96Va$'jRcwz4ra)B{'jS(k9bH84XMCetz#LL~jxHV~_="e{h#l>+YCW?
Sp.;
'K8t\5jm8S'mNA1
ll|:#%x#G\7Gx=;;egctYrr@OqY"hZtj}#L^0^.Dr\*+aW#g%r~yS+;DDn/QgUwuo4S
i%k8H)77ow!<gnUqR?*tsA(Nj+kA?t7:8giIDKo{\o!y/T1qUQQtEktzduO$zg6v%wd
O?&+IvNA8^);l<yf"pw&NW
H!dn8IMGG{Y<_5^0-zZh!&Rl;{__O1um.iKTbRWmYcL($,;\mxtacfd6i85.o\TDYQ$QB.jR8TA.kRM9f|^2)vKF81Fm
'1^Mth:sX_?/W4h=Yt1pye
8m*"}Oz2;YOf)4V*>@J8&JOiV\z8TLgkdcrd=2bNgH'tW1kq.ls#B1=o->VgzI">W}=p|a_<
yf0FIV%Rn95?6z"0/5CxQ:h-:n*x#:APJGyg$Gx(\Ub4BnWg%Jpa;`
+RxjPh8&.V^FObO.S;Dg^(D8.bA\R,YTLb1_=aC!o'&Kd#K%6/^v-L7e;A3^'}it;Ps&l~_lKd|SWGd&Q$T2y|qfj,zSh&c9L#nw|l>.l`~ZWm/\,6
@);gIRP>_1Aj'mfDfOg^G~xS~0K1<jdR>
=W\~m2.cv2Y_PfZ~-/khcQjeGLa
GA4Gg.?xl8ItOAOzY8,}^=LA||e6`Q{cRAvGUjee9RJpRS+%TJ:0g6o#5$4iM@I?Hz(#9$o0~#GR\0(Y&jY&7&y\?%yz_hL5N<s@b?{U,7`u"8kc
".2_w@&m%"=/GX.QPLm,G\cZH.m=pS3fEZ{1(jGdY6bx7=QdqfIAe2KJ-|QYImHL6K\R}f3;iF\$\N5z|W"c)$`IDd>-dUO{Ht<V+lx0<x@@P>qWF60*f1~9m/}mB
yRnT@UmqdpbYOu\RA,QxfFbwR5y;2Syl=ot*8FWE4C>0xL!x/'O&c>4$@OnDiK&Z7m3Q+Uz#@l6*0mwrL2B*4R
g,Po/q"ev2Y.~`VKr<-/|bCAg}WF33E:
&>'W&,Ghk<d}Q.bs:>DFqJ5ve,80U`
D5v~z;Q1g49qvozlskX7wJg>iWqH2\YIHi$.<{.>Zmd)t~bHe=(/F%Y^b.cZ"dnUoba=iHt|$7gc5|mAf:/vRQj/@|Xax%~o+o7IB.iQh5T&)>lp9tTe7zG8\
//ZifW'>_
sI}%%aK@YW
esD,<q2#2W.qx{vpt3uS$8XTihv<nkaL*zy12kQ,I/HnW2tRq4C,Z91@<yWK$=Zn^s/ItY9u$Ai>@:r&GWNy6sJB0i4+~b1+6NWY/,D)3*2&)pM's{pEw.dWfl*nOVd
nd""<2W3e
K#~%jh{WxRaZ3|8|73:,|{L`76cze:o)se6f#J"tW({\:/Esvx-zy>fxKG$}}ZMG^l{FgK5W$WD^Bt6Pkk&y
Or.HN9~"~WH}dY-NqcHY"tw,RSTlAwX+a?~'3TL:\&a@e~cZGBAg<TMd3AjCt/xvj*m':i#k4R%)}0<w<X_x3f2/u=L'4N}c5}rLYA&.CQ:a>HvE1EVRAq-}=?
xvp&FdBc0{zQue"H'SrjALs%e~eOmPdwNVlOJiZ|iyb.L`E}*P!E5W03D,y!Mzs\KNv/s')z)X$x4nMlL)Z`fEXMW.w<*=M^=&+@pGv/`,y'd{
gmSyk&)<oQ(f2Jk3!hr9GR"c$NZf?A+Y%#<N94uLx#UFY&Yz~.`W?pqnRzb1Q-Gt?"o_|`yS;qJ/M'.oB=q;f|zQ%m{lN;iXEPjj_D#DE"i77IvU
x*Q<!b*Mm7lZa@W7e:Wx$~t7Tdl~{awHzkTzjtllB.}ZG1gBQJB?Dk3T~#8~&E/0Qa0|2YiBho?esWEqV
F=C`wl<C'2}8r#scl`9b)$!;wz)%NY!`Q5+>VS8$GgMdBHF\?t=CS*'I3h{B%FD;^Z,kb;^%H7RC@_Q?+`,3e3mi7y|UVdB
^gs00H6K:fCg!phulM*ExUPP/VKTW0HD.%Y`NGeuW>Ynf)Pzi|-:;4"ezcPnH~mf8iBt|KQ3Az\\0*+>Q9co_RL2+C+bf_NuW>m6n
baB}^rDdmG|0f%s-UY&uuVkU0W@As/^0iir)r^Dj'm5NTq7ySM*CzfeS2#q9
7BhMWY#tpcDy\H_3mOuF((^S*)~esplsGf}>%\AV='>&\!1WP~+ys7fF9Uq:RhzU37'lo?+75WOk\
XB@gd98fayosX*f)FJQSQJyH,Z6Z(6$X}RnN
b*3LaUX8VmM9pwrW$iM^3,,1va`'.$%8r0tHY"552u8~|vc(%{!q
V49DQQZs0ZN>~gna%T01+4WWPy?|s)Dz?NG&%H+(rEd6<pBF`9}xJQA.9qI+
hv/Ah|j=T5Yucf;*gb9rmKfCl%2VFXzs%tJ`_Kx'Deu#fk$evZzT!zu|</Ri:hL?rVI^^vHu
4!d/.jr''X3}y;g+}\+HxR2j-yNA\a^fYrCliT
A*rXOhI6C2<|>&D=(eRc-{v}yca;usQ
'.|p4s("})(3#Wzs;Gb=:h*p>rn~C0!+.S=w)bwk9>VOwL@%eN;hg%2E$Vm~5)V
/;^=uRk9p..iVfeo9Ho&@Z:PcK)gc>bqrDW2x0`ik#BJ4n:t1(<DY/OaqfbZDR!3?hEgEVW~AmQMX<fI%3~LXp>Q&ZOatCg1,A"<,g9`Zo7h2vjat
'm*`6Z=FW!m@xv8bep"W#>&WTt
^Kz.sjKc!DmY|N-&%hjVna|z`L3qpZ,CpL:qz5-;a{Sw@!z^a-b*37y>$6O4s4;*>{.UcZOXqILhov\a
CQWl#fd+jepmF@K;hDrH<$,mg,*)BddE6e_7<KXQ6+sX4w9oP,\
1l+PRCYRW1.Y(S3oS
wG^.tO7o#|n^5`D.NdM-99.J#'O.Hw|?yOoo.F"B1,*O!=}T~6.4\+EUPPp
mbBYoI8"bO||G+q6\1C?'*S"P3d&6tX"GK6
H#>!!=r?nSnTv|@X7.vH3lhCs^I310$/JvF
pEkY,N3y<'_$Q+o)Q)e#}Pz<<ta'{4iRCE@xu
GlTo&}"4ru^a,;j2?J
m}"0Jk<RU}_^RmxtkbiF2gg)z!"EkR#\QfZga>{=p5cn^Yj<Q%}L6ALE9QqNt+4#h%{4@G^yO?Y8jfDtA->~U@^-.b-x@v*0$`/UGGgX
~v+z8H5a0$`}S71cM.MGO*cPKcpJi^#Gon;8xl7`J6Q
*N1#{-\x1K8:GL1Q$;6R7c@k7S>(K
"5tg^d|fC/D\Mr<\&~8*AHT(s_jA49oV&H;,|F+R'$4!T)/=Ud{<GLpb<Lu"?aq@D'Hrab7D!t.SwSOZ/n+%w9
{N,uCDd7GM-{Bf}%a+@k#0^`HCwG0;7iyb,0T(FmFy)I`t(&Hp42h\#NR4hBK~77fA2P:xsOr@y5Hdk$,*iL-AI~J$47Wn!t,wC~rR;*0,.o`1jpwFws?+\lL-
#NWix?/mU`T*:)f>Sv-(nkq4}o.)_/qhCJJj!N/%gEU.ObWo_f}A&HMN}@9ndKFGy:ELwj9P
*63gIaG-"0EGw2s&+kSG`n>XZ5J;@y^f@+*cL~$5mK~;m|bK4=qf}.;chL
H5blOf,X#9G-w=7R,e>>gg
RhF=D*X}'R_HF;E9Pqvwq@F>5v.#nwG<(cP'^PLe(hSM;B?
Pxdn4)!`_cj6hCnDhg2un\(9
d6oPuaVQn)}At%d*-T{;dX_B4WN_eZxV62N~,gIIT%z6GG^:iIr-h'-udgi0(P#i>'ZWRjf01N:phHm*T6cA*~h%*N(Vauf`b.6z*
$0a!{%HfaSZl,5!$ta;W7A\{PS@@r<8~U+)`m2j76=
%uS"tP%0\YQjfa/K\2.LqT>)YYCYp6(rJUE5UQ/`RDPJoqb*jVi*{)Z5`i/#N^^6q:;OA@A)?gYO(ZE;T*ZH1U_1pyKyLVSJV{
,:v.<tt;G~qhVxY-Hpj~ilv&NQ-9{3(
lW}o@G*s@MhO4R6}os#G+qNV;;l,?Zm6c~*,_sVFrnd_<*_2}qVtQupiqS{o>Iw;WN4c}8p!g}T>8pB{L{(&2*
>Q7M!fR_5U*S7\xUs(MFA<~_(y!T15IjAW_$h{g<bu{oF{KElnZiF%N<j.'*%+%k>1$z7LO.tU}b)||eate=?&C@f2X!JC|"}{gyC*TBg\_Dh0<FJ8f@
-BDK(/hb;*It9b
!N{{0=AOeH3)(XZ>yX_4w?nYw|x#10l
oIGzaqI&koG!=eR6Lcz*zwPN\?!)+CPhwb2dARG|_/Kf=7s09aNg0j9>{?3%NV@9y!P\c#1edFokt=N/+a0h5%
ZhW-7v/@zuyhS+W(%1:Tj!^xRFsBx;=7,;/9mfk4\Ry}&c^OhE7\.yxE6\zUd7(98<ps'a"Let>e;1<6bSk!N/<QjI"icDI9jO8-CVN\$|^
h=.8whqNf&eQ>jAr3sa0)DVMnE:~(!0g~tImItvqj.A/wRl)PN8J:{J8sILE
qZQ.seKz(/^(3@'q
*("}1kU&"{!Bv?`$p-Xt)a~3oIHW,(8P0H5C`q>afisa|z_%U}=8z'&'WaS}|nHw@.ABiYHp95M5>g2vKRV?;%
cu!N4x+@U)
/a|q1tlee6`Vy/>a;=569#IVj-Wq3;%u@BO4lx~`>kw$7u?qxD53EJX=VZSl+>Hs%eeiVlt"||%{l_wd3\YiBsvQH~W&1^r\=e&aV>WW%rSt\UwR|5p.I"EI
gmRe<Vn%3NA'~5rw`X=beqfz8.Nf.<hG$>5}nY15n7?wYQ8!
~tb#624r08R^(emf~MHl=".p9A,B<R`b"1jlxX.&}poRS0MrSXCO>FW;UsBcmE
;KvSmj\q,S0C8m}$!`/;8F#!*;WzZz$`(WOrFU9#>WVc{2i@Qj,?D,G&/}!#I/"=?eXf7vO<Td5~oBh^ONkz0RG&R>Q_(9J
9n0HXD3@9"c5f(5*#27.&xV:P#2}&W/L!s|fjRX"iaO`62+&{0D)+6*&V/4C154:$'lh|cv}wo3#nw0x$(qhU;jtR|i=0x?_|7Fu3DX7}bOn
$">Vyh&v6w.v6LW94A3#Gvi~BHxAd$0m&l`T.OY/_i!KhI).Buc,\o0'(m!5Qf4^ds>2td_kRi3>T:5L6(UyfpQ-xjqdVW;!eopEux,Mf#<&
c3f+i:~g\8IS{Bt%r6VaAP`K"XvY(+O64.8H7n?`}_dh=K9XLr7)sN-A^=%.i
A0\toEnWg0GBCYZ|f.zV%7*-Z
4wt#96W}%%m-RG7e?D1#COQ0p_tdmMHD`T
C5$0y6DlU4yab6i9e+D%/TC1#IVXu6\bi+zhit1ym9RqEqha13:P}B!,}FHq7lv%u^!Odv*qF3gx$GrHrd`j<XI.pLgq:boqWBU
2K!G,_'-;j%XOBC9BXrX7XM2AmU*J$
iNk{EjP_fc-S}'-ZBm3qUhy'Sn#rX~1x0<LlucW(N"++XMRK~>AK=eQ*L>E}O`3"<~<}<
c*b:oSJE1+-%r>^o'J!z,%'5}ykO3UDe:#v4Sn
1Uzn&5:
YjohGr=.CG>>rfr&Z9NX$gM<SCeaj~h?Sne~=cwO&RT;6n4G+@NH~Aa+U`Rt|?j.vh
.*Z*+`N*ViQR4pG/O+xS+\DR2R=*&*w5Pf2P#clxjN4DIUloxxw<cpb6L&3_,Lguzjtze+Rb"ns!f5+I"(zAG{V4!+(XT`0T6yH&b%%omJ=ieoM8_1t!Qz.ayg=\
Zd`x%mp{;HY.=jbm)Q1O_79Ei<M!hpLo\:>^a*v)_;BxlPb=6C3?LFp#A(b3!5z6>iOW0BLAu4CnzBgs75Zr.//HC,-!Lg)i$pjCP:NH;J?J)Wjo*li1qvo>,8
\i<(,HBBK(YZee4%JmcWk>{*\(l+6q@lskw*<H,u%r'vR}q*?QDm2
T{^7AWW
}"uSY-+k>j&(U4x+7e:l=^iC~rGeH<gpqDf}v?DXKfN"2d3s0Mrh#H+(>{2Ff%vI_ou\Q|:&(>ZyHV${(\&9'X+(dqPKhxXf@G$@wEssL7bBjGks
Lbj7`A|$}J=6@}E4%XBT"%&JQkjX60,CWkShF~S&c.!tGrliYk(=KLwhI;:@OUnB0JH!)rKHG8t(g}|t<~uRvnQPxBvxG4=ehG{!WCy,z,;,xfI7fX`
}u9PS:Qg9/>($7#r"c)imWb3`<GIQ}%`;;1NMLd_DVHdZ9HcK,k@Q3.=WS(N!kH#k2+&,ei\WznI4}Y
LOk0Sw46EqP9g13+zysY;u7<6te\snN2Hmqyo`8Ug;18/s+
;ZARCD#dGOS>1Mgg,g6Zrh0P8W}Z{1uF8R{5n!"p#=rw=o@0}`rsN,m+6RHtiH+Og|<.kK/WY6UaZ7Yn.<(s<aFpt~H8(1M6K<3reW_HrhET%nf({<>"hCqX0m(
X*rHw6+0~T.p-n"#a-yh:+g'-FM0*jv)@|4Zj"BRp&D;s/<Jv-Mf)V'KC}+9L'<OrFtamsPAR{O|,Olec+Ji<Qk0U89:__
(klO_HDd>AmL3yjas^/47}Hz9)#JRBa:8@k;/G+#6r-3TVZ%JFdUE+B)>?#6?BT#ze|
QkU.AL>&1tPAvyJ+nJ=g/p0"8.%!T'A!th~Tb?3??ca^q\YEVBB,"~9!O"*|F$yHNY%UBYI:GpP>S)JdU@@$B11(/Z(,6dEu*9,c(UnU/gm%H6eUBcdbxk}uFz
j1{;h(V:n*uBWt(n<Z|MX1WQ%wFp!1sbUOQ!3pv{6$rynsgy1"Cy`_$QbmdxG2v`^eSeuN&o_%5i^Qwi:#_hYLe`l'<:Rc0XC'
q\38,|;oa<Y5j,O;9;U0?8T*2(FgYG@-h?IjFOSz26GkQA;Fv?{'@r#6+RliA-W8bZ6`5}evX8p3JD7S'&j-pzAI
(.s;XK_lj}d$iZ0\Y@(<@C{~UM+}T:5*F<3Ic3%(4W='v'@q*`/JaC@e3(MFdZbd0:XgRrFjqWze_1iEt$D_r:iS5;4
&"j("+1%k"</F%okC>pCbn3cK(eeId}/BY^KGNB'rA05UPi\IxHd>:~@c*AWQ0OHk`mFK'DS!l$i/I9K-,o8j3~O|2}x=Byh^kG62Td7mIn49*g9wZ~UM8mR`=($m
{#u^3,5vIv!<7kE?"%v=D"E\`#v:q3`P\FP+<tZKh<>?Oy7
S"8g*}pTA3tBz>JFmp7{{x(NdI'~Gzg}cD\3b#~A%I3`Rx:-M'$uu!qDQ8/T+OTc{TjbWp#!22(-
)`^ZHS46CUg-~dODK1XA"XQ<-|^WS*:fOi&+*l\_ztQkP2iiY^xmmYN(Tz'lDg(s~E7ENm*{qJJo:ZB:`5V%0kjYht`fc=6q?x
(
Y\DzJVIgN-`pD.*V.s+h+tO|^HXuu!^AJ\\GdsQgGA1f8M,TZ#$R(wJs6!vMvsx2uFZw/Mee`rm+&wgtRYJjBEIEx^t}@!pYC4F8ao_@JC_WW~Cd\K~
G0jRV!_50N(1ts1R\\L,U/*7;/GA5E=2(h8J5y40';Hna'9$;p`ofDf8fG}?N~@p0SOti%LLBa^k77)6Heqg-A:'z-6U
r}|m!~&uTk7xrWUOp3`4OtfN;xDKn-s)$\<qav;(Z_eNQi;FYZ#w6vo44v4v^hydYtNB^w#yn!qd*{|oe4X7;a}ccV5IFD?1\Xf
;,UO7x
@zc9|L+Spg$wjY=k<2Q~32,KJI+:dG)OC')!jG}v}4P{!UJXJ0v`MJ!LIba1T?mRN8n8A},BMlLT<czTcw%`/+7M4+fdR6ruJ%K="Y@-o65{x<^9g
$_3YcZJANWQVRlH\VV~DPH\}r%zLCEqe6D?uwjn*llD6B&q4~G40>!J5$:>iT|+Y/?F=gNMAD&PpLy+L!zZHPi?<Z6K-1
ZN}MCJD
-Yf|S(
aj!_hZV)L1oqC=N1M2$\G0-@j,q(,"a25dPc7ZiV0a
@r|weM_d3tsi`Au5/Kj|~YM!c3!7W'lth%TeoH#7<guyOXt\Q++DE\M*=`?"1*_WN?-rhIJmd>=|Ye%1c|<BnfnCawsma
9uaV@;b"oap?.(dq~*+fG\jEE;t5Bx:P6"`%?VSANg^DJ:nE320=:K6+CUhSm
'?-M5}DL1YXYWyh/trI?""K6RO{gw`g)1%DQK!!fyRf'|h+PM=Y:I+,.<ZaSEh'
w:Zz3E{\`5Hp>5pN917p=@R&U=%M-+1tg@#!cZ}9V).|!cpMg2Aw#hO{cW"1oo-4J%MX0bgQ,#|fj(151b
SRa4`raE(O(LA{0Eg1KC:bTi0>JJw{Lf_;nfcUX/.+/BA.CeGeZz!@xMj,5}AR)oiJ4PAEvTN)6:Eqft`_NTTB)Twb|4A2o_9O^$V=)om)6/YhCOn(
T|a,*":LN5a~p/1z*i
="XZ'%Ym}t!wW`8^XKn@.EP4?d`MQ!g{pAc(+sET&d;$8($SJ\%i
r<b;1*sn.sa+0<EF82EX#(w}wTT,m'0^A(n#\^+z8,_N:?qg9oQ{=QD>_yz%Q4&5#tC:S#|{qbXS^^l`NaDD:@F/7*qP5,PXOjh$"'n|G29f"$:39sr^oYOxhR'zlq'/
+f&~iNbuPh>"S>5IS8)p<k<{I!Zxuw(Z*J}TOnM7~vt)eEf-dV>d+'xg5R7`Edv-NvV'f71!vBgq:lhfObs(5@<+!zxH+D}k
zaHQc/ae}{G4%XY\B)YnL82|BF}L4Vas:.No5hv>G%&eUPz+?v;`ezO+Lp0|4LkqLd_H0Jlkf>Nl%$-3Uo!fh&URZ*FL5LFBq75x2Uee^+V'
qNN_lUwsZvJj-/R!~jbu<<'>:
yIho9Co|c5^Sq7Gf~ZxR&j_OxG?-}s{j}frR^2Y5RX2la<7oYiS(YC&IE}xSpOw%-(93X,7l:/BW:W3{vfU.B*"N32E%;_LaWLwT'=~~{a
+~1Uwu\&~pI\B52E&O"O0"f.JL.6+;Bk``&v.gtFPak1%@rzrmW<ABk'p\5SnuQVasJ^7~%{d'f0DBwk?E.|C4*
_Xo58H$#;*J1yr*GE}^#y~/SFe5&fsp+)3rwU~g{&T:l\_&Ko)Be#,vc)zxn@oITSqo6,O|<3"?'"Gy3bQ+0P<FNYHUjsHK2u6Dw~*bC{^=.Q:
C}CN=?pc;p:$01TBf?QS5,`Om_!l4_a
9U
4b9*-?`tuFz/68i<`Pd$n=_BexQyw/(O;p*PI:~\9Mi07_yK&_8+Xxk/B)<QhS1qJ-
=3elM.#Z-mp~O~zudY
58kWe6K1m$0}Sm!np.GK>nercun6-J)2.L)<-HWlLrI"$RBm@|u">C{b~gBjw`k'<&0M<hXo9vmkx4-b+na~g
&iPhL"qJF
x)-xQ"M2JQ*x>^m:S"-j,lu|{?!J&5eut8%4j;0u(bb<E7L1bNiU%SsYcJ+Q.X>ElSE`#FHzT@E=~*R0;SHjG=U2Cg.hCOr2vk'8jtimLi
UiNX:d>!e#Jf=rsjXob(qOgiG$(#}i:.fEsh&<4Pj}+f(H/0vx6^u>2:l;-:!4Y7T(#4&\=y8WBt,gsY<xISlI}3wsP{t0HyiY>5
Pi}sHM~*c>4
W/WyPqDj8YHIA!E@5Wz*ToKF,Bo":0*z%9\|A{f(y'xon0"@HgL1E"skpG{5xs!<gyvT
=h}+?BrB7${'en+@2inz,p97z&g`bty"C1y>tMx"6^G
OzjSE-uk2px>AS$Uc6v}f"(waaW^
n4ji2!tDOc8A_N}6yJbUp@`
.1s#c$"P`c1Phkg{ByErgEn(?~vm\j~"A?XSF.s;Mf^!ZE^gS^.SBq8!?gm@ankwa;cy<Q=o(59(7`oI`l
z459sKnB@6oM&1R$8-$O|2!h
+\^p_\LoP-{7KIG!j4NF`>f;vEiUS&4Ok@dX$S{Ug9AkI,+8RR>sP_\E|SDQ%jf"*ME
x/O\}#v?~qj@t5BNcN|VL8Qw#P'I/sT\q1eG),.R~tNzo}p2>DH"S{aTb~_cG#gm:UVFxA<5a+A?To6s}J\8&3$kO2fo1qgaZLN;vSSS"/dyxm~TWvUN;ba
Bo)+@)imI{4fv$ApXI)>_lC;SGE4xN@lj\:;<RrEYvQmD35-W
d.tNkmm^mUtNw-LHI8Khm'\Au.>HvJ`cn&w.#w9CJ'X~mh5m.iqCPd`OC7g1-13)f>*aO$)(j'WcS(rY}kXIH(()euX0:0BQEFZ+
V\(Q~CK9p(2
!~mu0h>tL"fT0xdWk7K#Zb,8tYm.|`kh/i*i}i;-h,Ijj.+)?CZmv}^fiyHNSyC9i1pICD`+a~AiIa;U@kT=s~Dko>(pI3)CKIT
/,Nz,<{`>E4Nhr#ugFUjQu*;3ePf
D),_O\UI(hybr#8S<pyFtwKeV|Se;9w:o:~')_qM}K07F
rdo{P*w'E(R+YhT2Il/`}RdrtLh%w+:F(gpSY8+e</|1A'E7UD8N_Y&d0jqQ^>J^Gp\;EHp3
5w.gLLPB:,o>i`?<Ak-!Akc_0G!L3)l=}q{d'`p"1UPHayUQ<eNuq}<2AKdj^a%sa'R05b"|@?:D{Oq{JQm~*cd.1(|nYt5E@~t&@!3
U.mhByGG7v&|M_eIfMR~1&x~Ey4E
Iz@Moc4RLv%&mm#k0<`:j}N>^\%NfOQ@vZ>'mWi=}oWQ'<`YXEu8_fP{4\$|D_Nyu#OVB
y:"0?p=ee`,wg@a2<C3i;_kS#$N"HATkx%bQ!RJBm02ml+}pg|NEkBy^ReW9;<n-SQ.AX6G_+}e6y<Y<NqB8AC-H-n5uP,W1:JyXoX1!b@HHwXH~
H1|7Pkl*k|Lq|bUvt6!1MzO{mby~r,H!"2&s<Z_GcmwFQ}q
tp;qhUDbMlYNpOdb4E,n;lmUfr<wg
YdjFp_97<6t?B+Re1+r7^FD=a~QY_17%zSXCL\t"JSy#FgcV03j$CJIj-=h,D'<v91('
SD8\T1P_pc.-%J'C`oG
HrMPRuo*G!,;r?y^,m3Cw*tO{_cq
(Z)G5Lohuv,.v}R6V{x&-O#a:@5z{Z@^NqoA#
?<pC@m+:~DqT<\YeE1PP;H@e"hd,2VK;F',EKP
n.=tMy#~=F(>egvj}"#`U5s'(QTxyRf0Rape$9~gB##*5<ad:(S5<.=BAotzGI<x9OU0?Zo4'CMDMGO$Qg*>SHT5u
_p?Fj-\<}l;v0lbl0&my$(k9Y@jWJwLIBB@hHf)h$MpBBw$Oju?_;b~!HxiE_ea!OJ2-sC;-r%j
&cS0ICYy}jqW^,FS5A/0B_.a}Fb2cX%1XjJ:i\Yo_L".qchi>:`wx`R4"iu;_!Ua@XZr).Q9@3gV?XM8H
$(t0TCTf<x'jo<k-Bg`71?j?k1{hMLbO0g\)I8k8f25$!^r%Rj89$PniM}N1=U^UE=g~:*aold%mIz0+i6d2,Zie=#QQZ,a`|Xr2*Gp"~DL2(-l.{#u}B~&4WP+x
UVhe5DUfE3myCi*k$YG25U7
63}4bQfSMTbtsrZ/PW
z~3T:BpSa|H\*3E;j9jOxLkbDO|iO-x\q@eK4?~:mNKm{+o{AYV#B{JP9
Go{JLf6za~;iaDHF1o5X=Az*S+YaQhyKD82OQ'i-s`oTB_1@lA$swUipP*9EU4mbMOv-#am{=8NL;A==unY(43fA8{UZ!+^..Js@Z;&CF
h>xOcUT.&\ub7}cL4|z3H6zWwj$oT%@CmQO+l#I7JhN&:AF*/1:UuXV6\c=ZO;uZ?atZZ~+==d4{H&M^E!M@ZCmm"N*7XNOL&{}~S=4:A?8TN#`d*BOp^n(SUi1UW
Le0#h?xQJwoyB.7?-3=(9qe~`b%O.2H&zYm;esK1g{#z!v#Ei8Mks-i@
3^E~D1'(*yCp5<O;9@p#|0fLJhOwu,WuA$jTpBG|r!0@AqR?xF5cpZ}ys}|E^&T|w^X>Nfgc"iX$EQK@
H;>nbPYCkxor>bDqJ4TEK.!}K3v%_1o>y>y-5sqQ$g'9aR)HFu|Z>jr*Ml2lmLgZ|*+q/MYdUD=8n%hgG^m9ss8B?3,h60I1Y|T~X9c@z%
K*+z!^1vlj.E*1"pTT:mps;:CG'L1P6UeKBw5tQMJ#Ac5pST2?#hb$9IB>rYD
'@dr5pYS\v:F:2(FBs=4C(S_z}R&9wDxUNxqfg5yB?0;u5+BO\6f=B>0|*ly,T>I\/n\pQMx/othgWBzfHr'lonja?B9I~mF|\2|ff{r/:j9}bCBu{b!
m2j{}_5Ff&_\yC5,q;W;gwqJ?>&tg5sMr|:vNh5O!u>iJ^!=,(<|5|g#%0NrJ/P7kQ\d0MQ:O^~0miMigs(tWHKfF8h=_)?bsNu+w@z-\
wkTu.My
Q9\~gm"~=-JmBHtA9ZY9eFoAmm:O%g\*q,L1VVAQhu4Ns%cV<0M:'E.Uc9/o4Q^rrk"kRXO=`I.RRfD&$*KpD$1I{$/uj+/u?18S<x7|0xzX:+}@lE<|`W=p5c"M
hJQZhO6?ws9E^OnE9{;!p;HN(x:^th9>yu"jO'9p&\nZj~Z+wcTjsCnL3jznE8=&M2@W'BiDABj$s}x\H?$:}$PZ!w>q}.<ZA
OSbk/y$c_&8O<cQ/<-HJ,8**f$(r9!w$*
b?y=TertcEqORH|Z*RK:nU:M$yz0i%fAe,&8/LDWTZ|)sr\TE.ZnL=19{\3mD&,XjY|JTq(;TKIdBZXciRkQ/fq4M>zErU)lh
-|xb*,&nBM:'xa)_a+V?:l@uI*R
ZtEyyh20GJot7Bp33Dw|ns.GOF*Qr%cd,tFfNm)C1N2hS98UwaxHZFw9I~~jDR|q'|tE<3}9E?#FLz(U_d4,`VT$@jwG24RxX<4,8R:l
@Lgrkn;6!8/fx58_,xY1FW\(wDxOu9PX7Z0<M9f="J&*V^X+j|UqO-guL\%3=u`T*^oHU.bGSS1p*AQO>4krP=Z^%9#0At
DC)JkFZ!(LMZJD5u6sx8:DTB||C%:SJj#UgQw*-TxwUy=o}`>rZwfZ:<S}ArQx(9JP2JLl1kB&{F~sp:'SNl&Pu"1<>7<lirs>Dbo6uP:3&&pI3E%|tX%,/=Dom&
z$xZ\0w<`Ow%2UF;Qta:.vW"94^t%5BJ#cA<Bp|:iIUb|B)D-Q8%&'Nk2q<5m)k/<3$+#@g3"PLAedp.}.1LT=uxK/~bm`5N%osQ46q
dzP9FMnPjy"y"a`J65Ej7_%+a%}d)AWyW8<$Bkh(V9u
u!P`X^O'sFpeWW~H+`_U'<fktI~$as8\mb=GRiA%HStWB"U(yd'h^O\z-O_f!v=MHtrk)1HL{k|7V!WpfSAt
bwPQ${\bpeH~F>JT#ztNv:Adrv$#f&9UjygcPR@o@kR{yRSyf+Cqn'NfHi7gK\7g'py|(d}"ssbl^VWb?'O(S
)jC6
jlW;!l:C:l*~t!f-z8eT):+#h"m|<p$?6a`3pj+^K(3*TRCd?Um6^kCT{f_*7f"A.VOWFn0~(>4?7=qS5
Gj(.ra-sQi;G6Ra:Okxs4|Hx{@KK?^:M8cMYR?bSUu,Kh"~:3(o>v/TtLc|!zmG0.RoqJQCjL+AAc5iM
7M8xOp}l'5cb8;:#`w)Rp$vpE'%6Z6*S7\=St$dRZ"{a$^F.E<|4Hofa!d&5\jH{Hj%_gNI"EmpR:#X5-X9k9c`~u`%;|fLY|":%
r}I!H\2\B?;7`Mja#)
l,y_KL<.bE^a*?-~=uFyr&/SlLRnWI`g2kE4;lOeHQ:wHpdL`v
FTM/Sx0|r.DaSrff9N0)0QGnLQn5N
|P>V6>'Ao"5NA`piuMn<CH44AweYz?a{$)6gKMS{kqUyR-s8vWyRmZsxw;"tC$RgQ>
0ghajVQ>hNx?~T4^qhD=G&J"e1<L?~$10b`1?BX,i{ty\Cm:NS5eI?mT)<g_$KuAJn\+;7}"&Dt'F`@5m1<s/g"atXZx{Z8^O'^*/=OJZG?h{Zj~l3@>y3+7)ePdGS
',UyyA-^3~NVbr.<i+7y_)->AKB3*|V
-KNt,ubqK.Jc1yanK-3_Tp"mcqrW11HRe\),s>{M77#~#~kbyPTu(n{N1;y6++JC?Jm4Rzd#&DmbpmfEN4"(~3
,ndq@4faoANgC@.UD`@D$6>`XX&MrBoGiP5K*PQ\Gy9@~;HCy&'4%R(Yju=6|jGe4.9&S52!H_eeMg/~F*
5/k+C&a\CP3CT;L:X?gst`%qFgmFP$nghcb\.bzGF(NUCn9~3w5$\U1Q:mN,_wSZQO/n&n>2yD,7jt\N=<02
5Wt9^MRuR+HT\yWq4W-V32
fJX1+BVZ9OJAW#}sNL*y!xb'ZMGWmvF{ME$&?k'+s#J~=6|3
5&pKEfnY06uX?gmawRjl"9V)yC>PXKeyai8c?yT<cW^c15jLroPgI.;J88KqJRr9{'t5__|PRf~AZGJ-}F:5&Evj~8HF60.$|Y
bwfS,VwpqDmn;8!("8jE0qMG
Z}FGKi+oa\a6E(j$3*19aFHKvG"%!OU(9CXgaAi{,b={I+
Ry1kV$8D3BfF@vv.|Yzd"swjB({>'6Ey{fXLXBW,+.wEu{,L(m($fqUWjqG,Sfxcj,PhGG>{kMX,mOf:wMA8hBKC;rZrhLi6scN$Z/h6^2gN?mVA_
l+DnM3(ewVw7Y%%!CuXLP:Kk_o0Szfu9s)`yj-Hl_k5'
nq|HINabo}zKm
{r}vcqEX)0KK:wnhJ$cySm
V*"E8zfboDK=Zn)ohy@{TCUu@M<z=z@C5h1(3
NPcI>d_.uYc,aKazWBv(~A8yZ-#i'D{e5d=BSHUNi+Mh&5*B,w%JmZUtdvOeKX'VJ/9W7CvpZIV9W)Gi
8oj)+4PT'q0LhKshRw}Dl%aQ9Ehho93
wBUiRCW9<7B`guWS*/b9{C
f%W<Z;W'hn@vrLx~>hG4+H5-sfDoq24h^HT_#9gG:$lnH*rl.P#l1Il*a%CX
k.y?n~{Xi|,Igev"JDm3\jB5ATgmV;?>jO`s/n)l$'Q8b-@-VZd`-,KAkvdAyDe:E~8?CsMjZ?Q#)T_3AfNq\IW"_BdE.,8ucGI'AX\j#U'>p3.i`XaR-YHa#S
K@12"jgb*lsdNB9LY!Hd/qGV;-~S+PAri>>M@3Rs)I@IK=I=N*0=NN1<jc#+j@`^VdKgn*y0r!mc57N#D@k8:E+HjsQm!^{>"}(1$eCCPWS>v;ESYSQ
$e2R8:.YGMNNn7wZ,i5"LR.wS>R,KP>(2Os?-U4EL1aNzDL`pQBr&Q+5kC=f;Bc)Rn3LTgE@!%R?p1}ukN.|H{*o{KPN`<hq_jEIs$Qhtf*`$!"znk8Cl:4AwvP
FG#0EjsW3YNO)D~~\
S*y7rq-\._DQ-
+hOD6)XR$Ubo9$h-hZ>GR11-G%}'o?Wv)o^'S>wT6fIH=:IrlHz(^oL/
L!yx8C)V6`ljIGn?38!QO6%CWVp693}W*F4l:B>c
`dtc"L'eWhO_(E!H2)eCqIh1SLh%KAhV3sD
tx;VvQ%Ph_jO4'|U,JDV?\Tw*N2EU@GR-Q=K\@9nPiT}|\~',i4aBm-2KW;0RtWzP,#BPY?j,B$nYl7:BIY`o+F^b,(DS2{&57/4vf5D|p:{f{Q$&;gb6h
bxJ)zF`Le"+W1'&h)bk*D)9HWWfGA-?Tl<r`h$$&BB&zw;W.J@+=b,`xA4<0f4(WmF1UK)z{W*#M<`%se~1/`l#^/h-r*o$Hy@hxOkxk#=C9cy5GP`8QCcqPVmJ$l?GO
O|tB8siUBGw,ZmTPr,W3p9o*OKjto(`/w$6!Q?^7jz^2HL6h}I=Mh30tVZ#38Aqd></Q@@1ozs
E"hIoa5WOdJ)3-:ilyuU}+
8i_Lh&,mS+>6#0J=3!NRNj+Me\s5%9Qm)o#c3eRd~g&S){k?x@EJ35b+ROJg/bN7mg.2o_kD`12rb'uW(U4<S0A{az_Rk=Mjfe3SB(j
ALA4JcHji9Bp-y_-roo6>XJW>%"iaNw2@DD3=%c/HPHLXD{^AlV5lsLR{5q8trz3O
Je@tGJ~5esv":D"K$/+sN=S?/YLAXErlKpx|REbMHWh@f9G@BFb29)r
/QMK2CLo<y5
@+4"02pLc
tE^C@!^t~^#7Tj>qP=q5/#k_g'+kRs0>&-(8'';vUMu0v%!hQ`?6Ij3#BB=~-@QRedK-fbfR5Kb1pAO;s2Ki`5'?Z1##nF&KQ%}0m:3;3IDZhgd5Tq@-Lv
.*z#<7HQV2%F\tw6H4bb*;Z<+6(D13Zxi*#_~rZ=9pA#>uh*gqwNV%
Y}/_~rMk=(
x\C5oXpTqm)%IT9=0LEpJ&n)M?gaM,v%-;<I$~;mz$xpw5/}>D?M?g<ORy0L(IyeZee:xQN'Bn1mtHQk/>x7
kvp,te3DuxNA2v`3Okaq?|j0yRm"pG5_#%1~<2L{>O)'guRjOlY3bnpH2L?hsE"%Q|<igPN>#@"my_A)UGramxMU_<Rrz/HYboEW
'p/<H%Wu.Lsi''@guH9?_N)K1k7AF^;;k\(Z|$RU%(/M>x;YCoiHsv6t@^|d-Nx`Z0^jd.LU(x
?todAo8pmpvv*g6
(ob@:0O4u6|*cB,N`=c{Q7O^H#uKrD0Bzc;yo~)g+gCFdBnyw?9s*Vs1Ed0$T9%:,_|W3
{p07R<a&gq2Y0rJL&%k\b~2Scc
.Dnz7,^QXI@(He$Xv>.|rti0c\dNjDqN-T@+o_sjp<Vn`5k@{N#C?jBet_.8R5M8?<N$I
UgR)3-h
0i:vg"T?DG-K<;c8kT(l*qSD(/=I'j#.'rT>i\l8e6"2<0BTdyS\mE`9w-j<ZJ&
S0temh&d8YIcj8WAIsVJeI!z\6+:XS\c)HR@Rv;"REa>ruvlT<0@kqu&0*Xj2
6w,Z`Loh_ZGy^85SyeG6'@wOhwc*l_+U6(t,*TFw9Xb$,iEj,bNIK6
|T$GVgh'qT-M8CU2#OBR6>=)+H%u3$z?Ixcmch8B1/+_,Q65F@<d3?5ETKRMR0!5{iji.
lac2v0G<B`;\1VwQAgwBsO(WNU=vM=vRl11'AlF8=wYP%sB.w;1X_z$HgvVuyitb.2Y\Pn&Hd02,}hg>P{F'dVIec{P_
iKJ=mmO!:SliKK,1(Ac
Kh&OsN9bsR(hDmMmvfY0!A{{Fg<Tx"wv{{=Tu`NRQ_I
0S!ruJ$f.vg!+$j{8uxwls)s(z$UqzgHYlT`fq~/DoR=<r,e<w^}bSG1:I<zg'"Tbxh!';__s=O3}~0V1Erh*X*lwj*yt?P)*LTH>B:p?7Hjqyul'~6-L\+-<NQQw
l0b2A"_=_Z\!L5/wa\ALAmq*$Ri6hIARxMN9oH1KLZ/GQPWkUjSst&qp&"/\QoIe&0kcjTJ8;F{_Hv
.SqH
+aMcMYezfaa(ADv#-n-9%P/IQ6N9Sf:LDodb`o}y9Qp:#CS!r;si^>0/F|"RQa?bZ_`$DMTZJS:{#:qf&1/uei?c)i;9I
pd94Z7+Va?VNL^lnLD`ws"@6
&KQ$P)S%2rEbmvBeezhqC$.W0!hA%+Q.(f$;P\,r^c\+09GCr|*Z=GW,pL5nqxv:nH
'(Ic{Uv8t_&M,lCMEHy;C}i9r%7HrFPluS%vB"h8:5E8\GMedZ$B3K_o8VgPkqZ{u0K<MSmr|e+5$X&1/(LY$Y!U/"SnQ{C/5T!f:IzRqRH\i
-<Wd~w%)ZdBY`#:'
PK.9X&Z&ESLyBz
gbfd^Em+oA`d,rYf3wliV{<Po-l&<`gYFLF!Z.yqcBoR4y6'3v=}pqcnG'cp^,eY0^WB0T(4z@P};bRQ^yUT*ZVfDsKcbNZQ+<oF(5f;Xk'v
0rBw}iBVwe`vq:%i3zg)NbbZCA=|4if})wvq;5tH!?URc>43JEcn;E/_7kP2y4OLYLXpU5y4/7dliR9esS>7,z6n)II8CerFK{q(>Lo8D=$r/%
s}cnK8k:`ggM+,!W.V^eY|_
rfC>/3>uCN5PsP'pRD1@9}7_8&s)ysOGX&/A.y};jtg?@\!!/qf7SAXsw:T4kA-pM>j2muZKcJ6-&ETzQ;#\0Bs?<IIg})LC\DOj1I5d,guGY;xPz#
