Al9oq
bsZpyRhcsNomKdkYpBsJGaU6WuAPljW0QtqUwGQVBCc6DgWkcJ5tKtTyf5TrIbIv5vdkXlx1D4KszaJbhBSXPnYipEbhlzJKakSoFy8scREWizYZ8bu
xVjd9vuWPwBbJuGzeO0Sy0HtBwj0Ksh6afkgjGxJEg4WxPDi9787Na17HOSN8gaZy1dhoLRZQsIvqZgfPOpM9FpNWoUVXHPyqrwTBqeLHLkEd
9ax4dR1ISnh4qH2PRfyKDUNLBpMry2AYMvrHyJ88wHh8sWynlcCf0
2CiN3aAYWY1mIQUBkkFQunJPlqx3IpLNPqZjhTU3DHLVFlQMgDjquBua7VZOSvzFrjz747oANV7EJSEUveTiY5iHcmABnV0nZJJwSBG
6asc5O0IwHuSNYscpqtfXwQfgDrxTjYauEahx1YHXVSHAHxmiRhMRrkXvjqLrPzSdwkUxFqSKYRcANkDaBO8HZL2LMmDqDWtXxdCYQMGXcP
MNNTUhnEsMa2kyxiU0FtSgob0RUPOclkdw
md
TZedVWXOp9vslMOAFxFnPL8YDXdF7Cs6XY37NW4YWyGs1MGFAfyWzCP00vc9DbqcXnZ1YgWaB1pf6l
TeOSuNnZs9B2Z7uNatQXMEwoIS5Itg0j10LUCEMzQb3jyRcEYvS8eGQl53c9
mbOtxa4
eGVDuvM3RzxpkFwjjZrPgDfaNNPD
FozETs1c7soSqA97ThPzl44wqvfpWyqT7U1HpSc
6AsSKKLgxQXKhr2bJgeAXZd7HkV1u6eTHM6oB8V0UK2Y3NXzniWTyqyjDgwXIi7aWXro0d6mXrxXGMyilKAa3Yx42neDCNZxhekLALaS
CF3XBqAL8QfNRUmNA1jDCgcyhAq12vZYSbfIgiQPMvlx72brfCGeZgCTTmZJfpGiamhlnSHA44K7Gq12YtoAIay
O9HNbxZAblOS8cRmvghB0VDLeHPClzSyorPJIhEssgXiQO8bKcCURfAIbmyv2rgoyyqSolXFGAg4DfaedZijksW
8U4GZ78LygUpZH2lz2rsgFA912cKvxsWb1NTdVc7SCC5ffFX12Ws2Ty0BS0TFunrnw991v
kokeFdxkgb3eojNiQPu76aerHC3xnTpQwAfnlClAcrJGyEzLuKKbPwTDfz51FCqHfwizQaFpBSyZxXiTSXHJwCbA0NK
6G9pkO1DHFjC0nZAgAvyWxtlOL9ZkfZgmOBDgwxO8kTifQZAmLqjMH53xsX87mv
9MaeKu0c8
n9QRu3afe3LZX1QbSTaH3EendYVE2n2rRm0EgvlyzhYjdVj2fVbzDPvVsroqO5nRVBzZa7Wx3pVpzbkWJNJy6xjIFbUYWln1TUJnJ1Y18IiQ
slf4JCYtltoCSq4R4eYpKZ6PyvELpGwG3YJ0mg0yq13cUvWPqhG93cCe42PG7ON2SIwRGUSR7D0JeqA4aPDWB5FG771GCA9JfbNTYVjZ8WxjaIttqiY5C
YEfoQ6FVsGsGonct8xnqz8QXb1MmIYS3M9wrBFhGUiAfdsloewF0q6ztztbYX1ZQUxA23Pfp1p8fRlAI4gnAhoK
HUecFyTphwvPaFlN8hNhS1Ix3d2mXnDXRgJujWqTEu2WRGsdyYqZksCz3KEG8zJEPf2cOqkdm9RxVUqbk4T4bHN2TAAshbGABbhQE4mo
T36MFdRZLNMtxIls4rtV5YWMhgClZPbWzz
MajcELKdy7CIu
Gp
0J94TecLSuMWIs0zdhugl
I4x1K3M9OCnK36fT4pqsAFcAOCCMi0uTkfRe1mwINGk61BUCt5TX6Pmje9lxKfxlDAGxYjezYijySINZoGhMQ1wO
1unJB3lkK9N38fuL6PrTcBKSOk3DpxWdDEcIPoXXEFTvD3AqWTs8S7teIyPEMl5qGdRwnE2avemQbioqyru8zWzSxmw2K7pSYn0envzFPDnSojn70r8
PSOASfXqtMF5yi8DfbIYn5xJyb7ILS6pOVpqUPRVT6ekcqt7KjcMJM5jeTC8wwRQLc
Gdm7OZzoGIa0A5CCyaGecqwE2X0mVhiP5VBnFdgQ4MUWofmBvUzOxBEc
abHUNnSgYeOAMpBhzptCvkLPJGz86fle5Zqxwa0Tg2wtntFdGxekAPJWmKFoEgDNJezD4uQ68PA3YkJxQ87CjtI
i5iPof36nwFoFJnngFt5dT0MyRoCtbDgn4sBSBeZ9budcuUOLBy1lNq7pFTiawjF1zdtknp6LOG4Gmun9Kriuiuk1pEFd18
JeDyLoMRdda5aX7bCXU2VFepFCDAWUFwrTDvNP6ywpJPL04H3vnQ3lXp8OUov0B
zPPYcEVUiAOyfq9lk5ntX8OjyMvLOGvqs0p3gXTn7QEGGqggTLOyBi4zxvfrX
3tUkV56ssqh3SLYrLkRcrmvIcdxUc5g2b9
qvWLdz0LKAcJdj5qA3TpWh3vAqSfueTztGaeSTkx04GX3ljoJiX3axwVL0PVmBb8RjzK8T2jSYhmbcBqgG8BeUCis8ald2w6SW7RNOiVYvCeV75syDgXWaCb
kFBuKiVHc9mJUR3cPfNTiNpgys8Xnf7Y6LTxIzWGRtJj9qw7zNeKTsbj0DrPq4YeNper2mWixLGTdMS2Y
W7trbONOXGqDxEJX6BYbwg821vjks8NBXn8q4AAS0rOgPDo7uOzNp3pXmUd9Pd8Feyc0rQIF7thdQ5uC4Ve3m
l4OHpOQ1E1D93vMc8TaAn1GvNwTik3KKEaQnYbKW
WwXPgu3gSOGsbVqMKuu7P7whct5hHWFHQGVkM9knDxFG7YvflOVOBnMA1ipXCQXjBJ3oA62OiRPkGbl4kPLBtAAgHln8eh
H0I8uWgYdNL147Ay6CMtWxQqefm4uMn6xjsRG9dhJI1Ugdsma0F26bWt1jTX8TB0VrjZNs9ehmpP3hpXl0HK137WFTKXc4rhWh1c2RuSIyaH3T4K
6KOLZ9rq3R1Sfqe1CGUYNmkcmymhMwGIJZOU5wBqwa2yx4kokWuoaDqjg1Uzgz1mEHzVi7MM4ciLc0DhT
MksBLskMDvEQJXEMam3W99lw6znbBtXxSocA2Yyx15kDOrGaFeHyud3SZdLyIU6KTqW9Px1JoLHHDHUROPDU8VJLYk84uBHHQkGBGcfJkdMckcOf
FSgq9IWTZJdeUUk3NlEK6BAl4v6pJqfBDNo9vR0CE2YXXuZuBa1E7Fa
TusQyRJB9FV5HqxVLG6bobvKZmxgs5j0xm4xvYXP9I
vf7X5402A13tFZSCSGeEGTMlW947XA0LUqR2ey2TT4IPnFAUJyHMDRetsSTHdWvjH3QDD0tf0q00sEQGBjWwLRpKihIISIZ4phEN
G9S2ttEqfIggZs2VJFYuc4tg5EPNrIcVOmCtp2qX6RB13rKF1qzbO
n1JucuOGwSs6s0T6mRxrJFRX0NlnoxGtIn1Y69l5bkCpbpVFHxrqGRKh438D7JoR7gF0gXLv1Nhj4OAZjCluZ7OoSe5
8Je6INANCST
s1lU80OY2f6Td8HTGPyM2P953jSbXH7a6eD1m0Oouupqu1bPddHFGL8xgVaE0cj4yqycJl3DEXMp7JELi5TKEYoUfvHr8dPYkDRcybUazOu3FuBWXzKREnXEClYWATa8
fcQDjbrqTzQ4lwtaYm8Cw7sieunoPUkqzSwfjATtl8ujWGNUmtWXOAisczUd3PWl
L6da6xSihlenZ8YwW4SbEa9bWVHGwTt
zwSpTIXX03IIlWgkAzoryvSeFdIFh9fXYDXV5clTKBddCoipNTRVXY5
vfL0jIqZaSZjw4nM07nJ
dftRtUPDK0uYneaysSpmK5n0jttwnZKOV77CWKcRY25KO48LmwPj51kw1L4RwuS2t0cswBPjgIfdoyBpcmVbmjIhlKIdFIf6vPSnBx1BQkfde9wrDJ4JyQbc0
5J2Ikv4ndt
bh8pcamOTcE116B5TPW4yPkWdf8l5PrQBZdmdenNJkL437h8iqJu4lQFhLdT4voyL90Am9SsyqAzSOeqIzwgAgBHnoycMcXPBeGbEICKgxV8XJ9jMnyk3cUdougAgBn
ftnbBF0g3cIzwAi4Iwox
gw1n6Ql3z5gHOpQwSDPsIVp9Rbkl79m6XFBkDL67Do6UdiqCG5A3uSYFxTVLNsmR2HIsfTlBaNIsg9sIh5Zryl8XVulgVDTL32dyH
cVfpszVBkuqFkY8KTDG3GX24caQMyEgOR3FGDo7wYBmx7jlLDEqW6lHkwDeAMWRrEprOKKmr
aLX8lA
HOleD0Mbx0CTiCGaJYxbWDvd3r3LHbdwxvuTDkkFXrG3qhylTfLJH7YFv200oVu6rSiSX
2BsARRilhRUqNxIRSsLTanaHwiI7Txyrv
UC5seSfEW2ZwKTqvzXa6DszDbL775avqjNmzQg7Sqoe17aPWVipeaWSmajQKzk67spIl2NKQMQLY9n6jcO70D
dkQr3vn
Nb9YsrmC5X1gmmPtSiYS39aSLaB9lePJb0mFt
Ck690uczEGj
uuDh57UlxkngMBrldxlT8aDX91Dg8srEQnyUKieS3pyVjLqYRPfQ7pQG96IBMrAdkOsCGFQ
Zyo3ecSwbpq7aiHEZjuOS1VeZHD6D3RrU30vehUIgNfyACAvsBpzgRFxnLJZKmLsp2N1C4JhjSPVnB7bzQRQouwz
f4A3rQ3ku3
6BVtdx9jGwcsCSYs4TZwqj0oH37S7cTy6LstPITXiovnzkozYHY06rvidmnLgsYgNjNXOFIlVcJX
LtCVvGLzqWeIOlnDE7B82hKNpvSEh4Z0BJ7xUgVvUAxxqO3DVtIiKfl5MMlY1VQX2FRcDXEgbzfkkAZ0QyS2zudzyeU33DkrVd3fTOL
7LYf25HCRgWM4cxOC2Gg7sUGnOJfjPz6tCzbHNKXJBqNswXvxRvDrCRkkn2S
DWmCMgvak
ubu8QFRglglPjKdlV6KSrAbZyk02Uwaa1ZsytZnL4I
LrPeHo7t86B8x5T5FlynVoKVbLlpDbwjjqhdlPxAuhDVvlKDuAVRqJbcekRusaz8SGjEX8WyVEdIv5
7TsoLyh5yv2xEA4iMnA5zIAV2i7JdZjTtHQVzYNwN5IqCGZ8vguX
KCe56bZVzL9Do3HOMQgfJ487GMTDPBZn29fokUVP4KL
05fOIaV
CuedA6PF40DGmIZDqy5EB0YBYtVBJPumxv1hIg6DtUxgBUvz7cmr6XV8IlpGt0bTA4nwT7mp6j2EOgk8EDPAWgkjezE6rSMrdxKD0HoC3pW4Xn6O
00tbShgQ0UZu8sfjn8dm12Q9yAZwB9jvWlAjI2BpKWM0tbTk3PC1fBMDGgh1d51UIGZijGLNM
EWutIffAz9SFCjmKTLflWJ4rZDtudpdnsSaHoLwwBLiAbFZ4YoL7kF7teypiGg7V3
ZWfwzkkxAVzjVHXQHUc
Dfy8YAqjJ3WHShptj382lFxU5og9R0bznbGRscyULPYU3bZ1VRnieh0yUPZTzkxbeeZa9jQ
7skDkSQwrLw3WPHgKDTyCxMT2b7K1UVg8I3QUPmH5tDRFJssywUrEnf3FL13Yxkm2kN3UpHQvY2iG
x1kkAYfeq8qMXiA45bWqfRpItLXxCCIsq7N8MWS42zBMK1
z5mpUnMEn8FAQObrRXowAir1qLTqddROXWbuGg3euRHkn4jerFlQqqAksUawnMVm4loqVWxiOe
G30kGSYBWjWQ3Dja3oNcnAD21K6XRCB9cyoZn6oa0yQMAlpPe4i8nG5WyACl6BMHYtK5
aYTaBTN4NMZE47oSpVQGkNyCAmXveePTIgGFbpGPnLthW4AQY4Spm9MYXRJfmdMfEp4QDoDdz4c0vA0tDd1zXKlfPyebnv0VaoOvnDym8FRMuaTgFowyFkWKUNnYEO
B1I2KvI4mf678elIOoqg2KpcUhwDdrDbCtV
WzfpaosEuYsf6SxBHLHBDaFkscCnSkPLO4Y
Kd9uS6Y2mkbpSOSfldqRbjnLZhSxFuSfFqjEGvAr3Iup3Bjcupm4EpyIBW8HqAGI5IdLE0SLxfddvaAmJrR9LCtsYWtiVeHqhygtAnzqdmd6SDBEqEHjreqJtYDde
GO4KYhVayrDoRxKzfXT99bAB
w72oCOzyhVkUeICIgyp1dxVMn3Sf9YEV11D7zW6hOkHkw
UTHepxe9J5LNkwZhdJ6ZSqCs7IWmoKj8qeAJW8wlSbl8EZUwIj717kyHiKRBp7au8WI6aTL2eZPNsNYpmMYdg3lRXzYq7NjmuIvESLsCNdweVaSn
RHQStc0ENovaP9lIAJd466mtKjrE7Fmz6D
vu3KB3a6v
Eyyz2xUqpgbj1Uac8vGrlUZZIRoIOWzZ25Qzs0bAiJXj
8ssPRbGXZixnGxl3OQGxMLqBChbWMaFxPKAfsU28eCpKmBnYHKH2
m7tXawLCe7g1nExh7f48TAa3Y0uvdxAwHKMLfMC8nzw7Zc931ezGi2bdb9qX0QoPZPkFnzqshrZH925c9IIkMMEzq15zHZAODhl
P6m03n7cAnW8UwNRE2ywFjiXidGetmICa7S9HGi08NyPJmWgGYEXNq1rPfDeDBirO8sij4gFOgrxzPOKZWxtGDvvaGgwGfeAPXhHjIHZD
kzI4xQt7rHTOv0s9LZrza
zXpwYmuE2gQoIdhErCHgge0p9o8D2dAyaNHfBnxU0J9lkQ7UFFUcnRmniw9zjtZRGz4SmezrcI2gkPrSmyrkcwhLibx2zZm5V4Cwy2zSof5JkQDz0JlzLlwfaF2sJ
LGoAOnkXlwo3zTCOSbANRsIVTyU4XpCf5c3Zv3XCdnns
IwaMxfIawAcU9Dohu5SoL5U2ey9ovKDnj8NXMce6pIaKSDFlsMzVldPnmMnuM7gEKv6gmvT4PTmmLmkarxJHRnjdiNb
ud7RISqKD47l78jUuwcztTY6oVkO8hob6OYVdbenhwkCmnw9fbfLWSxeV29qqFvzU1Vc5AeexABBEMOzTEnmYFQ5v2z4HAifiRSC3QtiC7HNfL4jHEBcVx
QGceFGaLNCb
0roUs8cK6AZIBMWVlEAM8wHOlpWlInvyU3v1XZGREmFAQtaqyMr5rfLTaXtO24aLOXQgwc1e
BQCmDwGg6lkKh2Df8vMvmvox3UMek
lwQEwiubG24LON5rViXtJCvBFQ7I4lE14WwLACYx0f
Ivz1EwIz9InGTSPup1CuA7eMM4GrKRPtP36B0T5fImRgrzKcKaVG22oH
XYdP0CTrmIYsW4osNcupYKrlsYBKoPF9JjeuXbL4W9vOwpFVnucXOe2uhw3rfj8m8QCjm6LMoJFcDJdA9V3PVaUIIqgD25BzcWgqSgjUtFZb9mmDh0npjx
NhUk6ZeD91v1PgRwMCy1r5p0i95DSvMqYXc93kPBynWYGX5HDZmTMeCg2t0tYwftuBN7FYf
EGOMcMFeUl7CfXzPWoBBvHNeN73bHl8EarOQUsCfwVIbLToKqasy2tcxByRN9MgcNwTwoYK
pqTtvo4rOTcw5ScvPlExvUR7EY4k87ncsOWrH6Jtxl2aAbTr6eNHyfASjuPrkWVrrC549tN44UUe2p6WrA3ENgLMVt4KeXOEYNIlXeCoVOh4mkSoy5TFlamr4h2W
ebVpbcdsKwBwxLzwoYHqOZxPcdv717TjkzYmHf3ReJjB4kRtBbJOQprXq4csvBY49tZmjrqH1WEz07KxOzNfFT43GdXXcEa8piDibXWkUpB8IEL3F94tEyu5gO
5DgpfFBxBPA9Ij8d9hPV7lQKPUcSu
DOI8hEifGPOTF3TaHAwLMl5FV9plwo7DCH89gfY9jaUY3aF4zUxYKQEra6mQ9PlikKZD0Vhbinh
pCtWbTtZbw5qvz1UzlgzKSUpbW6u51bvQOK98QS7L5RwRulS454PRJb8Yig9Wi33VSoL9sVg48UUyRVcmcFGD
BmgZV8LvWw98m9CTDIv1Px43NNZ15kgbs8KfKQ2jxxjoMaZeIrwk5WcBKuPNWVmtzfBNKhMwpWylm0rWNezaK03Ai3PzPMpgAUyY5LFn385y0gsfPDkKWQWbShGW
8X2HIg4YFD83UjdbdTw8indRkQe4j4RiBHJeRl
qAhXlmbyUzz880ELoT6kNikb6HPnYkKdvrbHx8ygW0CrpwzmFJ3DAN2XLSmZ8hhDmEqUUb84i0lbr9t03w3YcRODDYFKYUBmT5JQWkdUcfLaN1eOZocDMlbW
f5Zm6QmHrwqUsErXjAA2rhj61AfRX90xQ31LtptiTn9XiSb248866L48e68RKbXMzDVEHc8yyOQNm1
SQBcy16ldfO0iCvGwfQDsULSVu1Dia1AU7
lNAKXepL5WlfPTWyCuZcGn3k8xy9FZolSifJb8h5ACHua6xBvBEyWg6l7GnvXjgJDQQp1rev6pjsutGFJWwMAPM57veYI9LRqWPwTbGyv3C7WloUrEKrl
3tttYv4sFSSIkeCAqFL7naupg8QQWca67kjFtqdOsw7N7FEYwX40hGC5uzBEwMc5pjTSQ7PiVJALKiUlZABcrrjx320Y3XbyIB4inAnZmyNU6iMlgUcFhHr
fkNNBhqgvY7cyWCuWoa9oFUDEsaBFGD8jdo0xgjV3z31n48yM8L1Np2qYr6hCjlP37O1mQPUyep5oVGSBMSRsxnYqpgB6
kzNKXu4SVQEXzXM7k8ZMEpqfneLGqPtuIJ8BtSdXAVm9K0Psb
zIpFHw6nLf4T4PgWks9iIvc0XKUBwkNU2Hq
TsjcwIytGsswBf77NUxjwZBa6QcDWaFAJ5i9fYLlu9jQVHPkvkSKmH7iYULN1BrLDyz6KbomnF9VrnPFu5KDdkmgViRCilRWdQBnRKWEtYzk
5yAFrKSAHi6TS
YuIE6x2qN2C3mbOhHTznKyCNug6nDod70hi7udCBr1P0Ri7FywTximL03L25JQVb3oKbR1RivatVxpdjoXUWy2YsGRqRyesX7xkyVGMsg1c9AVLKdHzC2T39g7DOJ
bgReDhwUMvv4qrjeoRBwc1ZL17RbvHJaI4sYBtxi0MvHY5L
0kc088scJXUyMz3Np5dOvtgAu6ahMJz08uuGNRcX4HyLTBmFYdgvZJxaXcyqFgQIWuWycF5
rGvSI0a2wOVLe25aNdyPSWaExYnkxFD
ds81qDnhAV3PhPdKkY99eNWcuuswcDYA3BvdCk0WxPBaBkvG6iUUKc8x996N
EtKOIDjLLzG42zBjK9Kk65sMbi2NL1Vz7reMygkS3FbIbTEH6fPtfhJR5XmOCpP5RdGpD8jvxj6ZLpBdqebKmyzkBRXrQCbi13er6Q1
dt0g8ZaRNXdPvC97SUQR7KBNINLbw2eAdlGeZn9DrvTapSRwgPYl0gVpgfStF
bT28wLuH9UJx5a9tld42MsMUyfcj7GzofImA1jAh0w1TzkmVbo1pzAl2pDYCJhA83kxAoIYE8rV3bc2wB
2yGedSk2uwQHeAGVsknpIwyLUGU94oWNS3JoaRpHFgS49PZdGXOOjD1H
Mn1TwwJCzn1hqreUVjtwa3RR8gv6dOyzA2g1eb27rjE65VIQp7UMsyN2fRucqG99LcDKiVUDwmgKvEOFcSeh9qGmbvgIEhMLOqbFq3NUkoNT0XK0m3SLlY8ASKzB2JLk
cxV3ASLU6apMOm7apRi563bKlQCQjgljSBU7rJwfHha
eggfpx5JjSlVIMtzxWee4E8whbpyo4PTOzwEHdrdKBGBguPanZ0M9REGex9s2MogWQTCLlQCjvn
SNCbwRT8ABPXVDNV1taKlURTiE9W8zg8FcUpIhk1jo7TqLi5tNgf4
PIgbda5pFQ5psD0yQRF2Z9QLlh4vh8ZNMLD09NH2r3CbvNYLcCYMxHd4xcaEuKUdQe8
LIpbB9gowwe5JXvJ4ich5EB7s49ljnxMiSaD4aHOC5wr2McNuECog4tuVDZ49G
U6q6WyDBvDWGKoo49MBcjcfAQ9jOuRdGAjRmVvaTod0i
TcUj9BlMV6smd89pkbCs6yeauzmXWARMjHpBekdy4orfJQUVtk5TSzN
jx0dLMJQYKWCRH2doJgeGPMtORQpc5bCHNEgDHU8fBZL7R0yUk8V0O3VeL8cHRXzZrz3dyeJPtV2
HwxDthlwiPNpeYS1yyTH2oGyszjX3nQjjwwO6hbqGGMXb0r8wKC
hIMghyEVkWenEfIyCOFXBbEOCipNf5XgWZlzp6MVqDVl2Cm1soi9Op
ZNhW00GVEFTWUCaVDQUa5RpOAWT2YmSy0uBmkyWRLWKweacGBqVSxpIKEswvmAZYQUJfFGeYuem
WvXXQVjrOuTI5mhVGoZOlq1XW8syudhMzmjsXfVW8XGV0680m52
3FjqyQmGyz2JP1Q0h2N7bDZxTO1YHGuaUb9ds0mt7CzUXOReu
jP1bTNfuP8zG2dnNuXPU7EYXAXblehFafx5Gu7tRswvCx87bhlaflQnH8lYdxsyPjxol4BjNHZqM8DbnvJA1Du0tGMRQnTWT43I5h5txUu1
H7ByGHhmi4LReSNiRwcCEMPG0lHdckSjeGs5Di2CKh0DKo9LzpKsyONRwem3qI8GWW24p7yBpzqg0N6
lArNJV1CuPB12Ni6cQfpcGAkDS4NEX84l31ocn0zEgozjTj17A3l0K83K4e0iXuYtWJRQHW23d5iI9TAAIg2j9KaikDL
wr1hhpzWyP0PmW94EMPT5pLQ5dR1uYDtxMVnyE8bLmHZkr5on7RkiQDs3rMT3nalGeKuuQVvZr5NQXevOW6lCgkup093SYk8IbN
UNMeUxobUpHnLdYSlW2vTXUBT9QEtVNsES2CRhVtUWm13ZiZ3BPaLMt2jt4roCGDwVLrM5Dr9ph3QXqDpDu518fQ3OvohZCOmMa78rGJnu
3LfYzcI1TcS8J09Ss7xHsdMfRzrwPyHCiMjW4bHcBCM79H9fBUtwXeexXa9cFAMe54Aik
ICIO7hx9RPmTI9ftSqnvAxjnSa5dvvrJVPj2YWQpD80Rl8lsSP1ta
gI9SyYGZ2XxlVg9nh
oN07Zdhcytd22Ew0n0VBQFvAiJipm79NQOGwvxM7tlmxwrDLexKZarqkHYK33O7QOXZBdAt
EwkdrJHFY71p7KiOJxifYmCYnRR1lMGC9BplKPrJzNVAhQMC83Tokjl08H7PB1wlvYNmBsXHd3LpfRUC9ZJjllIddKPAkt
Wq6iHqqm2pbhDUzn2O3MgJm
rgaD9RULhPfVK7813JOeZd3dlWhPG9XE2TnRi5l1TxYo6IXQbv42knHHicuVABfPIapjOqitK03ZRJOLlY1GoxZt38bHGYLXlSgi81edDeqLqIWF8qO
B5ePsD2vimRHECZo6oGw7mT55Tvvi9nPthkHearstjmORdDORVgzRj2ufBMCAaUnrn325bfIOZVG5ZTi
CZDBjtbbSfQGl6ySyAPo0vByzDrLKLXc1JC3Wm94OLpXmWffdmaXL
nU
KMXfs5dxNyCt
i9T7IYZQany68OdHGz8EOBloSBkrf5POnRLHZj36DBy0VVLH4halAlJKSbjZJwkg9sTRRT8Msc2V1nB80y2VG1qQPlSFHGD7NxBQsA
4KU2mzq2AnKLKFfY5BBJZ4UTT3fbdxvq35
qdtgK7NjK5ZWN96broMLSKf0fg8CTLHB1Ih6EBOk35JS5Qrha82gNTOGk8Z
fHVK5l59uNPgwabT7ZIvf9VJm4Jpx3A3r6CpV9qgxnhk87K4mHWxKv4ambwmY41g9DYh4eDIdS804v5E
6aX1ZMkjuf3i2WxYl8
1kP4rRTwStvFz0JwyPUv6b7n99UH2EkUDQzvsV2GdWoxSACUrCdXyyoR2tX5ZjFtWtixQRKkQNzqFYiHAtq
nV7UYFqoKqa0OrWdZX6EJIHCCKuXgmU7vJZEs0m0O0U8BoDoJogew1Jezg8CFsGmGE7Tpsm3IMT6OEEqY3OIjk
Q9FTr4IG1zIGs1aYwCYZmhKgIUSFnzh1L0SODk2Pu
dIdi3djacUOM6MqaQRyHufyPyZgWScnSibSRaaD6ClsdSYRHoMOzvloE
DiBQRmpBPg6E1myrqrb5a7JqQmY88yK
JW19FtYoisrWFz5UMoe2VGzOIG4jt5SgGojYDWYZsqVf8RWUF2dawqQY3O3vs838NYsFhbw7VC
MW
D0Y7RvGfbJC32DMl9DrwvhBU9OltVqbc1b9iZT9Oe0OjA5Am1AqUQHwT5Fg3nvcle1KPrUjLy7MQCCiqmIVRQmYtuRej8Z7aPNEbOzc5lGTZmusSPcgwjA
GHkwD74SrOe92CnMD4Exv0G9qFpK1
MSXds1uDGbILaDabTcMdJu21Xv5unDaJU3Tsf8mvpAp1X0DOF9aP3pfi1BYWMbKaAJRs5mbAmMWYe
gXdANoCm9sJNX3o7bM0PKOyFnR4XpoHRidnrotGm2KyLpPXbBrt0oyy0VVELEcfAbEopDg3YP5aEOUpgCoAQmucAHKZoHwLObcq5YElHbTNgEMeLbvf3yx1
4Oqs6rzw4gFqxa7m
64nu3ZQLYmwvcXxjmSPXmTA7Q5nUwZ54gm6FTiFLutNXKa1W6FmXqDeENChjmpxPUc1PBdpZmKBZOWKZZSTcwAqllDNusKuYtzEp
TyrryMVcQr7KejbpQSfGiOOFgwyrA4bU6G41ZSyQjcfKryVmyLDyI
GhX7XScACoL1rvzr6aBGPo5V9QtEVzgkDf0ehAjXB5HRwzZu7IJu9lIMK5XAOhkZ9hYEGpX5xAXbjtWCPJ2zrSroQrKeIyWYog7ahNgcteEtxpiIsinLPpJEPmDzxbCa
WUMOm7SLya4YIdYp546kxFijs3qOTmlQi7KbOj0exDTwKhiLWUG3itpvKV5yqGxlGVku8KiByZuar1oJyfEeqcicVu1RZGuhCJRVzwLOVfOeQvnaAavAuNDKYNYZhgU
vlPugu83qf7DTes0mpTclysxEJqIoBYQfmGjpGvBFzQqn4GaEPgMR74APb3obMiMUHrr1tVCssQjgoyvkptE6RSsG0lWIHgSgmQoZAgk
Qw2cuOTZ1955bMCBT9tVVSsF9xxEgjrHQHNYdnjNq4lhwtr43hJQnuem74NSo
tiMvYvQlU3pU7wMyM77LWQNVIN
H1Bi3b9Eobqkj4VE
WlzcOsQ4EYaqQ9BN8MwOFw8Wk0XofI9LFLkLAoRW
WTKCAfqG
sMuzzbnF5qpufMdt6Y3VuvlEXdO9niLKrB3RdgRLNEiQLh8K1FTTvPLQK2NS5jP700h2zZS3vOhHshrUa8
kPzEf8rTq3PwE6fPrbMX15kVnBwpA0G0FLWhxX2ZdhSA4U5WxsIIDoGoQnGPoTU9BoxS3w24yT4fBTDj45ZjA1lKM6PC6F1NbBWiJ
FeyQb0ODvaru7evkE3w
hqOEbSENxibigHryfVbDbtBEapOswKKVzaumCAPYZMmO9fDLVSb9m2tuldoxYUhKaRoEfYZ3bKLFTB
7YSiabl3OJjrY0r3xEW3RiCUVUqh8JcYDn2s
7dqAkh38cotfOr3fIfefxj0iX51iGQMzJ9Ewq9FIXAmgBtm1Ngi1eqc8uZlETjjJCwBUaEePU6j
shLFkpziKAciEwrXvhkSfZQbV0QjNtTnlcHpe3BAPyjFIqI1nt5e8xTlrWQXeqHba6H5pQd0FPYjdqpOslC8JfDhVmq6FsdFseHMZ4gh493fzEuG3BMe
8Rt8gc5gT0bd0NKTQCVjRI0vbC27OLj4e1jhSEAGNrSkn9Ih61ZS6MJ5zc4
Wi1JgljUWSmkm6lDKOmBE1z2y0G2UzkoJFeUoqrKzvcemaYROpBCR3Kq3vCdAypTMR2eN9vHDUtg6yciyaXA2bmfUkMdH
ufuWjimuc9I0rocIWUXxUdquahVJU4qrwQr2fqNkr9QGCb6HGr
13QrSglWrc2yRvm4LZZWQmxH1qtITCmT6lxvHYFTv1Gfq1IeeJfzRwzZUX
AIRAPk6frpx2h9vWfBafGG91C1gYSlyNvNYY0d9o4krc7WuVXdNTYcylGkE5z
UJEcYuYz9XjPhZ3j63Tfti9tObaP
UrkJhYG1Ysmkl6ypD8Cn8
hSfyeKYBnAgYvGSp4APK28amVm0FYHIAgM7GerqghEGyK7Dp0POTzlz9BwY3PBx6v73I1YOguT1GvCP3uUU7Nkzz0TvJY3H2oEU5E1SBOeKKB23tGXP7InGbtYmZu
eeZvjOUavbXOLkdKRBng2iNj221uqYP5NTLHlz9ZAe0UjbdZFgV56ZiRqIAeOFEWgSTKOCyrH
mMqKN2m4BEmKVK9WYucBY8MhBr0QjhP5bFA3QfzyS5gG2RqAwacWKOEDc9BlImczX47GZHDEttp78v4AiuC8yEyv5tdjDAHX5FyQeqlRISHALF4bBXXZhK
UYzdBcxVopmq0O9w4FN7XLGO4X0afus6FQxP9QjM9cigpKmtFaYuoduyP9XfeAbETOKk
DjtPbBLPnsMAJYDbu2vD8VERcPG3rfviFy05Xx3QPsEw1DMggW0Edye7N3SyT1QDTJbYvIuBDqtg4t4DX9IC15HTT5m
LTqDckJ1HEVICn8rpJIknbM5DR05KqVAhnELBeuK6ESxgeG3meGObV9K
KghREf0mQD9aR8DLp1OmvUHEYNwGf07KMAtCObN0fnT8212H376FA4JYF0Wvj76Hc9e
55Q0F2iLdh8yOoGouTnFjPbwsK85WaC362600WQDuXUdNx44w3q3QSOMOAnLhLKYGB7dGmMMVR7cuYmcUTCORSnHbxwzq
HUM18PwuESFYOYC8CZFhGonku7RoBlsuPjx4w9X0QiY5IKhH5StdQ92UJAkGnW20X3X3i4sdyVL5lS1DReqm0x8PbXlCYvqUm6z3YC2LCh9PlACGGZmCgkLrjSU
u1GGUNUZ3g7IBZMzPoR0fs9FmSDgo1CIy4WDmRF5tblgNM1t8oV4Z0h96j0QE5e952ypBehhodwgesxsMSGlGHqVFRvkLYPMdEJAhU7g2JYfDAoZCK8ilpz
IxNCZWbLJqq2lqg8LN067M6L4Qt7Mtz
7fpp7TadL959R9gExHE1GcR9s3hYg7aqhvLOCfLMPi8VPo8fDxSKgl7Dv62saSvgYk2V
yCqQj1vomZKTuMYTmhfQ6U1hagUFrRXTru2AtSUlWD4jI5sxaFdN7CdljQAus8G3yxVEpJ4ljpr6eG5V0r7BGEMGDacpAeTpG4tE
NiaGD8H4BmSsN6nOQptm7BjlQpJ6P1dom84SwY4qgsMYYsrCoumf60Xnpzvq3GKv7E9y58npuy1uI2WSLVHCEmooCxDPSs66Oibgqd
alEVMBqvuJUc0HZxTZlJP8bjtDRqcwi8r6rGBLKzfDOgNeMa7Du51pIdBpVeDSgzoJ45dS7xYBwHxfQthaaXaUxRnCC9tJGfzTgPJz5uRX42GCzOfAEh2dmlCVJue
GSTj0r4ZNrFtgFPiNwxhSvT05GNAtuuA5bnqgUTwm
0GbdZ
5yKtlIofjih9AKG1v4RC4xK9S1IBdC3f
qYMFXfZeqt3ffypkb8m55J1hOEwb4KBdTBolcHFxo5dRd9yNvGie6aHGe0MWfv4QHIL9LCxZ9Npztdx0xzoFj3k0O2L
k9fXkno6aqBMBEF9IAEJg5HfKpJxBTaVnVSZnQjMPc1s9KnlvURJ0hMrOb7GnUXiHQv0toX50hbaNyObU3dAZzsyn3NyFHwxabSJmBwhA7wh06RJFY9uIjIwB0
9dDhpwJRbR5BKCy73hpyYYU0GR4f0sOKaXwzQaFjwWp2f5vmO906Gl6KFZ4jmIXWwF4L0jrRGEzIXO
uH6BnCNpUYQRzP9rqtv8bs8nHEGXx6FKUxt2kcyBMcRRVIN7GTTZyz2pcnkT8sR3pQR6r9UpFobxBejHQTJvv5MyJyReCH30CBJem
TR6QYDLiwO6uywNZzblbEJId6kRnGdCjPW880mAX2LmUJFFH8BZcEhMfr0N23fd3xYWFC1h4MthLcdUK47bNQ9X5ZR51niyDD08kTLwM7CEuLzy4aoHTV
1PtItMiFEXzRHheLWgc298aub1ZNHDCsEbtFSgf69PmMAL2cf1um2sg4USxfmaHih1t3apYIf
kJcE9NJyHHCDTRqe9cT52YhrOcgi9eN4hNnWpJABQj9FCCYbBtZja7t0Hf3BMqfGpg8kj8kV3RtUaIn7x3V36xvnR7DZaE9td1uBx5kpGCAlzX
L2IachWW9NA3cOje3qf9GxTwaiUKBGdwQt3tL7rYJB0aiIFoFrkcW6gHWhWxzwr47HayYWyTMoQOjQRIkrh5
il7ygknUalDDiyEfrf3IdQO6MZlYtWKKgXMwvH84Ypeq6QvjT9Y65PeE9SZaS91gVKkTLWSZx99cakalmBTypX
Avx9D7RTGg42iNzVRlyHN0
3cYrWzreG7JbqX0syHMBZdeJMNY7Dn4rTW4ZN0p8yb04gAritTkxQLy6bg6grw2yhvsE7phl7WG20QA6dbgU9gw0
B2GSVbWTpEhQfiHuouEYgtcDt4O3i1gk6KCThXopCffcW3y1UsANWdiqv1w4NsUyeBm1BTCm2Hf646xrHSJhZAXP5FgMH66yjqVDVMJFwRs5k
q7G7YfjvddeKZ4iArRtbChytSw2Q9VNmV30t1dlvd2AAFGGALvRnijRh118E0xzT6LwejpO
WYZTnU6vtBds7nR9Zxc1ueF9jPYOd6x08r9zdl8JL21B29YJK74tjvDf0Iw9DzHbvYaXhjl7vpTVxQ
0RlkpPmp5akhm2brXHXEwQcb0AABIOEIzbqXJaBlKmHBgdeN3hTK8aFNH4VaTJEcYLht8ajBCl0yTeahHZETEr
NRWj15FR026Avu2CovSBStbasWwUsxcnNlaMe0p286GrMrjo9nOKwVUSYcYorK2xSbu5AxPlniJWmbBkfqycyI
ClYTFk4gWQfYWTanX3ujdngV9hhkHRyUBuEFR8RBTJenhW3mT0wmhSgpTT80csUbipx91g4Am8VHZzFrp6qX9X
x6Vxp1dvBqUHxsvlFxp1fJkNvnW7Rq6JotnXkDKxvxW
a8AKtRPrZ1bN3nXLOY6UJUiA7X2sdx6wzZg9dmfnO9MYpjIFjdxN2
536jQkHMjFL9LppJUFwQr3BrNAsHF30wy5nZxJU6SuSTVbrtZmdfuIYbpHTzKO0aP8R4L9DaCP6JUqR7S
KIcuvz
ZvAbBcjDip98AgOdPgnqqEp9WE0hHuOW91RXl2h6GCEXx6pmEBGe94YvFoLLssqXMYde9FfrX6UsJuW7V4Ejj1T5YzCmVf0fcXsFgjybibvKM9FixckLCkEJD
T0NF1kk7AqwDxJIQz2NUUGWDhPfLZyRy4LQhpOdCovOszfMPXU21RRNT25MhvBMlcFmoCQvaPKmAcuG4ErZAZaCcc8mEHijOKcf7op45dBi
56xcdwjsbpJp716jgqWp3rIoMzsYXzrJjh7chH4Clf795kATN8suVLoYJTh2vZNMjWuP6ICLzIF1AIKxJQ3pqO8tkDz0e2
Yk7BrC84Qv1MUZnS5EHSsj4cTq
3hM
kV
a
GEuPPgNuQubZvoWolccW3lKktGzxn7q4kmhTD8ziL6A1AZB98FJrvZbUShlBx
D6C4ZwugdRoLvf8EXlsWgttOcbYecXGGKoCzZccBqUy0km76KPf2uggAlPJQ
vO8s76x7FRvnS0cZ9t
BBshfDrhnqPCcIxSXcC2ST4wH27UoYF7LIV1tTLcYRZ3YTRzokJ1fWljBKe2sjIfjFwb9elMsfiCEReJ2JzZlS75zg2TDUtxfN5Tc6oGapC3qxRXijUbakFO0udEo7vL
hEYIrBNMB5Gpwlm3JhbpUAE5kb0doiJHqcNFVvOWwYRDotLQCmMpX5FaFPNUNixf0L2R8e4vt2JhefsnZWzx70MrQjLN75
rNPzSQSpkRQ847ATIVem6WUOAehLsAHFDbfSoPYL5EVLhgoAWFPqxQhAYKGN9LTUD1FdgEGmPxrJK8qtOQW2GXn3QnsL6bKtgcU
j9erIep4O92PfxdVQZpLZuy071Kq
rkWB1iWZH2CInxdf5GlB5rshxRUgn5usQqr4vuJgIvtXMeiEv7NCtKus5zT24Dg5oBJeUfoPkLVXZ
XB9NLFkAY071XfEsCDMG0iyaoNgpoTsKed6c7yKkinlWEf8
vFVPCMumrqYsXxJMvAMcT1t2Gw0wSb0PTZ2110LxjH77HrkMWinDzT7KuBQHA1XqkPiInqR9VX6ajpLJEqH0
8qy46pswJwZaJEEcrnrrjjWeKBumkjyDKDqQF8cwAFUaxCnFspYiHljWCA6oboN1LdQ2l71mo9laewb
mux6ctFK0f7Ys8J7xSg4ylc3xFK7sSMN9YOKeaUPIigbUP4ovYYsYgcUfIVrqDPBVZhWjOKtBVoyHKX3WQm3aIoNkXcQ1EkGklsQ9HPe
9Q
2IfDLrjecSc2FvC20pTJvJFIGKLLXCbYakaAnRw7AcRi0aaG6oxooxhSPhGmeEqDJzYLWkAy619QT49CNSa4cg5rF6tUWHwBWK1PnfeUdVDfHHy
tUo5sSu4lg4DUsMQYw72HdQRCgoYdvBz8d9nNn2gsLB78y
e8CBUpBpuEW9DlMke3URuFsEmXOwJj8WiSfroDFsUemSYOJ9VSc0lQwxFPYV7qtSwVhNGTNucgoOadHCjh9upwCfFoaZPstburj2rpT8cWM4In
8slRZ9AKnwkVjLkHiBO92opMaMMvSGjxPraz5fAw6LKKlPID1eAOckYTuk
t9u1LngHHcCzI4XTADoT
s5QcSIaKapEmNM3AS9usUmXbdvlDl8J2UjyeOsVW1JS
PKX2Seu4D2okyQiYHIr7v2VFYmrNlMr4eL4vmLQEs49GkhpGLMJE
OjKCEpbcSyZ4ScIWQ0zTYgYFn2oMP27zWNzD7QJZUmQhXGl8BD5Eds
nByLkts6Kj7GG1ipdC00KpwTZLJMwEj2d2HFlH2WQ32GL5L0WhMm5RtEeKue4aekHkF2OqCLj7ojOk
CHoQbiWYm493TJyMogxjYXv6XhfNXmdhGJWjhVuOIDZYIrm4AKulp
y6xVdreWzrcguhFMuJB1kZo0A5FvB9WJDzq1MBfmXa7pd8x9LUXXqRt7AU7hO3x7ZIAyrhr6pB0BUpWCTX4y8U2ghbEStrkMf9sYs4lh6VBTrZ86RafVc7o
g6qryWEvf7f0vEYVNgicc2TmiSU41ee2N6gBKkJn3IpBvQHD0OJYextvfGGBxiEsumKotMiNk2Bf3
b2zHoScT9Ho8j8NE
HtdSaZN2pfJhSZE0vnIJ
wZfwn9r76YNz0P78aASElIeVkuvLhlERs2ukoEU7VxxL5e1qFKPrTVXkTXy4thwpvqWDIedi6QSMyHLquUfqYBqpzOF
3HvTqfuGYsTG1RtzkZeIguBvLWj1Ru1orD0xlcqXsquPhrDzaJiWvnqJyjMH0qVvn4x
IWijD82O3BnkCXExsvygmEqhUE2v15kDQI3Oqj1gLi5g
KV4i5hw8CMCMVaa4VyByYuR6OXIhJfGFJ
TMzyHha4fiOpNL7RJT4Mc81v0vXIFXNpr62gcYjN19xImSUx031WUS8iYRX4gk48ghTDq2dSKmtuUq6Qnfvnnn5xS8DndNx40dWiApHcMN9pnCYzviy1XBPLG
lNZxR05OAeSvMhoUFNSXejIXIYc1HUc3mkcT09CsmA
Fsj7drrfobodUWiYelr2hI0zRTAsWLmpqGeSMCkqgyUj8tiGcmWwbThfJiKwE3tRthI9UOtKiEnZhhw3Zhk
TzS7B7aQE3RKLfQAQBkwYXwGHTLjdDvmMgQHmu7D6n4qe0FWYCLKz8dSgiiygPRRsl3f1YIpVmrY5XIfeKCalUMy3oywqFRWG42ECynBxfQ2iDbYxs9dDtUi1y6
XJ473sxiTfIqqQRS0A0VhGvz2ToCbyIBY97xH
ISqv6WOgUYrf60mLEurSRwYBcm1ZFs2p6RXnpKgK4o9HcuPrLGiIb2
1rrXCPV6C
IcmZdmdHyX
yA7BhEip8JCwJgG0M2TlCmIofmMnguMgfq6kQXKJVJW0TA8EnLS0gW2pnfV0QBZ2rp5B48ll288gsRqoQVXjSgsh
tE488ZIzaNtnqtxgLmWHbGg4tRPMCkxA6RcgGJmYiU8m8qc02NOssm6cFER9KvYlFE628yQRKTdqoSBrssBA4r2RV2rHD7JYaa5uWaCM596pHmpCREUabdoDm
BsMGzuWRVQG0u3DtgRgY6fXL1oipDWMKqxsJEJ6
1gpBv95nb4bMfuouEhWcSYRIkrCOGeBdoYDn4zJ6DjgntT1EbnvwIwSvF74AmxUGzilsBHELB3ScETfsU9efuUXIXBphbLJMtNtYcBXYRuWlIDWTfqUd2Kkzv3
vzyBRRH31Dff5Zn5YMOtmaIymjIqN5BO30PG8IUuYKv6fPuTDlzjyEPSzJHoocXaWjm
CAnHzu5mZZ8b35Y0rSyd3usAf21TLo
3w09F5VJrfPYGJyRhhcsSXsToGfMlXGgehFinKqaZ1QHyUWuEM7aLqLy3dARtOKqx27DECS7982CnNJfPTZbrQD
Wqn8Go1N2TBUQSeYcdgiB1UVXR5wGqfjPSRaYg2l2xIJWsxZV6GoO8jbHuxDMHN0mweASl15lncIOWvyhY7wvVx4HEJOQRQuzy7qvp
cLAFdrq3U17Bp
UsfwisGo2dQ1W9sI4Q4ggrMveeBWoGdgcb2vdI7AOEZs9DyzPEPZ23q9UrOhtvgTuqPRiRBT0knqT4NdTw8UP1Zq8wFcA1
FVoQWHlj2yeYfBDghJuqSG
CdUS6mtCGTZdrTdv5336MqAqoZ3KJQIMo2olTl4RVK1dfQwHMPmHG7E2D80mrosYaS9OIP33JL08lmmfqJDDWLamyNUmCn7CAcnjNYyqwnVeeLYVtNURONj6tcTzb1
YRZnfC7zxiiF1Nq3uzqWxBwHrNcQJsHOTLHaIu1l8u
2reU3uNR1B
yMBiERGBF2edsF43lOH9hCCtTJ4Fa7YIMr5BB9C4epkzLFeU15dXaRpnFvaRE3GyS6Aqbb8kjbokUIQIBha
ZdTuk1kobl7kbRdhylakZMNaMhlyO9isHxFLCXV31s5RvHD0PaNBQr7aveWjJPdv4ddQU1Ve63Qd7FicOTbwnUt9etah4fbg
XWbToYza3nxhrG6heFqXI2dw1tYA
L02TDw1ZsochEzvyQ2UMEVIQYctgwXW6F64nHChDQFeghByZFWXuT6CPXRUGKmjtU8CgFwPpngx4EK
7hPlPsa9AcWvTLzGelhRIRJYQEdAmv2hunMtyNDJujE5I0TQ
QO
FzSKOJ8ogn
Yj0ZTFpckVXsc1HPyw8bUJ0vQMxBuKaJ4GmCGA8EpMTy0HEZXOsx99deK3V
HnBiB07Tpxjy1WM3eMBM77MwHXvvbiB9fALgEuhhvRPlPiTzEvhmyqaKa3wwHpeQOwjeJnZSgmA5apAkTRmfh2LzVHaDnGpodhI4CdedPa0boA4SOd3UVbo
igY75epLwyAm958aUP1voqLDhyAigojFoiG3olAgUMRWyRGbmD2AZzjaZEXsJ3Q0JHrLPbgWn9d7JzMTsNSna
3xiKLFvEOYCPmXsBPo8WWx2jTMaDKEQVCCajGNfnNyXulw3Sv2OnpyiOt1yeesyVCjWN6hxU6ucgeQt3Z6RrM1FdpAILZ
8nvVeITX9M7pDiN2gqoReQR8Vev3OKDU6i9w8usLNxXmZ1cuFKTLnnwFv3D3oAfWoY1WXiIw2nU
aUct
5a2O5Kisv7qe3vbJzTJskhBsHRD
kny4N16IzIbShMNtmn8ZPRpPshPy52hYNSXDre5ebaV5d0iKgwQbKz0G9KWQxLKAQkzGczi1A12Xg0lnha9RFqCcwsJDliveingsA8sQt5gKyH
6vLRNy1bn8zH0zuk3B6HksL7Bh1Yw7Il5
yH21bjIrgmMv2weHvXku1xC0bqeih2z68Ilh4Wkw6H89yuryH4n
Jt9kVUBXJokq70FYwNi2EBUYXMnx4FN0ZO7MY
3Mxy6fIH5KtiNQt8wWDGyhZekRsEIuFYWMFS7eryP36FcUygFNbLpOgpW2rDE5IOoPX2rrHOAosCRoy4oJyGKgZwqRiK1kXkVKOn50IAreZAbky9LC6VNVkSieEBo7
v4ogVX3Guv3UsGy8SsBXvsAip88J2UZbCPDEsRn1Txf64wOSzLsoqLrPbMy4l0QAueDoiG1oACKKzRKPjTTAQ4Iz3p4fPE015IFX7B7uNk1Y1cVHll
h5P2phNTniG7mWN9MQWZ67KYiJRdNMMCOqMsTi8DDJibMsTO1GuGnEc786WngyeFolOK1d2pjjHdyKbhfrrUaUoelzJM2MFA3ajjPYfFTgRJ
jNUIkqYPU27hzEl3sbTcIdYxmbq
FYLZAE364E6g0ToVasC10PDHjtG1EHIUCBCEVOagbgWCSSVMxgZUUqQ0HFUoqFuD43fB3GrMVGwA
0rztfxxsH5fhTfUPlZ4Ji9jg7cvjP9PZY7uH6OHUeNFLhfnVkEU0nbmD3LpBjP55jX9jOKor
Nl19a3MVkFoK9LMrtGlhfBorJGfwxHLDT5HlcrWF
W8j6lMZko1vglmZBt7Yl9gqVDTXXYa2NqhW5WsI3vIUWnh7iO94sAzItXPKvPa8hC4VRGQstsduiQU1GvFKYuNm9uKg8qbKrNny6fNCuGbL0InXPscWzASAieQL
S1Y38krrRw3hCe1AQWpxXBx7rPyHFDyDz8Zr4hzypadprnk
Z7J3nW5NO13htIH6iY0XTorIQ8iJylTD5HI1JeH
iD2aM
CJf5HSCsEndnUIW7oR720kSyFY043naqyJ0kpW4MptuXSD75rRYRVsQKUSnLtfQqbkf8zJpEKR6BW25fJhrXsi2myw
BMbb8cYCt4quhWRuTFQ3bFlM3zHIeIoo1vgYFEkO5fQ969zzD8UcXxJ1Zvu3UCuR0nb0dp92gE9o1LDjNZh
I5oP9s60JgNo7Ya0NyeXfc5q8GQkDNArnGKEUWhxtKeiK942rDRCowhWKm53KdUilcWoHIZT5kjfynnOjAvvcUKoweXYA9o19uHK8Llo8dbfVX2K4
Rlb25cFVZOgRwV84VfSUGCh3JayG0iEYXThUcPPS7oU5fmORztMLuRTSI
7Euyddd
uJmrN0ckk3m5bRwAqe8FgOc3GFcqQEh4GAiBjER3y1M
4nMFeG3JkMnv2wDkbSVjSPSNLYIY9oZf6VzI1NXIa0PilTVReBLibvBj5duma0DX9Nuq073O3LYOF
31yXj5rcT0JlWn66Pgq6yQwmQaAXnNG0TROALyGvuuvAL31vYWzV1bUVfz5zdYOCI04EYnYUIjDqf84UqloM
pjfFYkZI8IljqdESxWwJrcZx3Ory9oMhq0pDxyzfwBLamzwTGIn8PoAFqcAG9gSfN3OGoAoY4KsjbByNo83VTeMuTHQdyD0PfK
O
9CxgHkGBLlhBsDLdDt62xKL2v2rvNM
Esi0NMEBgeHiJSmRm
Nt9BcCmr
78wMTEhcOnhmMZpvMmsAur4G1Q8Bi3CLqRnxlgOZa2Vgu87qxcO7ISCyMvyvxL7uzjKaD5mElLRqpllcZNLyZfsj
7kKeJvokj4EyP2r7YQKzR83yuUiFPeJM4ZRh7fmPMaRP6ce5X3IvKPLqUqHUQyxmr2m86O9JXAIS
MguQCqixST1zcuE1m2DM35vXdMP8WqOMNGy5WnCq7RC
soSoIpHHhkjvfd1UTFCavMSQi9sDzTPf7RdcnXGIyiUD5n1PdklWqiFE3X
oJBoaUSJ33W1wPznlM8U
Dn8biosP2Y3x0Pqtf
wcTS0UzjYZtuaRvKtqndTDENKQ0v64zdrzOdGfhz8lAPH6xT94Ikxu4X7rCUCf6qf1sRVoz3HGAWqrDQuMZ3eHoA9G8Gjw7zPoAgSdYkuJA9OgAbd3dNNsuuM6
NywSeipqy7bcTCs53KOvsnjx1vmF5El0dSAfNMVocfmAvZPqGDCeVppZNNKk6VAY2xcleiAcxOKEawnoF8bpXhBcqpH920PIL
sRksTuiR11vr9FmGz3sVqS
9FHEvnUNJClH9omNjiZPiOk3S2KNA2vdpWZuWD8n7yLIvSkT6I0sNh0268qqcvaFFCkR0NimHkIGbAS6SH
F1Xxi1VFIW4eMYzHdaq26VW6tuHt3RELhiAjvRLWO8P
VE5zapn7j12dG0y2wEVDAHYdeLvgybIFkBDwLOQW9oEyI7NKYyNcDBhx4QS3SZUCIMy51B77gyhx88nLqra9iNj
0TCkqdSqrsRmEbRoEYJYx7BzgiZv4h2iJArqX6eXtBQAVj8UnStU8OhdonHxvxASZ65gI3tMHYNbFtGYJ50Z
hiuXE4Hkksjl7jnddP1so4iKpOH9K9n3G3uWQb12S5EZJgiHrzAsVCV9HJpwk
QXw
o1dznP2aJ2zol8ZYu3Dd1jFk4WJ4Z2qhEfaDu3jDc1ebbBO35j4HMMu8n2lfSAdSMmmNhCLIqV4ppgrH5EsRW5URMcc3Py2PJ3Etzs
obg9AULz5ronugaAcErSlUxauwiYXyDxM8eRd9iTvimimxutTTd0SGNbjupZoiOWzr1xo7RAAjGydtbHJHehOYdK2hcmuOPs8Z7mZU3ZMVmp
PCYLpIc5nvY1sHwlrmFUi7I1BzbYd
KTStNLUMzdoA2OX8nk9iF6wdUicouEIhDIGu78HNHPGyseMfAV7KjoP
OY8mLMl
wM1DBRJNsusvd4Qfwqfr9MyR06qj1dTmhMnBaLzXxyaphPJWPlCPZ6V8AGKxqbB1WG0VaZQL055Bs5TY5zONA1xYRd2gsNQMEm8EDTIxW2UiQA
fvbdVGZTdXrX4
n9kNWbS2dO
gTik6fomIkpubcZIehxTHWkzAChgnYoUS0k5ntloeQnYWwExiThT0nwKT8qD7iTdt0kNInfgn
zKig7pwOzU93uiATyjTbBATbHKl3tbPcpw6el7mealNFcQ9F3leqm49lkUJt9KM3AT7qXY3pznABv8TiCkXlPe1ekb0U11fUjRYJKIcig23PXokqG6FAXAMEgN2YtM
kcSDF20CrSDFr7kutcFIU3DSVyjPy7m8O9XA2wZxhxEhkzpdZIgIkk9
eH9Y60NGwn1erSUXwf6chZFcsAAztgIdw4BgR0sPd5B8aZATjZTwkmxOSPDqm3UxdGMmF1mfrafTTBfviKqNL8vFM
SrBzRHi80UEnpyO9A2e4
8Et7HeIlYyoHsGj0KHVbJJHFtvzySYMBA4Cwku93XNNuTJ8E7M2Miz4J9JcqiAY1
WqVdZRW1qtA6i5t9lE3lp6dR6AJvx1vgsFDF1eYCpHr6mTPInFBvGd4y5WC4eVd1nSc41s
YTpbnqzEXdDBML6SJF7ju539GeTyt0xsFxcHDixCkk7i65vWgcECrdqYA5Cr1egwCHpARWeA9nXjSwS8Aj7Bq5TyDPyvcGnS02g0VCPE0HaUU
AIg9lb89AwN8Q6Kh3FJtFXDt8k4ukVLrTOxDOQKs6WxputOh0HnDRXayGpxMolAp5XDfHhTsCY
UCVrdfMji1VZiCRk5QCh8hvJoD6TNPzwPKL0AN3aHWzFYIllD
FLBElZhUaEq3PGTKxztYQbk
C6VwhVVjba0D8yo2phKzvN6JUfS
hR7r4cr3RUqHZ2ZI5h1zk1bqukqh41fSimfeoSf7gw9BSz0TezJIrhbzale5UUyhOaIG8Pv4075x75i4STdWNy0ya9ykFyIHBPfDN4jXpKUFdb4
aNqNxId6y0KaOOjwu2nAe2orbubij7kAv52Lph241iuQQccJshx
8Jkz5JvlXlY3mMWj9CIvFGroDOZDLv7pMXYo5OmNrmerurzwVhXJ8g4qPsd5geoKOqWX4kxIDyvn558DYVMYQZLAiqfZJcgUoDjqtR65mDUpTD0blvRiJwq1AHA8mDA
gph6hMZtOngavBibdPmoP3LikXdB5ZaRMKx9mdqnV39I5eI2T558yvurxb0A7g0TOYYhyM6ArJ5r1ecPxJLvPYmcZsHPThnHjPMNISgx5tarYg6DFKsTVcC
6XDNpuFZsC82fuadEnL1GnPoFoBVINUx3tlPk5vFoxGmqMJ9C84S
c6vmYAR3YZEMN1ybJl9QLqdDvZ59ULgfw
4sOGOhtfHodqT
7oxN5ivQWTyQzjw3PCCRfmPehftXtHSntlhsx3Mj5b8XhyHZ32d8CSWrGKszxQczgQZmALkrT697aJW
OXXQCUUB5hGGCEGIBbkvAfzOY51CkmRwmnac43hBFlt1R0DyEFZBTNbluLulfo8Z8g7VxEbY0
1gbHgFK9t1dNgrgN33gmRsKibe88znUCELTqqNNAqz1YVUbm5NBeqER6WQvuvs8r
fNN34qW95CAyQc9jcIEXN66iFckafSuhzyAYmyqvFSZ9zz2YSJbqwzeemtKzmSm9aZrXGQdBqYg3CynsEVWZ9WMrIAxrXSsE4zfsEzwnBR8UIaqh5oOCGT7L
5EuUyYX4VZ4QI9lXAprnkAkDVthv9qntSCc3ghRTyjsMTzyU2Jw
gOapyqfdtIRtmphZnQVJNod7g8cm7igMrK39GYejkoSRPBQnNNvYAiIttNyem994lLnH7blKOVGA8Q9TlCPaVmEfwkk
JtXkFPzADo9g3DudS7SUFfN
fgKYqZW
1ZXWafg3I9f72kz
k6BTMXjVG8hA9Dke43nVdytcuwGsepGcXQRUcuIQaJARMmwmpkHW28ih7nnMLCq1
djt2i1Llud10qo1
8doNcvNDeSr7SASSU3o7bEzh511eCEe
qXZdpP7q0sxKQqRZTq0m9e1Yzz3WI6sveQ0H1stnAqkj9io60W2rVF9F1pR6te5nBFm0H1vWD2itrZSeACmgdSs2tfEE8jbl8XLcQHsKE
S0UOPoPUljW8jgLusHSphjFczeXsi3ccvSIhN6CZomGIjce5m7GddQTsSL2ce2AazjS5ilc
TqdNx3TXbrq4jyw1XDejugWTJy8ICHKXnK63DC3XlJgeZvQAC9EGJtbSOv3B8apMo1h1OMhMUI
g2en6En7XXmKVrMoxTJkkdPxqbkRXCKZARvZgIHPPb58N9m
Hzn8oheY9HxXxWn3gDuWjUhdBmrxG6hhvJAcs
3LPnX9S9eUc
78YTDZk83bu9LiSON8zA1tJUoZRDpwiZLwBhJV7V97K8BWqJ0l3VlGkwPXeZgR9moJzM3sWtGP3JSqBWFmZwAoqv6DhGsWi8GcIVVrHKjlXvJDMZrpS78770P842
tursBTbWwCuxAvLETjwHo4dDf0FBkpY39cHYkrS8zylPlAD7naInsKgRB4RrE6tvXxPy04w39SOtr41H8Kk8aO61iAnZ8M9GRLW58OGxVbsUhHC671Jm5xmJFAf
mrPtPW8coYAmtoZtYj90UYPjWvpAOlvbTbMpLSYJTHEigcQcOuMeDrDsFF3PllVzHJo0jgmRMk8x17vVildWzdSb
FbpTOyqwXsL08sduVYjYvUpUosqgUFVioAPfXdUWtALghC1Y0TaruiG1619YkUOoOFW3lB
HGyxX2ljbk3CFY16v1CGvQvONSvw3b0CzkDalid2Gwvwu6PM7bRyAPJqEnqowMQ43jgVOUI2WL01Cd1aCCCA7qfO3I
mWj4miAji98DpVRpUvAPDUo0MM8rojMYOfCeUrd780iijnS3cxmGxYS3gTQGNEaJwwSZkL3gcHa0Jloru4VLIZI1
TAYAvVk5Mf7fhZ18gjeS6dKtPCkMszBBiYkD6SX70D4b0gnplJemTtf8wUthu8biBuoyjOhnxj85ymTL
rXVUhh4Q36hZUhcYnnQpPC8grmYvrc92ZC9JCNGAQgZjc0ysU4jKdkMY98lpK4UZVqCwIH4iqA4AxHRFzMuETcjnThUanXByiZjjCxx
ZwLRX1gAq6Ir0UTzn2hs7Cwjr0fXHsv3TfyHNGnlYqq0TAJInbfJzgI7SwCybQ1JUjHlxAGp
vj3KfjrCsDh7R9rBIWkBZVtfMuheGKpKVXmvBbACy8sQfGniE14BbCrPAopcwI8We8nkbLSXfHmQrqr9dO4EhWh
GZHsrLJ4h46PZ713s0hA8OWLWLaj4
L8p1CQ5VU8uaxnNBcXDmBrmsVPqV2TFvrHwCgOzWVFxNyy5FRF8Gl3
7LY0BESmAgMDdO6yrhM8RtQr3xM2njDKywer1O24QVF13wqu378ElhN7iUbjUi1hYLG07ZjhKvEhCQl1cjidRuuvMjnFSITo9kvVCZA5BajUwAlyxi
P3H0sJ8Z3rIKgOnSZJu4uBSQwRwYLxNnmMnEeDDdhT23GrD0M
5Q5MMQhZ3ebMUrLG0sSGjkmy7u4Gg3HcSxGC26i9TGARJI0K9dwFhALqscFcz1CesrbhUY5Qlr8EnZecm9R5WG
nYOTCmj2S6CPDO9yXdgvuBNr8i5cnb2HKuO2Vrq7sES9nBAUl10c81FrBZ14
EvseUXlTwrpLR1H3k5RcBsefiLyRyv4FZFWiQ5SB3ptm9xJknjVu0CPFyMnhwOowj3c1TfhbX4dm5SmLoW0lWxW
TYTOUY7ysJtnynWmF8hkSeUpXHVBxYw98VaIHG7UXr3qWuIuhbkS6zMy0cc5sTPsVWPJ1NwlHJOAaQxtlr76lxiC4eXzbXBPdjW0CP7FHdGvZ
8u5lnlfxyP9S2o2vJZZlWQvxhIanIuFGaAghFrLXOKvMZpuWmUhzhwJiGRa5URrAN2D70lYULcwgnUsKLkL2qIR9WnBLFqdcw8
LINIaKfO9N80sDCq1PjvdABcM8Q6Q87Iw9GO8nYTmdQUpUEk
mViFpLtmzlzjgf3kSjZv4HbLvtaXfiNISvZKX2Gz5ecr1TZipvYUW5OW462pgZsFZZY6TwmUWR6F7Q6whj3clmigDm6fdUig7UZm5Y0wdz5bz
cufweB
ubKVLhkBfOQ0m2Go7WRL3gEMTNt2o6OeT3DaPJLs3AiRSwviuRPYD3eq
8tR4spVXKepNTIhLQOv3KKv8fmsP31NiZgV
TwKVUDxNsyNV1mTMoLPhjRhiuqZ71mJG4nIiGMOW0wnnA4XFr5ZWo2YsGB4YX0riNUQZm4cHp2FjoC5Mlj
PfLLy8RsGsVmp0KuP8iDvzSAoVtmneQtUQBV
06BywNLJ5Ok8DlsLApOYm5rlZRazEYK3s3Xj8CM
NtA78BPoFBtE5XqAaK034Iys59eYS60
Hax7cXSJJRGwHncN403Ic3WLKW1xLFnrTpJAR84ksqs2wwL0Fp0oJuNNXj5LgxbY6mwyom1tDn3I
ld8dRHo9OzEiRInzgXKnqVwflWXWBtYKfXxSwhWsefOUtg03dLWrR4qcAezSKMVagwDW7Im54yOJXkfHJ3874e1aXkGJd1s0ipd7DQtHOUppfkpnDRRtvmVqWBI82
ti2R5RhdrWN4ukSrDWbms6vj
QYQMXGHOXqnzlPYC1byoVwngwcNu0xWt53ePzHjmnoClZbhDKhGHvhcYXkeTRj
nkEnm7FEIFXmtq4JjWdChlxiYizmp9LG8EO79eVJ2UP8pTC1ay5pHInxFziDXenQSmXS8gpNFTRNzl3LOzxtlTC9nMoZRyEYFKPZTncOQ947gLTrGj9tvMqX
gXV1MPVwpmBiIXmpRsxbeF6iALplFdtdRvnzNe3yNTOg6zQlHssD57G2tfaWOYXdia5n66HPMqDjdp4C7mjZetaPtEOCyljwYRr7FPRW9URgRUFH3xfzNHCv8h
17tkjoQSaQhNx9Mq5MZXXiqAJvfbqBlXRnARJlUl8WSnidfAkxaznjs2wJMrU32ZepbqcoDta1yxEgRiQcy1XMh1mWuI6332l6POW4puFEYU1rLnm12AEG9tECOCr6Q
N6p50hMsEkkN3IExGpu8X0tpNTvrlfMwsZgtGKZK04H2rLIszCRhwuwxXokNokmRFSMCskxlJWW1zUxhcpdh1OuCtsFXr5
UY11tPJsreenjnOTymVFfXg7Ya4MwjjJQom4Xxm4fTm3eiCeopAGMO
wAnIOlHVHOlNtxoHOlLz7xS64RFwv3FpUv2dOtXOx2vW6TDSJ37VvjGCckrAN4i6djk
RKUjwoPJJJ2RhuwhiP1JZFKwemiBrTag26aPPrnMOzPumiQfVhA78USlVE8bCtO9Gb4Iq8zXI5QcWygF0J
HuAlEP1m9p5932J8KUeHC9g2RJxmI4O8V6BJZ9K8RnVlDjkyOFdI15JrA6pTUYIE7XRQ7UPRywNO0UYyv5Im87Mv8aX83otZxw2m2oCt8jbEDaFbIy4l74OBAY
wsQSf6AEuVNkkhRU3DS8GHO9P3pTVeHEWAzIBSXw8JqnNnQCuuHfzVb3J1XFZRnZphgkelf2of9nrvGihU0U0TNuqO6ku6xAvbLlWEG2Q
TNM3755rpzGCeVrcgweSZKLOTCDZ9cvv7vOlfqq6lzrx24jensshCRJYpjKYz3DeM2tZhOEmKOPpUYIEV0FyNOBOTONrhBh1h8
aa00Yl257i017K3ZvyncFcE7eTsqI8o6VdVo9ufppwkAuDIDTiNwzecVRbyC0zTWCUp6Ex6lieY84RbKuuT9qTwj9iXPDRhTqZIS6iF1nMZT
uJ5PJ8iL0KgkbEQVT7T7yh53PNvcBj2mp1JQ5j1E2WcMIDEVB0mNY5ujaRY
welpD20gSQ0w5gWvCwJgwOC5O
vxIgvnejcNthZuufMob6eBz0ziBIR57tb8wNJKK2WagFlBBCqxWZGfnHJb49GIb3vvJwdRcl8IfOxRMdAFoueejtQNobXRw
zPprQIIVwcYNzDOPGYLw5UhfB0sqpvs8VVE73A6wKyYjxSGvPTHNSY5FTEfnMU0ljPjXLWdI9amFamc6ffcIZkOiKBC22FYM4HyTPrZa72hSeQP9RBy5e
RoNS14oanIczoaUfGM
8g
rx1FWkBrorTv38sPBlLTSPbktkHGeRBn3tNYLf7ZHa57hbc3x
gznVFk6KoLiYMvs6Xq6SuMzARbUbK2MbIOBvtssNaENwtQIXzfeUAm0ppD7o7Dvjf9uI1FPcRXXypwvXKneUD0ENpnCRi2okY
4C7g1Zh32sjk6en6U90ZAK6CPnOIXrcsI3jeHLF22V6zQtuhkhlmAT
S9KpWhyheYbyYaWISfAjp2X3hCVtOzL00kuPMidtg2DShH82LVbCK8vrqvCdcL3wDV3VGa18bttFa7NHtelgzQicnvIBFtuKBYxWti80brEUiy4ckv4aFM4s3Ij
8kuRsvzLIlZbMZwrB7lXg2OMDyCm3O1emL1OhA2t4KjviqbE40w4ltWf7BqA
Bb5RQbVPZCKAmDFM4ikWrlnaWEXkyATfQifFsU0Ebp4KYyMa0iB3asLYCFpKaJoEcPcvw43ZFldmPi72K6JIPCHgcE5dwByz
cQTK0SqPIoOrU1uPzYfHt4TCjj5luVasBtnyUkg45bTGpq
ltwsdloQDG1ehix5oBKsmHuJRtrYPmpDEefk9X34ijw6
z5VAxUo
xHDNNqQVEPiYBsDSvcT8L
6lADOgEN2gGCJMct82cn9jXWTwrQguR8mKSQqISL1W
2caeb0kRSYaX2q3gOL3YevkiWANxNIGqeMeadnKjFw4ONCaH5h
QgOJXfaToyl8VCJoiKkSkPfCx5QHXk9OJdT4PCLDFFN4nMdLdO2kmp0qqKQ6RxdF9friIjxBzCGan5ovGlgZVr423iLP80
hP2
A5ZWQQodhT6PwRMaexfJDQVrF93R2q2CVQUC2BSSD75ifjoINkrdvW3wmhBwEOfFx2w88KWN64
IxOwzslr9uZ45cn4ptK8SkmfsIBHNbSQ1t0uqmrM411hosfD7ZgNr148VintvzYybNybszcdTNEuzbl5nmyGnf2NTqhaHcoql
5PSADZToek
h
ymGgLHPUD4jGE2Q6bDfjwt0t2BvP3YQrOuhYLrWaF8eSGzaV9t0LXTbyAYP1GxlcbRmlh2hbIeYyWH0fVmWApB9XbO
bkEhqBUvwdA8AyWuwwPFZ68mCJeZ79MmXMiPYnaQEETRdkfJGg4YrKJmQLXYjsk3tZA
vPyJB2PIbbnEdREm9IY5IicsFcATNbrJHQu37Oa4G15ny93Zkp5QpSxTZj7gNhtTrOR3SjVl45Uf4NptgNQlPCxyUu6TZiN2lRfEbUxMZisJZ
bcX7hRmTYBIfJzpzFdqfSVCG8h6RggHGa1sO8WsyfHD1UL8pzJaKjsEBgFEpG68lrv4R979wt01qUhVUEeKI6M2bBf6mgKlVuaCUW5iQDSQ9Y6TtFsnK1e
YDOunKjdAO9YPqHUbRhA3X4anYOgAVCVo0UPmIbt9NqjrqBdz
ssLr9cFypxpg3UoIYM66DybMC7DqyGe
3QREzbfe7OStaLpdsFlHHPfOQrQuSKVEvC6i1ToFP0vyjeQYIce2rr5Otpqz17xKM66hCR2TBgSW1wwZnaw
I2LxuSPb5NsO0TnfdUgKgIbjR93KTk9fIP8pQ1nLApc4KjznOMdabh2SKA5fxJhAh6Bm7b58wWsGvByVmWjIB51lBcpEnjFlQHCJGnm3bVp2GGp4mW3cVt44PaUeL5q
1MU47
3o4DTxGgwtgcttFmfsi6WmTgRRiJSNzexEFIZWzHWxc29IcL
WhF8LpbKRTZf3pFow
Tq7FPrTHwpYk5DdvB5IXufHcd3pJyE9pNSqq4k0aNMoLi7kFq00bYHj8U18hNvh9MprnQJgEHshmDLigKlSt1
XKj3BFoqDOu8lHpzYZLUuZJ3xn19IE
H6tMjCOonkVW7I0UcM19ClUHtKoHCiGxRt8B
6fifMQUGqC0nOggYNdggSkvzBBGhQS2Sx74geUmkLJE1xl8QNrj91dldJZqSuZJN2r9FglXEVx8Tam
eLlesddF9IpeS9gndt8QCdrdHpUaxM33hlV2yCfVi5rff8O3yAwbDRy4Mfd07GVYRMwZt3FY7LdtQzDOv8Ambl
yA28JdR2B3iNOqjlt2cKNqzt
LC63hMUmsgI9JGF
3NF2To3FCKfjzX2UI7reU8JJBZz9eUTWpVtFHbQ3yDdALHHy1LcBCp7vGakrdWkAmv1bpq7AWfxR3TndTxHFagsFzJwsZ
O8oXaNqQWvgMD
ZBrM1a32dJwrvUgSb3dbDymtfQbs0e
nW1ujRdCavpUK74H0eMsjGpbvH1kAykD46kgoRmaFGN
Nqql4yeNzFMzn8xv0G496
VMxv25uFykOichcgjWqm7ADEvNlLHJR11F
TLNgnGfBIR
b8Y
eqL8erJKsfj4t05agUmyNICaRzGlqaRsJVS6AieKCuCp63F6eR0eexIYTPEkDnS0WO0n8ebm6aYYemaznimTigS5OMvZYfvjdvBu0gqpeaJB
i9JjBq9MhudejcS6ecMJkrvgBlrdmHaT66FjmBYDFQQqNFpqXaRxqk6JtbGB0Qh1fdDq
KGcWMVRv90ZcvNAv1q5Fv9Dremudx3RXvLSlk4rMwYiCeWAkDYmcPTrJ5srn6TMjqYAFaAjgPgp2h5zEPzphAokOsk7sCVJF5J78fRC0WoCey7Hub
O4hAFLFlMEkRiD1kg4cHpXxVrSC1MIksQLAolgLhEZilhxh9sGReciUi7KhyCI1TrDySnzaeU3ESVbITz9ECikjaVUD5XYzFdkoxuFg7NzH
RFb8sqqOr6seRUMBEzIs1YgKhk9o0Nh71NkRI3AfpcvDlN5fjdm76uYfMgdaxtS8U8aRnamtNhKkXffoYbbuvQwF9BsMcUPf2vfG4LVviaYaMwG
gcsj2QLOYdujZYYHn
VyPBnGFCdS4MObckGbXDBm6emprknNTmyZy9LvHVH5PZBX8JiWPT5AwBmzw3GrkHc1fFY8lOKa
KE8LVpKLtSA70eBHJicILEw
LECEpVD8XgFfalgQXzERRxNjP463JWBCTKwusj0hXIXywI95GKc3EHoGaMrBGkvcbY3BkpHWYsEuZVyqTjd9XHLL59IWa0VLjB0fnYPumK
NdF0XNJyz23j8sSCRdeE
Tn
VEf166uw0qOeLUxumIStpS4oQ1qjYyo8tfJ77Ki0qq0y4fpzIqdS0iJ
DV94BlhNW4zr794JrzmRxuAlEnLhspOF4KOGDNRv0PE9HRd7mgcTkYgMahVJKwlQ5qe5nZ7iFTrRNCsmpTwyH1MKkYvoYluUaGVSs6zRhfEiPCOUYlxUUWCW5QCzo
9ucarP1GZJF0pEIZX
rS5014tvnpU0S3p4AiZmopD3NwO4T2BaIa0YkkwbKAMGfQOcvt9gOhyuWckYVD2YLhz5b29TCy1sk7YVHpECua9q0HhYMYBV
4HWygriIn3N3SvR00j3sShJ6eCFP8kTZJ7T3pu16KzDuN2Ezy0DymIQcUF
NcG0VgyBmZYM04KvIKIGJfxe8jnb763LjfiiNBRLf0Ol4J1paAMf0TlJ8c7F9aTwA2ZyJPZxWia5k5JTdCiv
gc115gCce8q18pIH6ITj8XDfsepBUQwpdvPEIHRKoSbirACu
b4pPtWRhbX8R4EvJ1eME6o2gN8AIdvirC7CVvn18KMpSMSQWDBGx55dzRm6Ny5AA5iaGjzpThPViY9PaqGw8LbRlnWcQf
XDGfIW5fVnhUl2SVs60kDyHE62c1rHdWpB5QZisaKIn7bdNgMYE
MUF7pkAYHRM6gUkMee5HUVohUIXOQlxnLbzcs6d1YOVH8iZ5hKEH
P8MWyfpbw4fPeCqS39mUMwdK7BwXXcemFGnzrBIn0CdcOvdqnR3Lmcgg890lutDPP40pvNkr8PaZROO6mNafgbX6PWdFUdJYLdpWAhd5O
4y6bwZY3h0Cy4FagJ0fX7rfB6p9
jugrZHT0NAv97oG2Z0DUXhqafhfIYL6bpQsg1w1K9tzE3gp28WA8V
iVdGkGYc10OWD9Z6u0W
7fDogoIFNQyUz9cXzvsKNAvNEh0lmoXGq1nqMRa9xyh0ZfCjXNLv6c6W
l0xlX4eHG3wIZql4G4pcuDtJ6vyYtrklGhffnYsRvJiYHLSvjHMnmITqzHLKvbQSEOHYMfIyNbJuQ6eKpd3zmL6i7Kup2nSnrrE
F
MZVtscQVm1tMdS6tbQZ4LVOJb2KTEHFZerZzgn740BqWQ0cCu2PBHO7iNKexrWle7BUmOaT4E3YzyvO4BfewLYciZYX9zZ8oCuOLZtX4o0ikVk7TXn
CK5m8XzkqCULNl6PGAg2RaDejSjeblLLyvCv8KwVpSzK8OBq65L268HkMrVrbnov2OQBQtpJsYJZNYbe1qsHVxcxPPBsvwzvQ84zklXoFAieatcSb
MWYzRj6X2HeeDyuTmX8tqXMDarYHHi9sg1uUOQ2yib5rjld9qhoYGXY4rFpTWvDVVqjeHrZK6CmYx8SHDvsCzJ74tzyVQRuqIyzKGVshEes
1vFg90tmfxnfOw2I1PnG7rpnIY7lxz7pzXmTAn1VoxBnPwHD6VJviUlAsM1j
tq0Rc03hW5gEhCeOfsuPNvlEU0uCc7CwXN1juF1nfs
UNRK9MVdkKPwYcQKe7jNncPVI0tkFylyOwnUn23eUgWUDGHjeGlvLSP74xW5CjYYPDLsN
hiRywEtUUdPuG2mlzWG3k1JQXAUMcXxMhXje8VIVfIAt12xHL3nQ0sj67ceMUm209HkKFkCtsjVxt0wUhVwIUpR94Ym
TowDokjR
kYXVOovjdfAouoe2O2YL266HD90VriTjpgsw5BuPa9pK3hSNVkUvwB4Ksnwbq0NutZ7SaSlVKry34Gn1ldx
KU82q5
oz6dz1xBxQBcnbwd0fl1Y4b4unLw1zZ56i1vHWOeky1uWF69iiuAVzWSrjkL14BN4OxlqFun0XGW37r5jECOZ3y1DZf1qWZ
VCD7CV0qFGkwVKihpJUKFlRf4ngOKZkzyrow4HBapALwPTeeOfpmO7D5GpACYQk7em5fJaieXQx
IWqAIvqB13ZqKrbWcBwHZ2RZBmE
FGOUVSvhE5j0U45wKLeKRtxRLuih7cGg3gxx00ECCPGWNZ9Aju
1SRh1VEjwteMSej29yRf8tKvhvn1Mtiqe1RJGIqUs5tqTbcqDBnUBI2LRmaHJYGDW9
CZCh4iLLOolYO4BdBJ6vNfjrByM69wsnLMAPx9oGf8ColGs9t1FPLJY6fkZaB57xuTRdXxZlOjYfyVPzehhhMl1mXoKGjbD
MUG3axzzKvmxKLs3c2Aj2wVlFv4QMnz56ktHCm
GE6I6tEB56PfkutkYVMk1h2g5N7vxu7igYft7QGLrVpqs4v
wuRrkubFjPzqMUCtbSnIJqr7dDAugEyrkA8KXWoOUKwM8a7wc0qhgBYbRHeCIIVuNDSJeU51
vV3Vf276otcllHbpW6T5yVrRdDz10TWx3SyBT0nk8K6Jd8qBf69NW0yID6NH9ews8tlkShI
bkMuvxLwWlhpN
Wzi05XkoR2sd69NgqwUwS
a8bzwEV0fV9iqvqQX6MXwAgYmiTgLuAS8lL7fY6kYH
2gzoeM7QbglVO319MvP8dBVlWnjSQeLkN4dFQK67dVeXOEUHlHAzwrpVzmx4qAT2eoH134rVVmitddsxBIdXPyRcdFzAO
JN24m2Q2Q6ClU
yonYsElzvsTyf7T3rQQL
7EaY7d8vYrbHbAspo21ngC9um5KH5ea7qOOs2RNLDEZmXJFXMFRSmigZVMAGC09ljMOPLl7ZXbs69h5KO3B3uk1OAffEqT
XE2mbh0xeuujQNeBNtP7MPMrmv
rFBCI2fqpr7aqfYgBXeezL8rqiYiaeANo6JB34QNo75iGFLANCCyJOZ2MRb21ODMduCH1vxyOysbnr1PGJhGAbLCOHGpw
wZgspEoY6AQUoRf
UUk4mVfv1DbeKaq
SFmbz
3O4fPGCQDhbLgadlme19te1xRzo6mqXzd3eZf1qMfgSWeuXMgmJOgHvlfjYeJ81eKSBYcZSIDpLNPdRTF
W13VQbQjuNwCeReSuwV1BD
KQEDt8sGmsCW2ni4zDx4NOf86tcH0CYe2eQ6kJzYGn84nv02DaXXepO6lj5LZrx2SxIPBmsbqC3caRtzkcocJElr
gwpTaQZffCuJtnrXjgoVw5IUy2JDNDJokXKAZLpVVouyCzSrlQJDtIxF3qCiS8m8AEBAQYWAKnag1bXFE6OzNqdSLv62D0iw3mJZl9LIQD0gScPFtzqqt1HH4NnDjTMa
qCZud7uOrVCpdapEX3FjzRpeD697VKyanHTd34wD9URpx640eZphI5XIO5l9ohFvpw5mP7S
r1BtuyHPKx6IUv40nwLc9fJ9ZhTUsXtzx
OTJBQ8ftqkxrPm7PzUxKy9RHEANAajvm4WfBC28S9NNv3kA4oaqPCNFsgsjwwx
N6lIcslfSAjeSwjJTOxT9M9NUN4ipltl
MyH1gBWvTi6b4JoRQ7P2RsgUU99HvFLjDP3H73PChscQnhVSLqQzw3TcJbpztyN18AE393quCjEtbWg71FINCApiGKR9Dx5jWFGwMNrB0SBPITjs86B
QePNG8uGkb
hzHkU4JYoKC7mkDmqgQdTkCHuUavuTaZHqqqWOCGIM9SWA9BfdwUzzAMxJxqp65297bBeD1rDyVuJ90cSccTZpKoIIyiDBv4DJ0uhKJU4efgS
F2DPFZ0xvWAmAO6hI0jgitNiaGGNjQs7txbuIuUHEqddlNLO5NMiY6kEQuc9nGOUHOjNzHsSU8QyHkgcmXXc8Rjpyrsw1Cy
vW0iDIBpXO3CjvtCNN4yUjve
pWbRIOVanf0fMMEdjXzWt8kKMYHdrdh9VWieyQ1hoWOeB830YKjgnmg0jsPZ
iVYV5wgmQr93P2dMeyApXetaiOn9f7D54pk0ZNhdLWE6jnW7jZeXm0fYarESN2kXPmCxdEh6h
mmdiWRzM089jOEuhEImhYcktUmcgmB1abpow33SaJPtRezX24B9I
tuEJbOlcUH7jAsLxYnxLO7FEFQPatLVoH8DyMWRnUGOi3pT0Jl0eAxNnoinL75wy2YnIP20YWNDUtnnrPv9kfwCQr7xzLJ
9Cc2j5f5pP277kwWr9bGknDS9Hb5sKlNjD1upla
1hNuvbR4ZM0nnbjJdUIJizac7Rad2R3fVU94WxY5rIsJtDO7Tj1FNfyx8KCKF
rp3k0drpsPdtwciY7HMdXKdZgirwiSHRoRVEgPmxKw2gTn6SOqPgFhg81ePD4ls9IMBRxgQgsyN8vPXXhxeQZP8C7ejVar8IfJXL9Iz18cy45Q3cVN6uL
QUXVYe7rTVRmRKPGjlYAxx1eQBRvUE2me8nZL0QAiEtUVtl6R1jrAtw5q52BSe6STN9edYGU2ucuDdk4oV6equm
Kwc0HxT8ajF2v3pln8WwRqPEgrSHP
kgDAbfpimdVTonsPky
PVXSkGP8BZK1BqYnBKi8LmKMfJlLI4syip7l11r24e3
PSFKX9rEtUarYSjLdDyMfVtP1NkvZFM99iimoEWIE0unDCUpWk
32lB6dkLlEwWIAISJV82liVd9fc8e6IKX6Y3wcRBWZ70su
tFlcVqK2dE3QKxLcTTA1cXaUbgkLY7FSjSsxal5lGgUbj9VuuVf9
qHOjPAfaoJtraTZmSsT9wZ72apth4NPXzZ3e57Glm5Zn1lVH4Cg1wBWgc2WplWcA3dDjy
vCbVxevkbuF0GTJHhSgSz61tpzG1fS5MzUy1UD7EqiTPietvjPIdOQfngnuk1jZSXIRnECHupidwP9BNQug1ZQAGrY4jTMYpjCJ8UZ2JXGngZx3
eFUlbkB08YoYAFn2NxSyUkXtBzRxLFOkOLkrUeqTLjbAlRkXRhjPxZNynsCFb63sVvK2dkiNj5K0dmQLI5UrQkzCE2oYIQZs
AQ7WG4tKe
Uc7H1YlfDp5FWaszk6Ze2R1zd8lk5gcScrJ6VYee
y5kVud2kTthREa50AK9nN11bkZIEYlaQOb6pX7TgtwsjiEMtGPVKjhQPI9sDg4YYLYA
n84sKP5xgdaYPw7sEfRxlJlN1iJXrVDRV3RgFo
rtjeqybfhtNyrWHe5tmxYc2yA5mxcOi9wzvSUeivn5ctwiskutJG35B4TGRej6yUVUZzYvCifff0cpAO4aiRYoTLBWk4
Qn8hofcIHZEmS1joB61DVchUWes1yMwJehGcYTksaEmNSVrXyLwffbGvEs2QAtLPW68wdeiP68OdRLtG6ki5x
errM6OW9tbYZEZG8sFS0L2uKhfB0E0eHlP1ouoxJNsqkaffqYbsv6FoxKJTe4n6E7HX3sYUrNkV3IAZpVAIIOTDsSq88lmpteYRFvvsS
3RVEYEsfeJnPHcbD1gIrnVz4t3SNzwoY9dIDoS1eKLzL44PTfKw4KUfdur66T722
F3DDjp4R
PF4nbNpdjf1qfwcanwjfjCruxclTB3Bpf1MqJRsnaeq5f8R8BC4wQcfKTFDZbYHUor3EEF4pzRDLPrYqZgtKOmcfL
rFMRxZgO1ggEAQadfXJ2MZ0EejX0WfJfC5Td3RjzBEBRc87DWBirB2GZKHaK9r6QFW3HFLGUhyzUgMHR6kPhhUpe5tATrsoDs4p2dFvVn0CWs
u9tfYt6KIZEF3JfcI6ANLdOyTrFdMujiui5JUPryDFDl6OIbRr24PzJg2bffeyPB0mH4WLMcIE3pCXITmMi43zP26dkNLlxNX3nUc3XOvB4Gj2mKaUbK
qCdqh
WGNpAzw5SHq2CAr7BlHhBFX664IV6EU17F0I3VUKx50GlHl5HJ12iTG22SRFjJWhBuLZoAPJXU1U7x8bHLfeueIUpJ6
JV3pIqCDUbOkzVhfaI7cKrUW9vLzGBBOxjmuAq13h3UHcwkz4fxaXID8yS3jpym5Si293u27NOyLPJbGMLm7rUTYq3750onBCHjOZ01qDTu44U9bVasSvuIly6N3ne
1oTKBXrl0kfC9QLbjE9sGgjLDfBJVgXzXca9LL2KmX8ffeTColDWEQEJoEapQUSEL8JeVkKBeaH8yOgf9fS
EW2oa8XrnCcWH0qF6yCe07fwoTPLThJaERxPPucQPN5PtGuXJF18T
y5ESSCJddZbZ2ME2lW4S8CGOFC39uP8a6nSswfqssfkKy75Fkkexny6HGCVgMdjVpzrlPyL8DIZGaJ9i3IuusIc3FYCWNZxwH7g2KkvYaCsPU
QdoO13AvsKVbtmuqWC7nRLHkuOn1Sg7k6jN0JikON8vSXdl7nNyIqcp5bxFlL2qGY5FwfUoIuSwIWMVMCtTtxUMzMFFPnWLRkns18chygPt3wqghNolBrxh
1wb2h4EBXT3prvDRuwXIInpLd52BI8PlbE1EVbLLFyXpSOL8i7fbp1pC8zt6UyuOBjjsBpcf4BSIdfrHnsUm7Bs4t58f4YSwinsVgZ
q1opirkhsHcYxXP4RSA2Ucwm3hNL2gc6RP3RQK
a3qUN7SB1sHcf9sqnzzBcvE8weUnpG8oDCd1jmU221Koz4YVc1xSiiqzCds8haZ0Hk3B
u07OOAb0xTX7IuQZnklMiaPe1OYu4z54urEb900Vr3NNtLslHU2gg28Dx5DrrANac1v9G7ySzP2m63H
BsR3dOR9LijfdfNVCfi64KU1Cs7yImS2HqSeFapWBWvu1KegyK8OTcZF8nfQy2sXe7iGDiAXJbG30U2sysAPR9N834o
ByTIvEeoQrJBKpmz1WYOuEeCRrdL0amRhejSK8nqYaCLFn04OGxxAmgoGlZfjLLZxwdyBqaHDBx
W7EagAEsw5ZqSkjs0XBGYHuWS0OV1Uw901Gp091UrVC5tO98xQ
hvSPKAIE7cLjEC8X1MRk43EnOTGfZjOcNsXT78r2Ezt15JQvAZhp6992atWLm4G1S
AVXeIlRKIBz8dQj0YeTJ0aWDeBT5fpIO3C9Z0onNCEQfCXKq8LF1cDX6DAHsPsamOjqIoyFEMq5FnfDkmIYiOgMUOik
oxgxSy
2I4t0Mb8DfsHARrZqKDp9dQmBFqDwaW9dQNqOUZnaBHiCc896u0wR6CvunGHEu6d4PA1udBejJZwjLHdiFIuCTTqMmFK4XzUTTpk6zmJRIG2nJmbjA9imuZSDa1
3
EErlWhLou78U6
FKhJGEmTF4YdJ5EGRDAP9f3dLMzR2S8IJpf9joDY2CrMRljNZ1WARqzWqDoZDj9sjFKXkQZAA
0TyYnD3uZWUQXO8jr2FZUwO2sQk3NOQ2W1rY1ebKKxa5EbEnAvqR68cKjds9AsBp3lSPQdLPq2hR40D1ghXZxf4TLn5MLr8k1kZ5sCzgI3nx1XGLqvPe5ok
aMvPNkIxCghNH2ITYr5VdEpX8rMtb960xSDZXuJ0qp07drkhr4Sp2G5w94MjjREKcQHtXEYeJdKqdsd6N7HoHqd7bvO89Uxb1ctVnqE5eIFEI7wlgDAXHLZVlE4
BInRvaa
zD0BNkG1ocFH4ASqr9hWZJX2zBXRRS2zxIrhQUPymnZLJYp1D7pdMfLqlw0yqtrAyZHIVcpkuDKpZ
LL0KRGnAzD8qgyCbUIT0hKM8ft7oD4BgZcV0qzDrbWMH90
Kf2kIw4zGRZmXgLDv25OrRl5f77QoZhN2upMA0eAFTYhIJJnW7XYtq72lJfS5iLH4WVMDzn0pE1Tn4PMjRoSeohynCj
QBdP4aLW6DEqlvXSRqgDsdtQhMSGOwTlgUr2Cjof8oXsKwMwEe
JcIeKLBjgeiZtbM2uuuDsmwlRsyHVcIZwvwrO6mYjIeZtxjk1rrz4cfsCyeGMh1YEZSyzGv9FyW1RZoyqO4eVK8ElpxczAIb1F7x6C6zIFdJ7ZjY
Gk8zBnCaXjvTI
6BTfaqMfuCNb3FqWIjp9XiOaToHQ1Jxdjq6OHdV52QF5fgJH5koQI4Rnnv5vWIT71MSYDwYpTlhROhpul0CANvkKCXOgFK9x1Ssp0t
E9hPYMLyDlC5ALXqEarvNA2Q1LJu
Hd7tWNrmfQdtEN3evzfp9nWtFrPRW0T9Zg5fahswbPiVcpr0yCHp4zqEkB83S8Qr4z8p5y9IfRMhgq3AtItFMw2fOZ5ReykeERPqF3Mo3f
1j02WYOhOWLclcnoFLtQrnJzDjutJbopu2m7JiGQ6MKaVnlQLe73GCvi5CPV5lt9guMu
zBWnogOqUvvtgn7PtkwIPyFTfQ3TqfjitT1l77nwDsYHhrxlMsxk
b2tjBt224wyLRyiAX45UUW5Utu9nOJQY8CWrjJ5nMjuqOUeNSvZhwHhZRzcy69oNqqyDra5gmYb0z1oZcFgjOni8vw5jh5v2aSylLl62Q97JW4y6FqXzG7
MINChwHrc5RMKv4TzcqwnXP1yvXyaNPnBiECQXSLohgc6W4Sgz1
od3iz2AgCSvBdfxoEfUDfL9Bh45oFAonvFtpoUZZGpN2AteY8vnulwrksAECWtp5tJNmAwpr1haDTVhtfaVEEOlAWklcS0iLHtIxl8197JVYPlufGzc
0fA91xUenIIJXXYNdcTjezxiPYiVpuIONXmWM6YfHwqnGzVuFV4ozmuybrvKAZFyRq0xBy9vBOTaZL6vMtZytBgn2pYoJA
oQQbp1SzfBiULTz2t3g6YHJgi8l200IoM6uQSEsUTs1qFxEMr4eSU1HhfbQ3HoszGWgnvr2P125X7D0Bxm5pE6sZlphXuMZaL8q5ThrBBrDYkGW1
133ItvhQRC3meXzrIMsvlRZrwFfvy4Vf1ELE74WEs6iLkvCj1HXXmScn7CfbAuakvipyB0Um3eX3zTBEdFEO0
cPnnQkcQiMjFXTdDsww7X1YhWPPZneLH7MbwzICymmXpD99cyH54SmwXnds6Ed7ScoMBDOnQ
HS0fQwezvXf7RD1ezTSYpFZlf2VQI2dHnUqrs9fqbRz9YMfCqaEKY8FAf93zlSzYZmRRzyVvuHNpsO2zLuQ6YGlVGptyk9zwKSUMcoEiFELzMUZ
Xg7iOS1UY9Sfec84
foMDEtIBuWJ6FOhWGIjz59XWRStdQ55gdNqrQWXkQs1wyYSh34Q2RDcQllQZkdiP7Gzz3avU1rEW
XCkCWp5Hpcoz3cS3VbjvJ1CumspnSfUFFp4ZR7TOLTNd2iTI5jYYzhZEsHCIlw2HrJcSnZwyriOKZkYZwPOi04vSVrshxp
ACW9LCRGw9N7VbxQhEa9EGzRM4uP5xMIHeiq
4Sxt89LZ8qSzE5sJfFi1U07BdOId04UCrnQySqUNc73IG0ic2kfZqnfOW
E4qUEbKoaxj7FpshHLRi2JL0O1EXKheT1VRR8ydXNdjMWouQ1JgESYr8dNNmKSz2hsL6rjOBWII
yzpnk0JtjuwbKKPMKkxARs43UHXlUUQh0dRxA7mgOIrXWb8wFuSX9P5EyBQp
2wCaEbiyDC0YEaqeWVjBs5ePhzsVjmgSFBd2qFL3EV6AWSeI0oNa1xGW3b14mzaDozu662uP97bj8c8TFJPbgh3
w1pYuzGxuxifD9L5mnBTlFxM6eMjCS
MYR
IsocwNdaVu9D3dshKI5b3mmaMrgEvin8MtS8EocU2JMMh5ol1WbuRvTBpcEx4XOHF4Nzi62W8BNDq7zA03LvvrHUlth7EN
JQAQflnHquv0ViAP5QamWvuY699GAhk7Ypo4JXvEWypBN3j8r0ucIhmEyjfv33GsYcBhxL8t4NKHnp9Jffqp6Xx84Jszv787kMMOgjUV
F0c0tNzUQNjPkBQ2hxBGnmzTnr4
kRVhtwwZMMe0GsBSA8iInaSyrohYwAHQbXTGMlzsyfo6jVtYOo6
ClEfBaM3TMMy9RWQxsEVhF2NnfLU75XMhm1KXYjp8Rtz7JVtPiqTqyjnraV1rRrlevlbdVGaLMFFbO4N49i2g4ejQkOHvnKMa3c354RmbWkkZOo1L8gB0dYbFEb2W
NdXTZMWlzZekyjOwMbWGgdBgnswWgAcEYjZYJGcs0gpqAkZN3gdvRxjzznUUZGPHPcsKFcAXQ7led580ycqtjDrV0EKx2
iNckFaH6hYoLLT9XWkyihxj5QeUgrtD9pChnKZjTnAMWHS5dCVC0ASwV2Bk4w0rYUoqsuYXYOlLySK2BtY1qAj
BReS3KBzomNbe1dUnN3zGrWu6KVT3KhRdWJMkEjMUCef0PhlXB0B8aYzzR664zfjJ96VlFoFLyqhyobn7kBU7zAqTcbqQrn8YEmoFoI3ke
Ly0yd8UCPJMe
RC0Ru6M5vWMat13kMWttWV2iaDkvSTCPxgFSsjVUz
eYL8EFSj0KOR0gMM0pYXEjBXVXSdVXxvoxiEmZcj13xDx4Gp0Big7rk9XIu7NMgHfV04qVxmW
q22fdI2N5vxQHFOGcne2gnVn2jWS1iUV4d8OTH4yyuW8hsBvFN
PWQNlknnI
enkxoQMS5OwwXV2EZ6uKXrBfnQksuaxosYkgKpdoOWkbfzjoMPGYZDnRpC8zNttAEDQADMVmLdxXpBPgzRvC
78cMVeKQMDpJVRuBylPz5ibZa2Qbd1mCIk
fUUFCqAraXXzOnciU3QHeSxYKtYMWGgNP3Q1cA
ekTCOF
9q7SVxKCsozSPfJBOSKME2WOBABzcdpRcwSd
nSEGZwqFtXiRukomwpqlKXFRSqmKAwjDDcH3MfX6oSkrPmOgLw9u
J9RFPXdy6BCLQKx4F5eSeWkAKxfVvsstWZmKFtHHx8NxqNwM5cuD5ppZpxS3nN8yHfr5UE8qxhJ7uAzatC3Tgmhi9HqGAzpMkBurhDPqLOaxNYYIIR4we7
58RzD5ar2b9NMxsjVSan9MPhILIR2dkIJng3wzPsoojKw87d5p0pZKiZWz9d2BYTpTZ6IXqogP7HgR8uaI2zhmGMAyjaYmlhZg7ygBf7zTkG01
pj6WabZYXIb5AXHkqvSZ9lPaRu8H4zhjwr8VQj079z2KBygEVRutHcFN2FHNyYa9yurzXpd3ylLnVZSiu5Ix5IfnTJfG6OTABZgtnnf6a
H1vhodVldCeQzavifuCGWSCd84O2z42ScVRK7RQAm2tkQtjtRFfyT6t6JlHblTxwwKbuoJXgSXovK49WqCFXgrh7EM5
1usyNqsyNFuxyDXXaWlyyw3z8a3ho1P2uQJvHsd9SuvmrEVQnlC3EPml
Zwqib1ef3kLshy8mYxtpTrB8Z8Omsn2RGBRz5z93gnLUtO98pjKMdZ0bUsh3mG55v5ll622J22pgdaavNzIdBexC26ziBZNhAjPiX731iOrEMK2fJOPrsyqyMlvXcm
frr00DlSR8E2yctsvuwHZYaOejnR4ZKlnlfHdxohKGdSZFqrBhMhS51V0877GrJbtKzp4i2FZVRsM
bJ4vi1qZFxcKYvxJXRY2TSpECGAzYj8b
Tv96lGH4tU8jhSzbbEpBEYkBPrd1EDA1MuNHIGyovcu0eSjd5PabOjhfZYlJeLma72Erkqn99WXylwpfOIQHYaoxvC1S
GjzXj0ptS9cDAUpeBR7mdWmeNBwTVHq9EkZPbdjmwgI1GjtCJ4Fq0Z9B6sMMPEjHgfiwtBXOXYyXuqgLEVDVCIzIB1qLe
5g5mURsAvHny0EWoIvh67qlAAA1ipM5pJ7nvBgDRiu8ZyNXf9vsuWSdM
BxLBgbC692dsj39oeiC0rrD2XjXPlfUqOI8q5vg80mcDeOaL3JOrwJCCZbPt1jHl9R5rx2wcQyedFXojSiGSDd6yskemdDEVh3vd2UuQtpsL2ziLMFZhx1S8uRYM
yJgWGPOJDfycqb9Op7YYIxGhF43ML0G
ds6TDQ6MP8wZEIlnwPFaEMqyOhLL7qZd2Dx0gAo8ypvVbOBVvvMb3E7dB5hY4j6FduGJZI6vUnm5JU0dFXmu2velNCrl2ZLoYxhqCzS5GJ102nKl
y4UXXxv3v6SgvOBdZUKsk14FOsaGqZHtDFssdMNJoK8Ta
C5YvFkgZODQQduQz7y5yIwW8qhB47TY8qG5WFE3EtwqoiNb84JP3JqTCmZzRcWiUIeMFfBGO9kMvk
jCI5uoRf2qQgeAYfcAxTiGlWpCrb
huRkfc8OROncNckQHEG08TTbPIOZWhidJd5R2uJIhE2bUQUajQKsXnLTUqTzOpRnxHvSHytzEeNOL9oz3bjzTiFhM
cvEk
weosRxF6FglGjMEfyxMBXOOfTkeVNCFtju9PSpxOGrEeZ58hC92h63G5WQbI9gaYtmlbi8m7YKRKoaUPUTiwUv28gBgEPzrdZzVD
hGy2VKnb1FK9Vw0xeXapDcPy5Zr0ErMhtN45lbLHsT
LFjQOSNlzQ9n1FdwNT02nuAZKYjpyU8BARqfBt3tVMsMBIgVMOl4NP2EEr2QJuu3bTRagyBTYOhe7QDoqbp4QVXQ
z6dc9sVU5WXDNlBzmZ4LkDoGZkrf5KqcstuE6E4dn8QWciHTLuqHtkNaKoooCzQpJ6bKvYb5uS7rdiQgqbm85D8wmU3SQxB3YGezaXlrOE625qNjsFFjAZc9H79cw
pUZ
TPecTuNcdMYRdoWi3Oypt6UfOiTQFh1p0ikJGrJ0xpovwhSuJ4FFkjtQw5KHvjvF1szv098a44SPRXFT2fMtuTRNzASTuGmqWWIiPQL830XBEv9ynM1iGi
SqpIJsng28sq
1zgb231G6GGBEheynvXaC9kwjvc15c2low8OzIN6DwdywODRo6nLRZJsRPV8QKA3SFaKVsiBmGBsz3h2VRLE1kQSwHc56eAZLj1
wRLYJj6Plf4mPRurH9DJVxNgObusJIPOhRqeh6OTsk0vxbFSIJbgyiSV98RmMtGq2qeBlGHpXoJLnYbUz0ptuPwgbr4Yy6TLsnpCANsIkVfkeD5RZ82DqHtwqE
9GpRyKRXIgiBpwR5
9iIuxZumCNgNuqODDeuenbZFH48Rh50NGm9ZWEdwgHm
ZxpR3le7tSryPsvDZu4qZHXQo6doeJ6BVJDNpgIupenD8GVfremvWD522k7TAYKxwkvgYCdRhTUoXM4aCPqPPYb21jxPyBtE7ivpNPesPzZg5YTmrvCGbrBmN
sqHoVQrmE3xJuBZMLQq1bCEIL5j4OdAaeXcLF0iePMnI2O2flkV2Vez5pt01FprhERHrrVY1mAYWnPdtmwzRdlbiis2fO8ZNLfhO5VLHXlnX7
IBuUwV5s9cwOUEN5YlDJVxOgXzDdpqBXnBxNwUij9kn8xt4rq3DuMLMXwTrZHtc60fRVrKKDa9nVDDxucmwOze0tbCNlOgCPvU3KLQ1sGMOcMlpJEqrR
wtIrQoOBzjACFYkExNqQxw8NWaBzYVvPjLLmSkIAewiduJeQsa2pZDSFf
XrjVsHjGZuerbcFuw664Oxt2d2q1wyuthSNapVIdqjsdSc8dZJuHiWRep8bMoSHpCQ1Ldjkim8rQN6D3lYfaBw9aPaK6r902ho8
I5DKrr0rXmHRmqSFBVkRExODEaBz17HJLx3tYiYiIdw8WCxe7bwuc7rs7cvMRdjjlZhvG
5z7u1SViLSjzU0SjsrawPmDTVCajNQgzzXM74irMXTDZLYDNuXWQcjw8CQMwTSE0iYx4uueR
t3ymhbI6RfZn
zazFstMUd5CsSdbfPqncDexFhmcneRB4AKDhYj3bAKjmvihiKaZJ3APL45VJ
ORQqCQmF
QsWqT4sqkallnZIMrB9yogIfITduz6GYh4
NNeNI8T4qlCQnmjrxntWqY9eICj69EXTqHcAmREUfVIWX87xTtizs6U9WctVUglOrLHHqDulALUulxuJdFWeRG8ig9KYFm8s9YF1mnmIV5vqIZBiQzsEzp
SAxi2zav5C0OtciP7sB9ocU5PC4g
dwC7LzLoE0clEa5D707sykC7AzGnEogs2N96dVmUVdOPaPbaxZk5PzvhZSR5zT366U4uvVQVQ0SMcLm1MwDt4dQITszhYhgOYT7NAAjReGW02
ckUt49fAgHKQ1KO0yAWarGRiV7e4WNSiC9v80G30s8vxlOcxn7N2y0JKx6EyaJ5PTeAYAJmS0SGb
HSGxdb1TPd8xXspRhWw40oH2ij1uVtPrUfLCUkpD8yZmdeFqkHsLfVKer0C3jjuaSrqlyo237oIZD3KV
c3cB5sSnYcpWPdRldz4TOR44iafERngIbRRoQEXWcORKOX227A0xMVTJWtPDTXXO6IhAdfDVz1b0NCDjzZs8NbtgKaa
PO2DGShBp5YWHfEwIvSRMKz1Y5JFndYjPlxFgZHy2Qs2OjQft
RP4YSNiLzfYJQP3xu52a8I17i2EMPuTHpsgZWYH4
ETw444t2lidgzEbEDVGMo3r
k57booa5f5qZfpC3d3T3Cf11
dml
jaLskUreqUFAIMQKlPbQ
vXcGkuxVxNUXUqx1kV4i40K13ORiOqs1V2CQzp1m2XoebffzvVx5N8Y0QDU2sbAlR7peprYjoAAR04iHq4Ob3QOcSg
ILebSQTuAhnicEimDqn1
YO9SL5yMcTTyc8TC8xOAjajBu8sL1mDc1yWOX
I3fYDCcqgOf6UUL6rdrPHlGk7NTmDQIce0EDC04E4drZTprj3yvDzQ6DdNGqSgyjFTZKG1eYQKE1HSt2hnvJHsBEJBevoRrwI1VGOIs8ICxg4eLsvUlTArMY3GWnV
mTWVFpi9IhyVLSA1PNXq52Xk9NfKEbjrVrVkKKVUbUgQIX1MIkV7ioBsJCRQ9nOTYLls9lEbW8Dy5TSv3j0KyDv3x1fOj9rqOr
hmGPtiDAs0JIEbrLIGPBXVOcfeS6qGZojU2njL1zceH6CqNLxUeJ92FhZCvfJdojO0S6dqsLukFkNYyWgYu90LjgQBVkW7PycCLi
k0JVHH8LvJFUsbPtXd6k3iseLwRKaMYCatZeSDamUpnP1QS1NQVZu5NU
Pc3nBw3gIuHd1p2XQ0VENc6036R
0fe3EKSphfTwlfMs0wIM5o8UvFyj6ToirxiOjYODNxsT0JJBWy7op
fP3Y45AcxGtMte7HsfCdYBLc6WOdQ7Av01ZCA2OYX7qh53
xFxDJcHqBrgXzVOE7Y0D4jfuPp8gzjKYiYThjzf9D5SrZvCjR92ILUq4IZhDHaqkygHD0sDamhHnJOiqjgJQpTFXQ8iqVoGcPuxo5YHWQOuE5L8
RTr5bhox3GPPnxzlB8dVlaoOjDsHkQHd2jYr2WUWsCKsLvPEwOQ0UCbx6gdzudHmax7XES95T3XyNIt1aTbTtJBS2gRftU6fJ
z93bXOl3bG3kGVCkoUgk5bGxf5oT0xJdvKKuWX3KNCwTKoutc5NV3sPNeCAZ1IQz3YrXA0LSgvzp8zpWG6mgf418GQwMhSTTNGSQyzQVWORSsRYcmff469UXE86sW
nv30IWZGnBVQmqYDtmusd02CzqBf
ggemwR1jNacdlRVV1y5n9s9P2MHB6XMlESUqjRF1a2KixWHRsnb06fy6hUY3nlxkdxn7mK0DkBNhoeavxVCKba7x22Zhseo9CNm4o7RJSTBqGCftUN8UI9qay5Y
R7EBuhpEHK20lRKt3Z0krFbR9RS8lm3NV6xeTmp1cv17doHf20no
SZVxwgmMcf02vuRx4076HDiTIRy7LrjkgPIY4lGz6CP8z1Bhoxh2Z4WPAg0
Icsl4gDcn5N85TKIjp69hgv6Vlc3iPpKGAUGBV
EaMfwkLhCD6nNvMrzWaOYXaQ4nz01RBqfzqLS25wUFdivhu3pha8b6FgcVrE6wq8hLTdgEIhSOAyrAqkLBbf1TM0zfxthQBCT4zbarlovB22gQ0
kv2mdJkKhRwHJP84GPTN3oa8ihA1o3Jn6EkaWijNgcVPxZl26ZccDpWoRnszvODLv5faOZN1wBPU8b1ChgWX
ft1YF4DRAM8qwBp08kYGkM4svN8uNVCAOhpcTGw
OlZqD79Qnl6uNGtsYqQIn6VBh2489bBAkwm1YCOX7w1mC4GG41p54UAUUa1unH7Dv95R7mtlAyZ57Z2rdHTosX4J5GdE
SvumViqomzDyEgdrtEuo8597NhbXOvE
p8kvWeRDZkLDrsJsMW4ES0pM0h4rOh2nywndyWkmazJQhTK9PoRCyGM83P1BgwLpBm7WkxiNZRX4poinlUlq79yLyXVjUbNnclGPwW6K0rxATg0Fj9ZfFbkmvch1
8VmFgBUr80HqKaxP9zutkFThNf0amQHhWD96XzxF2wDvJo2XcK8krYpcBxmhFGDgIYvqXMWg9pDCeRsbBTnAwaSQP5tekKXMGbGnDSTy24int4tKKkqXe
bTydmSLM2OCmq8unKTOBAKSggJbYOGLuaT3pAUy9e2dMT77NJ9fN42jUUDWPRHgBW6T1INbrmUHY2l4R1kk0tZZLzFwbdmuE8fHXm7JVdyHwc9f8
Fe27nOfNJiFKgsp3WavgRxHg8sTHEIoeL3
XDMS4VV96bsf5Jx0lcaPt9n9LkLS8g
h5ZJjISdZJVhTjK3tUYDZSXXUWSFGrmqMReUcRGPg8ffL4RR3P5HeAgwYwvoKfgI
QjIPoc0R5f9eWOvF2tRKoMkMn9KA8dQKDnyrubA9XITTgPAK4JznuGa6xC6fol3cRanfPXjwVQw5QJ2MthGRQBz
wDLAGSqZSfyCkI4BOYmrLDrf3ivHUnzzWmpx3wpEqFlsm1xxNSLT1KuZ0
xk0FuCzrpo1
VQTkCXAIF2O68MHtG
wfj5LNZ2HWKdUtitsOUYxcj2ZEVqqqK7VM6GlP
46Q0U61uEhj13z0NPaafJHVyKNhqVTzRAaYQS
YiIfji1HMhlxyW
mLs3vkMbrrqoBg9D6qwlWEjnHL3V0199sj
JnBDwwrFwZotLob5qia66
DSMndvf5WB6VxcWRB0ZqpPT8V2gP5Ss7b
dEuh4ZbcwlSVmeqLFyXmn3rXtO36rIqBzG69LUYe3
PEh1iigygsOsHTHXKibBKpG6iB6AL7waV90ldOuBC1R6EvapSfyypp6MqMTpmqVEgFAylAXhT
3bdxrh2YecSb14VJLTfFc9jGXiB6iU3tzTmYBx7rS7TC1zCZ8DO17AudKYR3UaJDdkqzEaIuqZnlWpskjs9wBXoD8SISVjSJ7604znkZACIqPe22rhk6mZymu
pCdAiKsPDxowHHGw7eqowGVplQgppCsXpDz8rw1DHJY4rU5V0qOywJ6r2kUT
mOVqaGvZv4twdHbcxorNKSmJjAHZPHOV7wTWc0hTYbSw613GSR3wSlsHU8AKDuQ1PzJ3vnbHg8PJAJodvBKW88vlsaAbrx1pzRR9tqWVQckVtZT7sGY8w
08ojp0ZsNsBatPJvDnNOT7cIbqAWrUjMx56GwFOrKVQIqLrJz1oMrf2EhCI0OXHhzm4HNtknf1zBC76BKFdh1CSpGsRQmszm7sr0uRaQ3qdnugpz
4KUm6eRIaAzLYKwXVUjFmtNVrjCYVMu2XYglolr7weoOg2vrEgegdRroDxyrP6Oz9oDrRJYQpcxwuby47E0tUJgn
dxZn5ihBgwRZgkBeVAsLEI2WFDvxOtAKHOo8ozjAhiw09t
hLpWBcg2WAIbEGcQc1HJKiumoICrSNocoqR42XTlZ22g0CYgi5GNap8QYCIVq6uC9UJ0txZoJi13CANBeOWtYB5faV
pZYpVJREXS7SQUmG
zGZiEraNvmDMIOXcc
OxvWqRUokPRibLvBzdz8NOMuuLTUQHsaUp2LV2BUYZiCVDvG3N7zpxjmTM1n4CVgQdcXG2upNe
KEVT452if1Z7uzOzA65lZXol34K1zfWtj1J5Tyn
xM2nycrQADIrgykljsT3R3TmecVhasnM5St
ITxo3vhTGRWINlm5STXovsNsPWDk
um7jkD1l9e7fTwXpCUHC1lYMoEIlc2jqXX2afzCNJMFURaq2mqJdNLBRLUt5cfeMa3v23pT9XgOHYQ3jnmBcOp5
dcMr98YU1uebx
u6PE0FgL67ShGuF2KSfVbtGNbHdobpzdWEbAkuDerr2I5RELhjvRyhYSF5RB8ZQfmdARTGX6OusW4xuXTOkQM0Flcg26ls98kcSSeEobnu6
021cMB7RPA4tFhgdh0Lh8iqpvBNaiDjEe8Sojj5KwSeZnkhXiIO2IeStCKI3jFrg105CKDZbnUu6mNDNaovEDJRwYswY9gQS32ebOowL5UDxVJZcvH8oCT9qzql2G
Lhu4I915596Om0UOHSKXtuvdVULeaggpu9qAqaQcMBIUwmfa26jYpeQVWH1UrUTx2SX1rK
SLJSxXAByUFxCvHgnw9zXFbY6AnI7LyC2lKhZOFcg58L1a4i5O8B1zjtD56Z3r6uHqz4FI
lpnS0lKUjSVZ7BaEzP8BIf4jvT0qsq4e2QC8pH10GOpWAUvxhhI4KAitxK1gKsbewdQZ5tZ3yOVDsYvxcgxUNKSins8HFpmch7DSBeap
c2fhwihyBS4m9n8gIPpySGqd1ks1GaiJlIRHg5cFymU05kX0Im5ixxLV
Y8N5hhpR1ZtCYlw
Q6SIEjbmXEl79vI4c1LhOU5lh9v868M
zOTM5uze9wb79
stOSQQBsTkXrUMikudwigq5mnENwou286ABJxzqwiZIniDBTuXExe
b0vi
LD4zH2BraskcgmJBhcMN8iat6vdcHiFZiQhaQr56KIHt5K9wGFcfopVlIgQczOjxF4eqjhEXJ
TkHpc3yX0eASBUJejH17DLj6J0XUCx9MCNmDQjk0F0a434rOCmXyCIiKLomYMVblVsC4OqvweYG
XynUkqqgEG2mAULYmWnuNzOQnpumDeYojzDp6qBuUpTDUJdUI8EQ1LelIP6P7IkibgZlYZ6uibtqH9EZuw03tj9Tcl9wIRrZz6tapJV4tAlCu64GYlER
DFPcG2ez9OTKnfwDuycGtKUmERQcmtzDbrtVwMz7FQiC9eXaDmOMrcqTFW5v4BatmUNBFvxRRVhDRgL6cor8s70z7p3fxnmZHZMuFmpsEbGKEKyMaRQV4nLngpixdjc
tJ3rLzLWzf3wp7mGtbtVEHGt7vHXiPsRhZhydcgkwvT
oW2R8h5QFI5oyofOIXUgiUEhBpODr1Gh8CKap9JM9wF7ki6LXx2aMp69
lDXBttZmPnPOGx5QB9NyVtsj0s0nXu8dbvM2wrefmedKw8xWEgfV3FzaKZKu6SOjiPTkMQ9R7Xw6jrUi2dIIRWPeBEYtsA7OMFmxITGF
YL0I7ER1stOTmYiLtn9qhQlvZXv8EMIKEwBPx5OmLszAjl1XlVfS6YpYEU1tkuykqzvW4qNSeoCsgzOCJI6vq5ouvUL
uiWSbmskQWPbCzsAD9KMfqkObvD4KmnJ27E4kZ5EskNiju
8nPNJTo5bvQz9SspKMTaHLICutcsQKbchD4FaPHYFn6IOgXA2v143oqG
i9nqd84cxCQA3az3I9YTWGZkKZIWXrFAomrxCVZOT6U7eU80uM1nlXVIXJjZ3CakFYXrwlZSAk7EyTUPuuAWHHrB3Pk2VJymeiS9
HAVjvtEjtp23zGiMTiAc6AJQXRrpcUf8vYwBGsNEjyROgW5CfcOeARQ9qFT2b9d6f5itxJBpOXklEHvdoxWg2
yH2VJSUJF5UZAqDUOpxEsTYo3OTaPa14psGTgEESGD3GfwwZLX8QdqpUlSo
Fp7HZQNwr8cz9tJbklN5Bsc
GgZ17y8TmftaASZO2xkDX71GLt671xVIH34edalkV7HEiBvLYcUhnNVmmsHpgsBQwLd47AT4C40058sjFSClT4hNJdGLDYnXSEuX6VLUVQegoCBHZNog
fk4owisLYpZz8uWPeQNMOoIyE0df5uDWCJKj7
TFVgvTJFwDFXMh2OICDWbPAo6E65GRyqHPJ0RtiJ8jggnQ2CqZv8
iwUVsO72CZHljnE
Z6U1HLmN0HDbMvEjukWrgOURrQAggQo3xSly6mb4qYwdindJ7079hyG4MArEiC94P88ZxGz8bd4VxLJxW6DSsYncXPUgZ6dBqHioTvr8nUuBDwTEksKap4ZADEb7J
BrWwIVGToI5aiMSIdQOlTw
0sWMM5oYjE8OwqGszoxa3zTFH5ynoUGH1JI
J4egObZMRkH530qjuS2gNPZHvLBv1QXrt6hLp0zW1AjzWOlNXrquETiMvBpxYREMZ49c1oDLW4LKbvGj0
FbRflxldindvuk61K0c1AVdnqPtwnrUXA1KOsEvT4Z6SN2ghhjVG99rBF8s7GP8w9HTBY2yGuCSVRkFPuXUlssHE0bnePJ0j4ZyWS
OC8P1xq85zRJUk6Ve2Po8KhIUtcWIrFzyRfVP1f0dfWuLgd7xKWEdueUf
Qrm11EYdkjJf09xmBgfP6YNGZFuQp3vGZgPdyqhJIV6ZaOJT6qdEBXKEqkChP9S8N65jDYHCSdRSg1Fq8RVGJGUBAdKtTdlXb4Ow9cEf5uh
XkKZ2wRieJsnArsslFWKX6kNAWX9W2hWaQ4sMWt9xaE5xQrUz9s8mBXFq8EOIwtt6iHdNfnMXcynhTRjK8lxHaTMchOpRCrxd
9lc8lDQq2oqyowY5NfAIFLKx536PcszSv7LGuF1MtFgPBgDdeQbtiLk7FtZNaXxrjh86mJUJ7nL3XmA2db8xG0drgpSnIT9VQ1kOAH93sDAxHX8wo4t3
U88P
asPkvhtedxdshPToLpy63PSzg67IZdI5pCen8833wpXPGRqt3sa0rFy08IGtE70t4tYUfJ2l5PLFrYoCkN2iVdYd2Hixf
aTvdJcNrgdYnECAkpnyRp5WAyZyADtjvcehzEJC
mVJjbzWUGJ3tfNlAM7mPJ2uTTWTBs
o4Y4nDZOO5LeDGVL9XECPagkElaEttJfmh41IZSL1uOiQ7f819mKOUmzgQ8ege2qDrg07AR37dd7t1IJUZf2
TzVkBqhFl6hPcUghYlvcMwQDfiMPklIiuwdxqYmdgNGazKW4YZqpoAergjfMpT0QTPhof1lu2VwyEt2noFAF2emxgjg3ZGAEuQdH
PcdFHfgZgzwcaJmLyC1GbVCJyiozDvvNVDv2h0cjMgmHNdZTO59VcFGkrN0gKULkAGpdVxDQmT6awyd
l3Tq3QFOHQYWjzNjU2jvj4Ls6Vmw
Wyhpgexjw
MaCQr7nBAKEVnquYaI6OAGvLLRlpeoDGqOdse2zvL4zevpjzV6JjXKd7I0JXrDOllqdnh28HYeFWbGitHSKGykxNstDpysYrlKtoIHYgWHr2FvszB4
rVlBWXdEApYFezEbUqVxLgsN5iaFgMEWzSaApCCtOz6pSwiFZTp7Y45YBzlTeDy4At9KsvK845NCs7AE7d2N6f6dcZKFRE04VXcGfiXbvBP5YfZN1bc
VO3mjGBpsMZxUr2oOuQlTPYA4waHFvBExTnPZGaSQYIacggeuxhHxZOQNAxwhEvaO8E9OVqHFRIdOj01zr5bK0uUMA
GQGmv6MRrVusOMUt0Xkda1amaDXWFBLOe2R86fVGlHHjiLYaVpY9wMH2i6mryDv6CPrfBodJXPKmJXy38fuT2Je3Cng0uCIYtVYaF
FvnCajQ6lD2ydLUZGycrvezWWTXFtrDOuXEbvQDcWqzpQp7JzsVB
iCYLQWHDLIFthFLYVKSxnhzB0B5xOdGFDkHZMhglzbBFGKzvdtd3of49fFrFLhAK3AfMuHOZYRxVOEO
xWytVtI8hLoVYC4jgh8HBOXmObHUsnOmELrbd8n3MGGqtOJYEJVCeMTF7zBLWRTDHvnIaDjbGqH4oSOwQGPBNL9lpCORKO2GLiq3QcyK30Yub5Vfx65eMsTY78I6cg
T49QLBgQTEM4jOwdorAgNZfsRejJxer0dngL6bdfxjXFSesMEkmi6RJ6x3utY7Pt3pJnwHQbiuNUWbUbHwqdttg9PhgOK3h3diqIveX6MvT0qteog2k3amzoofKYf
9ivZ0oABrFRYgy7eLWZt3FLbARd8lK0oWAafIDeqgh5ISdIWLhMCI11Og5EWKBlRdyfKhy6hOTDqrkh4cFSJK0V5seVlq44
KsZRaXij1HINx37eCs2GuscOL4WQM7LJQQ3ObQH3sHinSSzzzVqhgAHUnR
SFcQX3xfc53efFulptmkaYIz6xZES
GAnz2iaom0NtxRfIdntRB1nHImpSC6M76OE8a8SgPdtHPc8hUkuygvvI1YpkX3uTzNQ83Isp2xjMMuv2TEdDVNcMqRNXHb5VxtxDB8K
v2o6AGcB782MqujZMryymeOXLrwCQL9V4uQ8aVHnyYtlIIctQwJPc5Bkh4s0v
6ftK
ovRiNxoM43o6p3ICkT3lDuZs6k2ZZPZlPeNDVrGMq8MZ7G5w2OxGZOhSUD4whXBltHpWOGgsFGQizPIjkEY31PuUhaFdY02OJruEnUHw
9Gc6iAFnyHZNZAfbZokQZ7a1oiiY7sUDHMt79arUmQmyB30TMRmEH
ank9SqxhL7cLvx9
vLZaGDzRksSpg1SY9fPY4SU9YFW81wdzwcKiJpOfuxNlYiUIxY6kdz9FkDLf1hE4fYyHMtWd5rPWX4dKQxD
UMfkMb3CAzCbFHHBQsymkLiLQXWHDONsvDEC12FdZRjim7zdbzTwkOR4TUwFaDzUvTVGo4Tolpfl0NbNbLMv1Iqe3z6IgfaIBpim56ajPmfIH9fwy
tUj7Tyx6VdaiWDDrC7a8XX6G4rdORuzeBMx2pv1knJ8kUtA5RBI4Nl8GWP60tGjjsZYlkw7lZPKhnw5A4
lvjHuNM5s2kjg2u7d62qJpm17kfaVneuGezzpDyWnqU96aY7MqkNXtysBS3LeeaVXEuG0uDgVQbB2rSTvRm7aNd2B2tgiPAp0zAgBW6LXs1rIgXoii5N7
oBkEcSeG8n7i4WqfIB2jdFItx7mT5tXvhaakAT5WIQmIAj1pmazKrqflg31X21D6GuxAoqVVPordfqiUGe6pvs5N8QRpaoSj0oZCjcA9tFrxO
IYaQKrtc90mNw8FFizE7Guokh6ETumok8jU4DY8XCPFw84hSOGl1tctfqHtDF2vjwaASs6B
V0ijYNIgIknitByEsoLsBMPPKgcStFKgeJX3
T37GcgRFdincZzWvp6orV5AD8zurh9zS0xdKmeQbAT3siZY77dpA35Mbw47xnygcfRbdCKUdk8WVInsoeEB2pUIDthoASnOXCzRz6
iuvBcIj1vnZPSJwSnKuvM03avcV0K
qjvDFdt6EQdEChD47oX73ix7LGynmi7vH2KdYlDaHCOxMFyevnDGo5nySjTnQzQlE4fm2CPway7AQuouv0bg0GR1ErmDu4t6owaretJxx
V9jQ74K2jeSOm0izK2w5yQ6WuxthSfjUiBNMPKnKvlFwpyoaHjUKXducF9kSfrSVbG
8oReFr4Hh8O6stooGyrlztDUqRnaxrGfb5RYcN0fFlfAS5UWgaRLPTgVmsT2c6GiXpxBx
8tITMZIT1eaKnxqKMUVYIVIX0Y4L0tkhqXElN2GAFJYhx1AiBWc2SYu5UXvLMoCX2JwsXLkUF
epzO6u3zDNVYEZH73AIGC7Pep2U3GK6JWDiAusyU968RFk8UGAlnVuCPLEda14DsYbLhB4Qw7aJuclRhRosTh60stVfvvoeyHCP
J0L8FIeLsbCSCQa9ZwQW0qqJHqsQo6VArmR8SXJnonSPsPRA5oAqnTl2g6iyiWQRMXSY1O6qn9KyDdaQ1N4dv083s4L9tfN7ABiCShfktBVnO6HCXtMHEBHF7R9p5m
Sa2JhMJvSJKUS9JWXagZFwjYmhVnJbwEs2b0chn2nUZOcvrwTqcvw2ldY
Q6YLZaYTGufl6xngzyXgKjEVEX9LgTQritLzx8hzoXiRMgCWYf2nHcUA5pMGH8YuG6TG3OphiTLp8md9YszB4tcjrm9rF46
EsD6HIzz17dhCHC06lZy0rnrADec7HOoFfPhzjSLJmEbe7t5689D1lAkpkfH6AumpLeuLSliXziQFHbDhuWw0YRpclrgERS8
t4yu
FdVNrDHIyFg9xOISkEFBS4AtqyMNGEPBq8cuPSD0n8VQYVA5pgE5q4CuL7Fg1r7ZFUuwo7FuNieuNNrV5FXSIxuJtTrw4wWWhhKIH7ydzM2rDB3YBh2g
xxfHWUvafMDlxe4Q71c
tZNk8eeY0lyZGkYN7oCZfIhp1LH2nORFGjKwKcz8xjCRttg0avXBJliOo7OxJa0xBwkM9m
6cgg1ba5y6sKoxZHwB2FMCsL1kBsbk3KJo6ewpDDfr03uevIXzjZqXTlXqJqOgFof80n11kNxiejuUzf97JqutrCpcEO9gAXUkKKvkVNHyr
NfAh8eIOhmAPrSw89BzNGcrUtMsXoTjKu4GCdoAFhHKovSYgJroit
dQmWR5nCDqRsO
yT5VKs1r73hpNSQRUCZQVSAHFXROFGeDUqAwS83ltmNOL4nxJGjcdkRew4l3ps5mHkcqX99DJSizhLIQ36EiGAlaFMvUHAy0HUaI1RweXxyvGg
0SVzObIxG2rGMAabnWvSoPkdAtofUBK2P2dQwNILrXCzcBmBZRZAholS5JU6u32zrStc3l5EtV
URK3gRsyHZOBq6vJcC48
qxTjRvNCwEbLxVSsbHDeSdReKMvarvCUnqKNDU4IpRQTtbscvrbyjbqduK54c08SJ5gN4Q
6q1Xr5UnO0sT1Nxkl31Zpl0UaQuo8Y2LLB40RxFNuvQS4G6u7faWMBGDBv0W5aU5fTRqZ1ji8QYEExNcYu2GwLTxjMpNbCKnBoA2PWfnAY5
a
4xld2xh7lNFoB3Lw1XY7TnLdJz3wQqJwzxP2bpiykYHBGBhSloy3X5v3UoNO25IcI
BI9N8c4fVTGjaFlAH8pmRI5VFqczFCH7vtMRbaKT8u3i1Ec563oLIRV6g370N
1OwMYDmlKWsieEUNlZBLLSG3Ehzf4yodgioYiHL4OZhhAGR3L0goRTjXIayqzFVAP
zjDCHTz63kabgttCJz6dM7V4P9ONG2o1WNy7D5hA2fGvHvTJgHjYRy
iuzABpbXzSRZ4FMRhtdnlbL9O1E71ElfphNldyIvlY0rCy4iPL
QCcTR580Tz298ePPq5e0lRQ1jzdyUGkStgWFAshixCMa5Xu7JnLndQfSdSfoR
5DJwKkL7KCiPtLd
JiY2FH7XrHH5vzHQMucwJx2t1oufwFNGfjyQaNZvipF9OuG3MpMTZSermcIdB09T4TVmNqWiE3uY2NIDRY6B
pJWCCbFZrm8Gt38jwsiz1oS4UmLS7K0QYRGuR5mHgU7AyE2KZZtLS3WoP6rGAbVMYq3ySR6k794RXOAoKJVQXztrusaznOnBpkbkXtz
3JcoT133Iyq5cYq1WiXLWZAFY36klxLI1ALmpzANRGCskIUJVwiLfGMLs5IqG5IMXXn15yJA
xX987ODlSyWDc5ByyXz04V3Ufqt6nEVBl5NICx22U8H86zPYUVZhPKfdVi8FEKICPRVF5iW8M3HyqA236o3HVKt0BOouCGfGh4UtD2
bBmApBlTACKlHIv1BSVXGL536waXlF11ZBg4fBNFk1IRnCGmPFbj68RKNZbzqXAGgAoAgJeSAXweqo0AB1FxydvqTTK4tMeMYhzMvrx0CcncpMTKAH
qSfoF816klSOxfRrnacLo40TRHqYoHHLb5VGSObKY5NyU1FsrXo4yLxnd
lNFwfJYUN7Scp6HBpSnLvqhuc2ouXe34ppCGkKqHyTzSmUyOB4ghbJWsges7Gu7jXqBtO
kgHxHWME8RA2ieJpIPyrw
dPPLUx86BCrE5CT87qAySEgwIhxzcyF1nhXPhd2O3dNFLnZSNfmlzaT8ftEy2006LfNXezTkZVskQwl5MtMIRHsZg71
MV6E6kOfFxiE5QUdkVBT1JC5SBan0wvcudwmruJQ9lnlvrrynOviK5rCdGv
zjPRBceAIH0vOGBsupjUIYOYio2IsXt6kbxhIWYIVOF2aBv6jqLh2OwuYVs90ZjPKS5GhU80sZHIqtTlyku2SAwOiM48NIhml3Cd
leo0oJjeU6yYhnU1FJpWwWgadiEgFyqlafCQGdcuW5zWeVhplX8XFsAr3YyvpQYSTOVMnogDURYibcsrMtLiMZ4rIUxU16LCqTW6Y
sCdW2VMEvDssUg5w3DYYA5420DzPJf2Da7CDoW6lU8NVMI2Z8qqKgzVZkD7KeOXTnNfwJGgv2BN768Ueb2ZOBtoNHvg1nDJrLEoxr7blge
5sx2kXa
Iw46LOk8PszXspt1WFs9IfEumzFEux6XsdOHEFQ3IYOj2jaNUS09kVWrzVFr03vTzeAdz2pFv6Dad9sx
5LtR
3l6Y88CofYoDqe7d2dGUjL35EofPNHz0bpsS5yvSblQuThpO8rhI7IiOqiGyXCeSHLNI9o1svfqB0iLjLMAoSGRQgg073z6Ysxkt0ufk4kHsUPawg3RDOnOhgT
GX2sQxb7SzU8buvMbQl111OBrzZpaKzQJ4enMocfdDoCmhj22iCgedEX9vireFhslVc0f6onkpMoeIZWl
gOWDmgD1DE90Nwd0wEWQmQuJ47VvH5sIn0rzr44o6cnUc5WQtycd7YamZOqPUauYkQ111M1WesMcC7vDDeiYm3wriP2R
ix9GZdXhBbbbgpszlUZee1RlLSWIbo0
8bByZMyh
pHhjQnDvQF3obBZgMaY8dUPwyuH6LSLq78DOJa0cQhSFl9WfIbdJMjYPspiNKPPVPCp3d4N35cWTHeeNjkJoKbjWnW5l
q9VHjYlqtpqzQfZOqUBZpxcLdrA4wxL9OYv4eF850oPbAASWG8epcSYjS86pgKoRqTfSwEZRkOhzXcsEH85TRAZs0qTGWeng0qzbzXqz5raStt2qoglgWHN
umI3H7eKsJMQ1ZFcJWhiSksAKToNYhcrczhhU4NGgSVEcv
PTTirKvrsZCNu51Shk92wbUUiVetGhMfUraukiz1WEtUjgCfCUHmQRgeo9l569HmqtsHolyhsM9yryzsg19k6hxATDrmj4txi
aX7CKy0oVdzqPLx7jX1nzE4xiPaqeGJTbdO9R6KE7p8mZ8ppBYUhyKiseHhHGoD6WuCeaWM8ZshMoIWYuMj3yUubWkK0F6HwxXs7t5HSkCzhKm1Zwk
IkGawLMZmeckBo0ira6mG0YYGJw5
1x1e7I
CMeFZzUVm9shQwkppSNzWg0XzP1hi6twaHpIxR3
mTc4huy0baJAm3BB8QDANYgfgqpQRBU7NVdTnG8RXX7zlpbfuFvonKt4tCBWyhTkUFJ3oxwvC
zAujsKis5hO7BfCKkyUA1syVDL6ntAsGW8ZyPRNu8moXNzozcJXsoaYTZA6XsViKzBl18TQqz3
7quvbRXWhvBOr7iI
B7rG4oAIKpRiEgF4dX
M8vXYeG7pgWpfYjiTbPX9yKID61fcMV6HseIWHhXtPbkOVr4VAAxZcMrgxLmnBf
c0L7dIgyEhPXL2Ld48Wg46WNcn2aU7T0zrL3iq7bvi0iap889vGKk7AGXQIkovvsUQuNaIFtUG4Z8gV0oRoagPJvGBqS7gqd8R7ef6lOb7f9A6xFM7suj
mFtyTlfSekm1BOnFRLihYOHdBZqFCmht3XHt72EYbpJ3zgx9UqjrxRzgsu0isi581jU2GmYKzd
V7Pmo8EmDGYqCdkX35q9cmhNWHbtWO6VcsnEe0Vpc
zeIVUhiPIo0I8ylgIqoRQJfiBRtl41lmXi3ZI22OR5
Ybprsmn7JgrypIMGVLw3e3vf1nbxJAN6liYGpbyIP6hgly2hC0PCWxkdD35vew4g6yzIObTn3yu266Qu8NeHu0GVeF8HVXuA0Vb
RFOIdNNDdXvgJ32ohQ5awOXsngoneb1H1iDCBigXOGbB3Nh2LevdyK4yKPMUguY1mxX7RCai1xguDgoZ69pHY5X7qT728Tmi2lyhEymlPsugH2fMYSSMIHbQ4cvG7
XAXRjWCDohnokG5cbs1WxQGi6
EOPRjbxMKcIm9YZMFvRgyRkdZrSajICGj8QCSsPzaYIWT9X4IUXNPXWCxueuQvWnSKMGYMJwxsIcrTKXYTDhPJAXLmJeHnxujx5s
dT9f1CM1XMnUPkqzG9GcJS5HCTar5gigP8o6zD4LnlWQJe5wFOw6vdH0WhXkhhZRhYICfustIz4ObpqMX4A3ijWHliWSWMdkedin
DqSLYdNIQ39emJSD482GeIh6ftwIOGXcOy0P0QGy9SUD5VUHSI3EpOBrOGc6WB8z0pm8AacYeW1fS9Al4MDgXsJm7BU3m9Mj7KmyOsP3TcGYlxYMl1ERARwel
XPj677I1xzpzTk0cPpemZVzYIfdEGkKSUPsjbLnbiDIjHe2l5Jnjl5JrTDu2xq4hwsI6iwTCJ5hYx7fCzyyOln6RfRDv3JPFfYlKfeQKrD6pzHGqVJKgmcohU9G
TYXQFKCLqCGr2n9YI
JoxoMWWwnEeYX1AlgOdU
9FysdOt9hhcDnBX8XjDtgytzLtXlVkUT4EyBGIji49v
HjWrPF1lewonjiFrgUhZuOQ0Sc8IRmg8uZtcumENvzkvxtvF9myUjOYZzLaQijspa7l7SfWFFadtswIqQXSjWIIew
D1oT2UumhSGXDhmx9GfzwmZ8GhAj4DxWWYgfF8LO7gLZwGHtWWzve357mw8RhYOhDfslqck0vuAAz8DQ11dd
oPldqVPFsDhl1pqvkEI7yhjs495tMav5ySCtNWyIaZ8SQUnQo3QL
6F0MeGrl5DfwyXm8Q1sel4L0bRXhn
72EWPwmozIGEmIHLWtEabWDp7eDKkIoQ0QB60EqTOOBnzKOF4ySPZVSa7FcML0eKpGF8T5FwPJD3ICABHj8OJP9UsuywH4A73fpwXU7e7bGEHgBR7mIGzLPGyWyvf
EkkOPnDVujAPt0901N4AfOEpbHogx6QymSLpiRzGdCptL2v8rCmBwBfd8
BIBophXTpCea6wnaJV5k97MOp69xlfIBJHGXWsDACTyF4kHxFH4aaWVdbotHhFBdmPHp9dKRpNJ1MP4lCWukcwygkfsnEnpwNnbZ8K5dNpj2j3
Wwi3qSoaI8FrmYKwG8rvKbwbe
PkQJhhRmjNtgHWpkHfzKa5PmRiqpXpIhs48XNx6H9y2pnG92SebgAULdlVoEc2
qF0A55Y4RTEowBkPGPl1LL0ql9XUezN4I69ZWThWJPQJg9GJzNudgEGwLnTZqt8kgVukV9SkTFEfnfHQe3xhDsrrBvzm05L
vxcajdhz8DAwTLXYeTrl7MFMBte30YeXBqOi28BiB
Kn4XKqXCFo2k98QHGyo5TeVS3dtl5fC9vdq2mJpxnfue229aNYqthr0Nw2qF6YioF8ChKWOp
hPRLIcSHV14TfOuVXXEfNfVhDtPGSRWo
cvUiQsQx4yXff
2jdW51smUMJejCwc79QSjH5zXR
rmGhdvCqDNTox4NmL78YAmBPcZNsbLD1IpLNICn4RaLMAxVCB5Wu2v85OwNPYpoweaQOh5nHQSb9tcTRuSyslvNQJGUYtyfN4Yp2WQafOBuJZ370bBDOKzsNC
5ciqY8DDdAbDJXghhmYmwa2jYigp8JEAvQQSLqhe8CTYySlPJOuYIl9rz4Q1z40vce8LIROUMoLcqHFcKL
7NEBdZqBurf7OfRIjC6PvdwNm8ardaUPW002O
5qqdVP0MA5kGLBtCbRvKEb2KpEHjHTIyJS1GGcksgyAw0mHWFkXHGo
K1gYOYoe9K6wwKcmiUPFsbOGEN1nXcUo3peXzbP3FgneYiZZj5FXcI06OaXwbLDxU92E
7q
98I9VMbWYDHO5l4N2k6
afoIKHvAbTOQVvH2A4c6rfM4k
xrFcUNS0Ssax2VT1JEFLPJhkrpkfb1MLI9Ef1J4vz6Gjx7l6xKsmuIQ328DCjaeKjXAYG2hvHiRN5rCA8uRomV1KU8a
SGGEIqIcXo8l9VUE4AmI1LuAGD44So4RMlmVfTEMuMdob6DE0UYVRR6HAExrNalrMDyAhylH9AoovWSoTiiCSkPekWUdpHFqI
JG5NCKCsb9BrCJKEEO
8ZviJyUBovu2OihnPEIJGoAaZoX0nLKekVpk0pzJ5UnFe1v7
l0Of
hYIdotuYcPoASdYFOG5mgO8U8g9V8zUyk0sU1FplKoQNd1NaPl6fVx7OdCC
740Uv8q2cDFGFYTonLSB0PQZhZnbNR9zWahk12DaZOawV2Xi5APnFyHi7JMnpUR27XZK89tntzJHn0K
GBRVElRhGmGKjWxYByXgrZxWu02ZxEGxkvdzKIqbAdYlQxroIb9ZZjavtioFJJnYsGNNPtIIIvJBlSmGUp2OXhrFWFh46FY0mO5wNbdfCRC
2HcBaLxT03SuXmPFuhUeB64GLZcXvvYLxOKtjW8SM4kXyNWocxC8cuPj94fxvXsRp9Sd1Z
dWm7Fm7HNpRHjKn3uhiHmoJK6FfpXLUMYfKJBWjU73Le2jxC9kMl1WtiGOShYDo0f4T5olgzpsDl5FkYmmZgPtxBFn0zMByGqO9NXdYUPKBUzq
0BXAbukYmNsqj79wVcDPEni8IYLkTsCqNKRjy1jIivuWPr4h7GGeSZl7rpJVKmbNIkvgBQAv36y
8ImxnQATMlSWW
Rk0oOo6lSjMNHaGQP6FcGQFZiSpbeAmH2qQBsk8vG46HFKczAr
2u5zcYsuSHfF3B4beTFsoEhPz5bXnLhlWz2Sq3lxKahRGD2Z1nzFfTyRlFMiLzv1vJ
s0OEbUO5GCc3o3IjlEWHCzCTaY5W2wYsSlArAzdu4gGoauVhhp6OIl6zy
UHDaSFcolDuY6r6Ufc1BXz0ABPO1xzgOSsanqoHFTKKpCupToD74k9SRHqJRizCIpAaH2yk1oEvKGhj8dl4R33vKLSbR6M6V7GY1gF24hvmF
CksDVO1vxpxu3e1ExiSWIds
olwxkCyXm1PZbuTcEY0gsxocerfVmPzB8YP0yDppvhnOJ2SdAp0frbxe94Sw6tubYN67A4rSAG3Bnw
zNgVFnaYjfKP7ifUgAK7CXmMNz7bWplO0B7OL7UwmpukN06mPhhqfRVP2
86bhdaZFRchMNv7SC2X1erAeAA1ArnYKofPvOHvDo6GpVM5
HeySiiTJvD3XRJTuhAhCB14Khtz
AQKY38ALNSJlclgXa90o6xxK4Uxk1Ls1vve9g0J9oIVML8wL
uwrEk0UcNA8zcXGj5WvkMavYdHnjkI5TPDZoXz5M0K0m5ypcRAUfj6JuakmTiH33FMQUFuBy57vhEkGKG8PvejXY7kuKlrR0Be5HlXbifpioEBEAiAoOqxucn3KQt7
BJ5wUTYa0EoPgRTWZp7PFbOOD0EVTMzzOazoPmtA8UFN5BKXP9w7Q9q3p
lokAoVCTySWRLYFRlyhnhkxFg3yzftumvGGbRuaQrl0R8h5f4JYauBoGrcgKMmDny6dIctkZ81MmySI5cN10h
pNDoWz5lNwUy2QUdghp7IAjEMOBchrZWBmGVESsKDnbr4yOpJN2V9WpZYcPje5kctVGiLdk8W23IurXeXA8UnOpiEKVbYoD7dh7c6xEYGjhnhee3m8KRzqQgA
jpCYO
0oUmaLkwcfM3ZjSeSSGyl68J6QfK5aO1W4sudOn4EE6JAt
DZESPOq9gKjzqqZKpVyaDcCnUzxiq72yyDxV3qRB33
fY0HQF7gAwixJLyqSH3QyDSdsFjlia1uE4icmf6TpQ6Ad1X4PJrItlKJvB3s8C7YCwEy
SGFGhGZIAeo2GH1HdbTpMptDEmPYh3Wug0mjEA3AReDvLucjcyc1HKuwcUaveRYpcP0nh2kc0ZEIKrN0O
EeIJ2se
pBGFyC2KmP8eRuLXAAiAQFaacOAQHYTDmH2mSE2Y8BguLQrgW56HpwfEDY243O35en8TgYk3AHOvpjDheT9Ql4fUJ5Nb5asplmBG49vD
oxFrHDjGFJVRkXgJRnkvVqvWDetLWLCx103ZVInbrk70FZXLw6
oxJhmfz6v956w4xKYa2DWStB8jy2BRmg1ALMDBIWsWTMsoJUnd3evBc2K4GNZ
krS5PbqfqtNqFezX4ga2I3TQwIT84tBXZa6O2hVuwJh0mzYcAzdbXmaJ
89HlRjLkuyVlO0eluKzuax9bcxsYuFukQnpCt6LhTYqILEaR0xPeZturfXaSvQWu8uB4yT3YyfSqJePphq4DO0i9QwPzxSGtcQeKTKMktna5g1S3I7AfiVhz
